<html>
<body>
<pre>
<h1>µVision Build Log</h1>
<h2>Tool Versions:</h2>
IDE-Version: ¶ÃVision V5.14.0.0
Copyright (C) 2015 ARM Ltd and ARM Germany GmbH. All rights reserved.
License Information: tang ASUS, hdu, LIC=W9645-GMYF1-LUP4M-X2Q94-Z0PQC-DJNJH
 
Tool Versions:
Toolchain:       MDK-ARM Professional  Version: 5.14.0.0
Toolchain Path:  C:\Keil_v5\ARM\ARMCC\Bin
C Compiler:      Armcc.exe V5.05 update 1 (build 106)
Assembler:       Armasm.exe V5.05 update 1 (build 106)
Linker/Locator:  ArmLink.exe V5.05 update 1 (build 106)
Library Manager: ArmAr.exe V5.05 update 1 (build 106)
Hex Converter:   FromElf.exe V5.05 update 1 (build 106)
CPU DLL:         SARMCM3.DLL V5.14.0.0
Dialog DLL:      DCM.DLL V1.13.1.0
Target DLL:      Segger\JL2CM3.dll V2.99.13.0
Dialog DLL:      TCM.DLL V1.14.4.0
 
<h2>Project:</h2>
E:\º§π‚≤‚æ‡\LaserRangefinder_V6\Code\LaserRanging\USER\USART.uvprojx
Project File Date:  05/25/2020

<h2>Output:</h2>
Build target 'USART'
compiling main.c...
main.c(784): warning:  #177-D: variable "cpu_sr" was declared but never referenced
        OS_CPU_SR cpu_sr=0;
main.c(786): warning:  #177-D: variable "measure_data" was declared but never referenced
        result measure_data;
main.c(791): warning:  #177-D: variable "time_ps_detect" was declared but never referenced
        INT32U time_ps_detect;//ÃΩ≤‚„–÷µ≤‚¡ø ˝æ›
main.c: 3 warnings, 0 errors
linking...
Program Size: Code=28760 RO-data=856 RW-data=180 ZI-data=9412  
FromELF: creating hex file...
"..\OBJ\USART.axf" - 0 Error(s), 3 Warning(s).

<h2>Collection of Component include folders:</h2>
  E:\º§π‚≤‚æ‡\LaserRangefinder_V6\Code\LaserRanging\USER\RTE
  C:\Keil_v5\ARM\PACK\Keil\STM32F1xx_DFP\1.0.5\Device\Include

<h2>Collection of Component Files used:</h2>
</pre>
</body>
</html>
