Component: ARM Compiler 5.05 update 1 (build 106) Tool: armlink [4d0efa]

==============================================================================

Section Cross References

    main.o(.text) refers to _printf_percent.o(.ARM.Collect$$_printf_percent$$00000000) for _printf_percent
    main.o(.text) refers to _printf_d.o(.ARM.Collect$$_printf_percent$$00000009) for _printf_d
    main.o(.text) refers to _printf_dec.o(.text) for _printf_int_dec
    main.o(.text) refers to _printf_f.o(.ARM.Collect$$_printf_percent$$00000003) for _printf_f
    main.o(.text) refers to printf1.o(x$fpl$printf1) for _printf_fp_dec
    main.o(.text) refers to _printf_pad.o(.text) for _printf_pre_padding
    main.o(.text) refers to dflt_clz.o(x$fpl$dfltu) for __aeabi_ui2d
    main.o(.text) refers to ddiv.o(x$fpl$ddiv) for __aeabi_ddiv
    main.o(.text) refers to dmul.o(x$fpl$dmul) for __aeabi_dmul
    main.o(.text) refers to dleqf.o(x$fpl$dleqf) for __aeabi_cdcmple
    main.o(.text) refers to daddsub_clz.o(x$fpl$dsub) for __aeabi_dsub
    main.o(.text) refers to drleqf.o(x$fpl$drleqf) for __aeabi_cdrcmple
    main.o(.text) refers to os_cpu_a.o(.text) for OS_CPU_SR_Save
    main.o(.text) refers to tlv5636.o(.text) for setDacValueBin
    main.o(.text) refers to delay.o(.text) for delay_ms
    main.o(.text) refers to os_q.o(.text) for OSQPend
    main.o(.text) refers to tdc_gpx2.o(.text) for tdc_measure_group
    main.o(.text) refers to wdg.o(.text) for IWDG_Feed
    main.o(.text) refers to agc.o(.data) for ADC_ConvertedValue
    main.o(.text) refers to main.o(.data) for ADC_Value
    main.o(.text) refers to main.o(.bss) for ans_buf
    main.o(.text) refers to dfixu.o(x$fpl$dfixu) for __aeabi_d2uiz
    main.o(.text) refers to daddsub_clz.o(x$fpl$drsb) for __aeabi_drsub
    main.o(.text) refers to daddsub_clz.o(x$fpl$dadd) for __aeabi_dadd
    main.o(.text) refers to dflt_clz.o(x$fpl$dflt) for __aeabi_i2d
    main.o(.text) refers to os_task.o(.text) for OSTaskSuspend
    main.o(.text) refers to noretval__2printf.o(.text) for __2printf
    main.o(.text) refers to main.o(.constdata) for LEVEL
    main.o(.text) refers to stm32f10x_usart.o(.text) for USART_GetFlagStatus
    main.o(.text) refers to stm32f10x_gpio.o(.text) for GPIO_ReadInputDataBit
    main.o(.text) refers to misc.o(.text) for NVIC_PriorityGroupConfig
    main.o(.text) refers to usart.o(.text) for uart_init
    main.o(.text) refers to tpl0202.o(.text) for tpl0202_init
    main.o(.text) refers to key.o(.text) for KEY_Init
    main.o(.text) refers to agc.o(.text) for agc_init
    main.o(.text) refers to laser.o(.text) for laser_init
    main.o(.text) refers to os_core.o(.text) for OSInit
    system_stm32f10x.o(.text) refers to system_stm32f10x.o(.data) for SystemCoreClock
    timer.o(.text) refers to stm32f10x_rcc.o(.text) for RCC_APB1PeriphClockCmd
    timer.o(.text) refers to stm32f10x_tim.o(.text) for TIM_TimeBaseInit
    timer.o(.text) refers to misc.o(.text) for NVIC_Init
    spi.o(.text) refers to stm32f10x_rcc.o(.text) for RCC_APB2PeriphClockCmd
    spi.o(.text) refers to stm32f10x_gpio.o(.text) for GPIO_Init
    spi.o(.text) refers to delay.o(.text) for delay_us
    tdc_gpx2.o(.text) refers to stm32f10x_rcc.o(.text) for RCC_APB2PeriphClockCmd
    tdc_gpx2.o(.text) refers to stm32f10x_gpio.o(.text) for GPIO_Init
    tdc_gpx2.o(.text) refers to spi.o(.text) for spi_init
    tdc_gpx2.o(.text) refers to laser.o(.text) for laser_plus
    tdc_gpx2.o(.text) refers to delay.o(.text) for delay_ms
    tdc_gpx2.o(.text) refers to os_cpu_a.o(.text) for OS_CPU_SR_Save
    tdc_gpx2.o(.text) refers to tdc_gpx2.o(.data) for config_error
    tdc_gpx2.o(.text) refers to tdc_gpx2.o(.constdata) for config_register
    laser.o(.text) refers to stm32f10x_rcc.o(.text) for RCC_APB2PeriphClockCmd
    laser.o(.text) refers to stm32f10x_gpio.o(.text) for GPIO_Init
    laser.o(.text) refers to stm32f10x_pwr.o(.text) for PWR_BackupAccessCmd
    laser.o(.text) refers to stm32f10x_bkp.o(.text) for BKP_TamperPinCmd
    laser.o(.text) refers to delay.o(.text) for delay_ms
    laser.o(.text) refers to laser.o(.data) for test_var
    oled.o(.text) refers to stm32f10x_gpio.o(.text) for GPIO_SetBits
    oled.o(.text) refers to stm32f10x_rcc.o(.text) for RCC_APB2PeriphClockCmd
    oled.o(.text) refers to delay.o(.text) for delay_ms
    oled.o(.text) refers to oled.o(.constdata) for F8X16
    oled.o(.text) refers to oled.o(.data) for Hzk
    tpl0202.o(.text) refers to stm32f10x_rcc.o(.text) for RCC_APB2PeriphClockCmd
    tpl0202.o(.text) refers to stm32f10x_gpio.o(.text) for GPIO_Init
    tpl0202.o(.text) refers to delay.o(.text) for delay_us
    tlv5636.o(.text) refers to stm32f10x_rcc.o(.text) for RCC_APB2PeriphClockCmd
    tlv5636.o(.text) refers to stm32f10x_gpio.o(.text) for GPIO_Init
    tlv5636.o(.text) refers to delay.o(.text) for delay_us
    agc.o(.text) refers to stm32f10x_rcc.o(.text) for RCC_APB2PeriphClockCmd
    agc.o(.text) refers to stm32f10x_gpio.o(.text) for GPIO_Init
[...]
    _printf_input_char                       0x08005d9d   Thumb Code    10  _printf_char_common.o(.text)
    .text                                    0x08005dcc   Section        0  _printf_fp_infnan.o(.text)
    .text                                    0x08005e4c   Section        0  bigflt0.o(.text)
    .text                                    0x08005f28   Section        0  ferror.o(.text)
    .text                                    0x08005f30   Section        8  libspace.o(.text)
    .text                                    0x08005f38   Section       74  sys_stackheap_outer.o(.text)
    .text                                    0x08005f82   Section        0  exit.o(.text)
    .text                                    0x08005f90   Section      128  strcmpv7m.o(.text)
    CL$$btod_d2e                             0x08006010   Section       62  btod.o(CL$$btod_d2e)
    CL$$btod_d2e_denorm_low                  0x0800604e   Section       70  btod.o(CL$$btod_d2e_denorm_low)
    CL$$btod_d2e_norm_op1                    0x08006094   Section       96  btod.o(CL$$btod_d2e_norm_op1)
    CL$$btod_div_common                      0x080060f4   Section      824  btod.o(CL$$btod_div_common)
    CL$$btod_e2e                             0x0800642c   Section      198  btod.o(CL$$btod_e2e)
    CL$$btod_ediv                            0x080064f2   Section       40  btod.o(CL$$btod_ediv)
    CL$$btod_emul                            0x0800651a   Section       40  btod.o(CL$$btod_emul)
    CL$$btod_mult_common                     0x08006542   Section      580  btod.o(CL$$btod_mult_common)
    i.__ARM_fpclassify                       0x08006786   Section        0  fpclassify.o(i.__ARM_fpclassify)
    i._is_digit                              0x080067ae   Section        0  __printf_wp.o(i._is_digit)
    locale$$code                             0x080067bc   Section       44  lc_numeric_c.o(locale$$code)
    x$fpl$dadd                               0x080067e8   Section      336  daddsub_clz.o(x$fpl$dadd)
    _dadd1                                   0x080067f9   Thumb Code     0  daddsub_clz.o(x$fpl$dadd)
    x$fpl$dcmpinf                            0x08006938   Section       24  dcmpi.o(x$fpl$dcmpinf)
    x$fpl$ddiv                               0x08006950   Section      688  ddiv.o(x$fpl$ddiv)
    ddiv_entry                               0x08006957   Thumb Code     0  ddiv.o(x$fpl$ddiv)
    x$fpl$dfixu                              0x08006c00   Section       90  dfixu.o(x$fpl$dfixu)
    x$fpl$dflt                               0x08006c5a   Section       46  dflt_clz.o(x$fpl$dflt)
    x$fpl$dfltu                              0x08006c88   Section       38  dflt_clz.o(x$fpl$dfltu)
    x$fpl$dleqf                              0x08006cb0   Section      120  dleqf.o(x$fpl$dleqf)
    x$fpl$dmul                               0x08006d28   Section      340  dmul.o(x$fpl$dmul)
    x$fpl$dnaninf                            0x08006e7c   Section      156  dnaninf.o(x$fpl$dnaninf)
    x$fpl$dretinf                            0x08006f18   Section       12  dretinf.o(x$fpl$dretinf)
    x$fpl$drleqf                             0x08006f24   Section      108  drleqf.o(x$fpl$drleqf)
    x$fpl$drsb                               0x08006f90   Section       22  daddsub_clz.o(x$fpl$drsb)
    x$fpl$dsub                               0x08006fa8   Section      468  daddsub_clz.o(x$fpl$dsub)
    _dsub1                                   0x08006fb9   Thumb Code     0  daddsub_clz.o(x$fpl$dsub)
    x$fpl$printf1                            0x0800717c   Section        4  printf1.o(x$fpl$printf1)
    .constdata                               0x08007180   Section       24  main.o(.constdata)
    x$fpl$usenofp                            0x08007180   Section        0  usenofp.o(x$fpl$usenofp)
    .constdata                               0x08007198   Section       46  tdc_gpx2.o(.constdata)
    .constdata                               0x080071c6   Section      256  os_core.o(.constdata)
    .constdata                               0x080072c6   Section       17  __printf_flags_wp.o(.constdata)
    maptable                                 0x080072c6   Data          17  __printf_flags_wp.o(.constdata)
    .constdata                               0x080072d8   Section      148  bigflt0.o(.constdata)
    tenpwrs_x                                0x080072d8   Data          60  bigflt0.o(.constdata)
    tenpwrs_i                                0x08007314   Data          64  bigflt0.o(.constdata)
    locale$$data                             0x0800738c   Section       28  lc_numeric_c.o(locale$$data)
    __lcnum_c_name                           0x08007390   Data           2  lc_numeric_c.o(locale$$data)
    __lcnum_c_start                          0x08007398   Data           0  lc_numeric_c.o(locale$$data)
    __lcnum_c_point                          0x080073a4   Data           0  lc_numeric_c.o(locale$$data)
    __lcnum_c_thousands                      0x080073a6   Data           0  lc_numeric_c.o(locale$$data)
    __lcnum_c_grouping                       0x080073a7   Data           0  lc_numeric_c.o(locale$$data)
    __lcnum_c_end                            0x080073a8   Data           0  lc_numeric_c.o(locale$$data)
    .data                                    0x20000000   Section       48  main.o(.data)
    ADC_Value                                0x20000020   Data           8  main.o(.data)
    err                                      0x20000028   Data           8  main.o(.data)
    .data                                    0x20000030   Section       20  system_stm32f10x.o(.data)
    .data                                    0x20000044   Section        1  tdc_gpx2.o(.data)
    .data                                    0x20000048   Section        4  laser.o(.data)
    .data                                    0x2000004c   Section        2  agc.o(.data)
    .data                                    0x2000004e   Section        1  key.o(.data)
    key_up                                   0x2000004e   Data           1  key.o(.data)
    .data                                    0x20000050   Section        4  delay.o(.data)
    fac_us                                   0x20000050   Data           1  delay.o(.data)
    fac_ms                                   0x20000052   Data           2  delay.o(.data)
    .data                                    0x20000054   Section        6  usart.o(.data)
    .data                                    0x2000005a   Section       20  stm32f10x_rcc.o(.data)
    APBAHBPrescTable                         0x2000005a   Data          16  stm32f10x_rcc.o(.data)
    ADCPrescTable                            0x2000006a   Data           4  stm32f10x_rcc.o(.data)
    .data                                    0x20000070   Section       76  os_core.o(.data)
    .bss                                     0x200000c0   Section     5280  main.o(.bss)
    .bss                                     0x20001560   Section      200  usart.o(.bss)
    .bss                                     0x20001628   Section     2808  os_core.o(.bss)
    .bss                                     0x20002120   Section       96  libspace.o(.bss)
    HEAP                                     0x20002180   Section      512  startup_stm32f10x_hd.o(HEAP)
    Heap_Mem                                 0x20002180   Data         512  startup_stm32f10x_hd.o(HEAP)
    STACK                                    0x20002380   Section     1024  startup_stm32f10x_hd.o(STACK)
    Stack_Mem                                0x20002380   Data        1024  startup_stm32f10x_hd.o(STACK)
    __initial_sp                             0x20002780   Data           0  startup_stm32f10x_hd.o(STACK)

    Global Symbols

    Symbol Name                              Value     Ov Type        Size  Object(Section)

    BuildAttributes$$THM_ISAv4$P$D$K$B$S$PE$A:L22UL41UL21$X:L11$S22US41US21$IEEE1$IW$USESV6$~STKCKD$USESV7$~SHL$OTIME$ROPI$IEEEJ$EBA8$UX$STANDARDLIB$REQ8$PRES8$EABIv2 0x00000000   Number         0  anon$$obj.o ABSOLUTE
    __ARM_use_no_argv                        0x00000000   Number         0  main.o ABSOLUTE
    _printf_flags                            0x00000000   Number         0  printf_stubs.o ABSOLUTE
    _printf_return_value                     0x00000000   Number         0  printf_stubs.o ABSOLUTE
    _printf_sizespec                         0x00000000   Number         0  printf_stubs.o ABSOLUTE
    _printf_widthprec                        0x00000000   Number         0  printf_stubs.o ABSOLUTE
    __ARM_exceptions_init                     - Undefined Weak Reference
    __alloca_initialize                       - Undefined Weak Reference
    __arm_preinit_                            - Undefined Weak Reference
    __cpp_initialize__aeabi_                  - Undefined Weak Reference
    __cxa_finalize                            - Undefined Weak Reference
    __sigvec_lookup                           - Undefined Weak Reference
    _atexit_init                              - Undefined Weak Reference
    _call_atexit_fns                          - Undefined Weak Reference
    _clock_init                               - Undefined Weak Reference
    _fp_trap_init                             - Undefined Weak Reference
    _fp_trap_shutdown                         - Undefined Weak Reference
    _get_lc_collate                           - Undefined Weak Reference
    _get_lc_ctype                             - Undefined Weak Reference
    _get_lc_monetary                          - Undefined Weak Reference
    _get_lc_time                              - Undefined Weak Reference
    _getenv_init                              - Undefined Weak Reference
    _handle_redirection                       - Undefined Weak Reference
    _init_alloc                               - Undefined Weak Reference
    _init_user_alloc                          - Undefined Weak Reference
    _initio                                   - Undefined Weak Reference
    _mutex_acquire                            - Undefined Weak Reference
    _mutex_release                            - Undefined Weak Reference
    _printf_truncate_signed                   - Undefined Weak Reference
    _printf_truncate_unsigned                 - Undefined Weak Reference
    _rand_init                                - Undefined Weak Reference
    _signal_finish                            - Undefined Weak Reference
    _signal_init                              - Undefined Weak Reference
    _terminate_alloc                          - Undefined Weak Reference
    _terminate_user_alloc                     - Undefined Weak Reference
    _terminateio                              - Undefined Weak Reference
    __Vectors_Size                           0x00000130   Number         0  startup_stm32f10x_hd.o ABSOLUTE
    __Vectors                                0x08000000   Data           4  startup_stm32f10x_hd.o(RESET)
    __Vectors_End                            0x08000130   Data           0  startup_stm32f10x_hd.o(RESET)
    __main                                   0x08000131   Thumb Code     8  __main.o(!!!main)
    __scatterload                            0x08000139   Thumb Code     0  __scatter.o(!!!scatter)
    __scatterload_rt2                        0x08000139   Thumb Code    44  __scatter.o(!!!scatter)
    __scatterload_rt2_thumb_only             0x08000139   Thumb Code     0  __scatter.o(!!!scatter)
    __scatterload_null                       0x08000147   Thumb Code     0  __scatter.o(!!!scatter)
    __scatterload_copy                       0x0800016d   Thumb Code    26  __scatter_copy.o(!!handler_copy)
    __scatterload_zeroinit                   0x08000189   Thumb Code    28  __scatter_zi.o(!!handler_zi)
    _printf_f                                0x080001a5   Thumb Code     0  _printf_f.o(.ARM.Collect$$_printf_percent$$00000003)
    _printf_percent                          0x080001a5   Thumb Code     0  _printf_percent.o(.ARM.Collect$$_printf_percent$$00000000)
    _printf_d                                0x080001ab   Thumb Code     0  _printf_d.o(.ARM.Collect$$_printf_percent$$00000009)
    _printf_percent_end                      0x080001b1   Thumb Code     0  _printf_percent_end.o(.ARM.Collect$$_printf_percent$$00000017)
    __rt_lib_init                            0x080001b5   Thumb Code     0  libinit.o(.ARM.Collect$$libinit$$00000000)
    __rt_lib_init_fp_1                       0x080001b7   Thumb Code     0  libinit2.o(.ARM.Collect$$libinit$$00000002)
    __rt_lib_init_heap_1                     0x080001b7   Thumb Code     0  libinit2.o(.ARM.Collect$$libinit$$0000000A)
    __rt_lib_init_lc_common                  0x080001b7   Thumb Code     0  libinit2.o(.ARM.Collect$$libinit$$0000000F)
    __rt_lib_init_preinit_1                  0x080001b7   Thumb Code     0  libinit2.o(.ARM.Collect$$libinit$$00000004)
    __rt_lib_init_rand_1                     0x080001b7   Thumb Code     0  libinit2.o(.ARM.Collect$$libinit$$0000000E)
    __rt_lib_init_user_alloc_1               0x080001b7   Thumb Code     0  libinit2.o(.ARM.Collect$$libinit$$0000000C)
    __rt_lib_init_lc_collate_1               0x080001bd   Thumb Code     0  libinit2.o(.ARM.Collect$$libinit$$00000011)
    __rt_lib_init_lc_ctype_1                 0x080001bd   Thumb Code     0  libinit2.o(.ARM.Collect$$libinit$$00000013)
    __rt_lib_init_lc_monetary_1              0x080001bd   Thumb Code     0  libinit2.o(.ARM.Collect$$libinit$$00000015)
    __rt_lib_init_lc_numeric_2               0x080001bd   Thumb Code     0  libinit2.o(.ARM.Collect$$libinit$$00000016)
    __rt_lib_init_alloca_1                   0x080001c7   Thumb Code     0  libinit2.o(.ARM.Collect$$libinit$$0000002E)
    __rt_lib_init_argv_1                     0x080001c7   Thumb Code     0  libinit2.o(.ARM.Collect$$libinit$$0000002C)
    __rt_lib_init_atexit_1                   0x080001c7   Thumb Code     0  libinit2.o(.ARM.Collect$$libinit$$0000001B)
    __rt_lib_init_clock_1                    0x080001c7   Thumb Code     0  libinit2.o(.ARM.Collect$$libinit$$00000021)
    __rt_lib_init_cpp_1                      0x080001c7   Thumb Code     0  libinit2.o(.ARM.Collect$$libinit$$00000032)
    __rt_lib_init_exceptions_1               0x080001c7   Thumb Code     0  libinit2.o(.ARM.Collect$$libinit$$00000030)
    __rt_lib_init_fp_trap_1                  0x080001c7   Thumb Code     0  libinit2.o(.ARM.Collect$$libinit$$0000001F)
    __rt_lib_init_getenv_1                   0x080001c7   Thumb Code     0  libinit2.o(.ARM.Collect$$libinit$$00000023)
    __rt_lib_init_lc_numeric_1               0x080001c7   Thumb Code     0  libinit2.o(.ARM.Collect$$libinit$$00000017)
    __rt_lib_init_lc_time_1                  0x080001c7   Thumb Code     0  libinit2.o(.ARM.Collect$$libinit$$00000019)
    __rt_lib_init_return                     0x080001c7   Thumb Code     0  libinit2.o(.ARM.Collect$$libinit$$00000033)
    __rt_lib_init_signal_1                   0x080001c7   Thumb Code     0  libinit2.o(.ARM.Collect$$libinit$$0000001D)
    __rt_lib_init_stdio_1                    0x080001c7   Thumb Code     0  libinit2.o(.ARM.Collect$$libinit$$00000025)
    __rt_lib_shutdown                        0x080001c9   Thumb Code     0  libshutdown.o(.ARM.Collect$$libshutdown$$00000000)
    __rt_lib_shutdown_fp_trap_1              0x080001cb   Thumb Code     0  libshutdown2.o(.ARM.Collect$$libshutdown$$00000006)
    __rt_lib_shutdown_heap_1                 0x080001cb   Thumb Code     0  libshutdown2.o(.ARM.Collect$$libshutdown$$0000000E)
    __rt_lib_shutdown_return                 0x080001cb   Thumb Code     0  libshutdown2.o(.ARM.Collect$$libshutdown$$0000000F)
    __rt_lib_shutdown_signal_1               0x080001cb   Thumb Code     0  libshutdown2.o(.ARM.Collect$$libshutdown$$00000009)
    __rt_lib_shutdown_stdio_1                0x080001cb   Thumb Code     0  libshutdown2.o(.ARM.Collect$$libshutdown$$00000003)
    __rt_lib_shutdown_user_alloc_1           0x080001cb   Thumb Code     0  libshutdown2.o(.ARM.Collect$$libshutdown$$0000000B)
    __rt_entry                               0x080001cd   Thumb Code     0  __rtentry.o(.ARM.Collect$$rtentry$$00000000)
    __rt_entry_presh_1                       0x080001cd   Thumb Code     0  __rtentry2.o(.ARM.Collect$$rtentry$$00000002)
    __rt_entry_sh                            0x080001cd   Thumb Code     0  __rtentry4.o(.ARM.Collect$$rtentry$$00000004)
    __rt_entry_li                            0x080001d3   Thumb Code     0  __rtentry2.o(.ARM.Collect$$rtentry$$0000000A)
    __rt_entry_postsh_1                      0x080001d3   Thumb Code     0  __rtentry2.o(.ARM.Collect$$rtentry$$00000009)
    __rt_entry_main                          0x080001d7   Thumb Code     0  __rtentry2.o(.ARM.Collect$$rtentry$$0000000D)
    __rt_entry_postli_1                      0x080001d7   Thumb Code     0  __rtentry2.o(.ARM.Collect$$rtentry$$0000000C)
    __rt_exit                                0x080001df   Thumb Code     0  rtexit.o(.ARM.Collect$$rtexit$$00000000)
    __rt_exit_ls                             0x080001e1   Thumb Code     0  rtexit2.o(.ARM.Collect$$rtexit$$00000003)
    __rt_exit_prels_1                        0x080001e1   Thumb Code     0  rtexit2.o(.ARM.Collect$$rtexit$$00000002)
    __rt_exit_exit                           0x080001e5   Thumb Code     0  rtexit2.o(.ARM.Collect$$rtexit$$00000004)
    agc_control                              0x080001ed   Thumb Code   278  main.o(.text)
    agc_task                                 0x08000303   Thumb Code    18  main.o(.text)
    partiton_time_data                       0x08000315   Thumb Code   148  main.o(.text)
    q_sort_time_data                         0x080003a9   Thumb Code    46  main.o(.text)
    quick_sort_time_data                     0x080003d7   Thumb Code    18  main.o(.text)
    handle_task                              0x080003e9   Thumb Code   216  main.o(.text)
    create_time_data                         0x080004c1   Thumb Code    14  main.o(.text)
    gen_task                                 0x080004cf   Thumb Code   500  main.o(.text)
    dou_ch_data                              0x080006c3   Thumb Code    98  main.o(.text)
    my_log                                   0x08000725   Thumb Code   226  main.o(.text)
    multi_thread_adj                         0x08000807   Thumb Code   242  main.o(.text)
    master_task                              0x080008f9   Thumb Code   902  main.o(.text)
    start_task                               0x08000c7f   Thumb Code   130  main.o(.text)
    out_mode_set                             0x08000d01   Thumb Code    34  main.o(.text)
    main                                     0x08000d23   Thumb Code   154  main.o(.text)
    ch_data_dou                              0x08000dbd   Thumb Code    62  main.o(.text)
    ch_data_u32                              0x08000dfb   Thumb Code    22  main.o(.text)
    u32_dou                                  0x08000e11   Thumb Code    54  main.o(.text)
    dou_u32                                  0x08000e47   Thumb Code    36  main.o(.text)
    print_ch_data                            0x08000e6b   Thumb Code    36  main.o(.text)
    print_int_data                           0x08000e8f   Thumb Code    26  main.o(.text)
    partiton_int_data                        0x08000ea9   Thumb Code   228  main.o(.text)
    q_sort_int_data                          0x08000f8d   Thumb Code    46  main.o(.text)
    quick_sort_int_data                      0x08000fbb   Thumb Code    18  main.o(.text)
    NMI_Handler                              0x08000fcd   Thumb Code     2  stm32f10x_it.o(.text)
    HardFault_Handler                        0x08000fcf   Thumb Code     4  stm32f10x_it.o(.text)
    MemManage_Handler                        0x08000fd3   Thumb Code     4  stm32f10x_it.o(.text)
    BusFault_Handler                         0x08000fd7   Thumb Code     4  stm32f10x_it.o(.text)
    UsageFault_Handler                       0x08000fdb   Thumb Code     4  stm32f10x_it.o(.text)
    SVC_Handler                              0x08000fdf   Thumb Code     2  stm32f10x_it.o(.text)
    DebugMon_Handler                         0x08000fe1   Thumb Code     2  stm32f10x_it.o(.text)
    SystemInit                               0x080010c3   Thumb Code    78  system_stm32f10x.o(.text)
    SystemCoreClockUpdate                    0x08001111   Thumb Code   142  system_stm32f10x.o(.text)
    spi_init                                 0x080011c5   Thumb Code    86  spi.o(.text)
    send_byte_to_SPI                         0x0800121b   Thumb Code    62  spi.o(.text)
    read_byte_from_SPI                       0x08001259   Thumb Code    64  spi.o(.text)
    tdc_init                                 0x080012a5   Thumb Code    74  tdc_gpx2.o(.text)
    tdc_config                               0x080012ef   Thumb Code   156  tdc_gpx2.o(.text)
    tdc_measure                              0x0800138b   Thumb Code   268  tdc_gpx2.o(.text)
    tdc_measure_group                        0x08001497   Thumb Code   188  tdc_gpx2.o(.text)
    laser_init                               0x08001569   Thumb Code   150  laser.o(.text)
    gpioc_to_io                              0x080015ff   Thumb Code    70  laser.o(.text)
    nop                                      0x08001645   Thumb Code     2  laser.o(.text)
    laser_plus                               0x08001647   Thumb Code    22  laser.o(.text)
    laser_on                                 0x0800165d   Thumb Code    42  laser.o(.text)
    tpl0202_init                             0x080016ad   Thumb Code    88  tpl0202.o(.text)
    send_spi_16                              0x08001705   Thumb Code   110  tpl0202.o(.text)
    T_send_spi_16                            0x08001773   Thumb Code   118  tpl0202.o(.text)
    T_write_wa                               0x080017e9   Thumb Code    14  tpl0202.o(.text)
    T_write_wb                               0x080017f7   Thumb Code    14  tpl0202.o(.text)
    write_wa                                 0x08001805   Thumb Code    26  tpl0202.o(.text)
    write_wb                                 0x0800181f   Thumb Code    26  tpl0202.o(.text)
    write_nva                                0x08001839   Thumb Code    26  tpl0202.o(.text)
    write_nvb                                0x08001853   Thumb Code    26  tpl0202.o(.text)
    copy_both_nv_to_wr                       0x0800186d   Thumb Code    26  tpl0202.o(.text)
    copy_both_wr_to_nv                       0x08001887   Thumb Code    26  tpl0202.o(.text)
    tlv5636_init                             0x080018b9   Thumb Code    78  tlv5636.o(.text)
    tlv5636SendData16                        0x08001907   Thumb Code   116  tlv5636.o(.text)
    setRefValue                              0x0800197b   Thumb Code    24  tlv5636.o(.text)
    setDacValueBin                           0x08001993   Thumb Code    26  tlv5636.o(.text)
    agc_init                                 0x080019b9   Thumb Code    42  agc.o(.text)
    adc_init                                 0x080019e3   Thumb Code   248  agc.o(.text)
    KEY_Init                                 0x08001af1   Thumb Code    32  key.o(.text)
    KEY_Scan                                 0x08001b11   Thumb Code    78  key.o(.text)
    IWDG_Init                                0x08001b69   Thumb Code    36  wdg.o(.text)
    IWDG_Feed                                0x08001b8d   Thumb Code     8  wdg.o(.text)
    delay_osschedlock                        0x08001b95   Thumb Code     8  delay.o(.text)
    delay_osschedunlock                      0x08001b9d   Thumb Code     8  delay.o(.text)
    delay_ostimedly                          0x08001ba5   Thumb Code    12  delay.o(.text)
    SysTick_Handler                          0x08001bb1   Thumb Code    24  delay.o(.text)
    delay_init                               0x08001bc9   Thumb Code    76  delay.o(.text)
    delay_us                                 0x08001c15   Thumb Code    86  delay.o(.text)
    delay_ms                                 0x08001c6b   Thumb Code    66  delay.o(.text)
    _sys_exit                                0x08001cc5   Thumb Code     6  usart.o(.text)
    fputc                                    0x08001ccb   Thumb Code    24  usart.o(.text)
    uart_init                                0x08001ce3   Thumb Code   162  usart.o(.text)
    USART1_IRQHandler                        0x08001d85   Thumb Code   130  usart.o(.text)
    Reset_Handler                            0x08001e19   Thumb Code     8  startup_stm32f10x_hd.o(.text)
    ADC1_2_IRQHandler                        0x08001e33   Thumb Code     0  startup_stm32f10x_hd.o(.text)
    ADC3_IRQHandler                          0x08001e33   Thumb Code     0  startup_stm32f10x_hd.o(.text)
    CAN1_RX1_IRQHandler                      0x08001e33   Thumb Code     0  startup_stm32f10x_hd.o(.text)
    CAN1_SCE_IRQHandler                      0x08001e33   Thumb Code     0  startup_stm32f10x_hd.o(.text)
    DMA1_Channel1_IRQHandler                 0x08001e33   Thumb Code     0  startup_stm32f10x_hd.o(.text)
    DMA1_Channel2_IRQHandler                 0x08001e33   Thumb Code     0  startup_stm32f10x_hd.o(.text)
    DMA1_Channel3_IRQHandler                 0x08001e33   Thumb Code     0  startup_stm32f10x_hd.o(.text)
    DMA1_Channel4_IRQHandler                 0x08001e33   Thumb Code     0  startup_stm32f10x_hd.o(.text)
    DMA1_Channel5_IRQHandler                 0x08001e33   Thumb Code     0  startup_stm32f10x_hd.o(.text)
    DMA1_Channel6_IRQHandler                 0x08001e33   Thumb Code     0  startup_stm32f10x_hd.o(.text)
    DMA1_Channel7_IRQHandler                 0x08001e33   Thumb Code     0  startup_stm32f10x_hd.o(.text)
    DMA2_Channel1_IRQHandler                 0x08001e33   Thumb Code     0  startup_stm32f10x_hd.o(.text)
    DMA2_Channel2_IRQHandler                 0x08001e33   Thumb Code     0  startup_stm32f10x_hd.o(.text)
    DMA2_Channel3_IRQHandler                 0x08001e33   Thumb Code     0  startup_stm32f10x_hd.o(.text)
    DMA2_Channel4_5_IRQHandler               0x08001e33   Thumb Code     0  startup_stm32f10x_hd.o(.text)
    EXTI0_IRQHandler                         0x08001e33   Thumb Code     0  startup_stm32f10x_hd.o(.text)
    EXTI15_10_IRQHandler                     0x08001e33   Thumb Code     0  startup_stm32f10x_hd.o(.text)
    EXTI1_IRQHandler                         0x08001e33   Thumb Code     0  startup_stm32f10x_hd.o(.text)
    EXTI2_IRQHandler                         0x08001e33   Thumb Code     0  startup_stm32f10x_hd.o(.text)
    EXTI3_IRQHandler                         0x08001e33   Thumb Code     0  startup_stm32f10x_hd.o(.text)
    EXTI4_IRQHandler                         0x08001e33   Thumb Code     0  startup_stm32f10x_hd.o(.text)
    EXTI9_5_IRQHandler                       0x08001e33   Thumb Code     0  startup_stm32f10x_hd.o(.text)
    FLASH_IRQHandler                         0x08001e33   Thumb Code     0  startup_stm32f10x_hd.o(.text)
    FSMC_IRQHandler                          0x08001e33   Thumb Code     0  startup_stm32f10x_hd.o(.text)
    I2C1_ER_IRQHandler                       0x08001e33   Thumb Code     0  startup_stm32f10x_hd.o(.text)
    I2C1_EV_IRQHandler                       0x08001e33   Thumb Code     0  startup_stm32f10x_hd.o(.text)
    I2C2_ER_IRQHandler                       0x08001e33   Thumb Code     0  startup_stm32f10x_hd.o(.text)
    I2C2_EV_IRQHandler                       0x08001e33   Thumb Code     0  startup_stm32f10x_hd.o(.text)
    PVD_IRQHandler                           0x08001e33   Thumb Code     0  startup_stm32f10x_hd.o(.text)
    RCC_IRQHandler                           0x08001e33   Thumb Code     0  startup_stm32f10x_hd.o(.text)
    RTCAlarm_IRQHandler                      0x08001e33   Thumb Code     0  startup_stm32f10x_hd.o(.text)
    RTC_IRQHandler                           0x08001e33   Thumb Code     0  startup_stm32f10x_hd.o(.text)
    SDIO_IRQHandler                          0x08001e33   Thumb Code     0  startup_stm32f10x_hd.o(.text)
    SPI1_IRQHandler                          0x08001e33   Thumb Code     0  startup_stm32f10x_hd.o(.text)
    SPI2_IRQHandler                          0x08001e33   Thumb Code     0  startup_stm32f10x_hd.o(.text)
    SPI3_IRQHandler                          0x08001e33   Thumb Code     0  startup_stm32f10x_hd.o(.text)
    TAMPER_IRQHandler                        0x08001e33   Thumb Code     0  startup_stm32f10x_hd.o(.text)
    TIM1_BRK_IRQHandler                      0x08001e33   Thumb Code     0  startup_stm32f10x_hd.o(.text)
    TIM1_CC_IRQHandler                       0x08001e33   Thumb Code     0  startup_stm32f10x_hd.o(.text)
    TIM1_TRG_COM_IRQHandler                  0x08001e33   Thumb Code     0  startup_stm32f10x_hd.o(.text)
    TIM1_UP_IRQHandler                       0x08001e33   Thumb Code     0  startup_stm32f10x_hd.o(.text)
    TIM2_IRQHandler                          0x08001e33   Thumb Code     0  startup_stm32f10x_hd.o(.text)
    TIM3_IRQHandler                          0x08001e33   Thumb Code     0  startup_stm32f10x_hd.o(.text)
    TIM4_IRQHandler                          0x08001e33   Thumb Code     0  startup_stm32f10x_hd.o(.text)
    TIM5_IRQHandler                          0x08001e33   Thumb Code     0  startup_stm32f10x_hd.o(.text)
    TIM6_IRQHandler                          0x08001e33   Thumb Code     0  startup_stm32f10x_hd.o(.text)
    TIM7_IRQHandler                          0x08001e33   Thumb Code     0  startup_stm32f10x_hd.o(.text)
    TIM8_BRK_IRQHandler                      0x08001e33   Thumb Code     0  startup_stm32f10x_hd.o(.text)
    TIM8_CC_IRQHandler                       0x08001e33   Thumb Code     0  startup_stm32f10x_hd.o(.text)
    TIM8_TRG_COM_IRQHandler                  0x08001e33   Thumb Code     0  startup_stm32f10x_hd.o(.text)
    TIM8_UP_IRQHandler                       0x08001e33   Thumb Code     0  startup_stm32f10x_hd.o(.text)
    UART4_IRQHandler                         0x08001e33   Thumb Code     0  startup_stm32f10x_hd.o(.text)
    UART5_IRQHandler                         0x08001e33   Thumb Code     0  startup_stm32f10x_hd.o(.text)
    USART2_IRQHandler                        0x08001e33   Thumb Code     0  startup_stm32f10x_hd.o(.text)
    USART3_IRQHandler                        0x08001e33   Thumb Code     0  startup_stm32f10x_hd.o(.text)
    USBWakeUp_IRQHandler                     0x08001e33   Thumb Code     0  startup_stm32f10x_hd.o(.text)
    USB_HP_CAN1_TX_IRQHandler                0x08001e33   Thumb Code     0  startup_stm32f10x_hd.o(.text)
    USB_LP_CAN1_RX0_IRQHandler               0x08001e33   Thumb Code     0  startup_stm32f10x_hd.o(.text)
    WWDG_IRQHandler                          0x08001e33   Thumb Code     0  startup_stm32f10x_hd.o(.text)
    __user_initial_stackheap                 0x08001e35   Thumb Code     0  startup_stm32f10x_hd.o(.text)
    NVIC_PriorityGroupConfig                 0x08001e59   Thumb Code    10  misc.o(.text)
    NVIC_Init                                0x08001e63   Thumb Code   100  misc.o(.text)
    NVIC_SetVectorTable                      0x08001ec7   Thumb Code    14  misc.o(.text)
    NVIC_SystemLPConfig                      0x08001ed5   Thumb Code    34  misc.o(.text)
    SysTick_CLKSourceConfig                  0x08001ef7   Thumb Code    40  misc.o(.text)
    GPIO_DeInit                              0x08001f35   Thumb Code   172  stm32f10x_gpio.o(.text)
    GPIO_AFIODeInit                          0x08001fe1   Thumb Code    20  stm32f10x_gpio.o(.text)
    GPIO_Init                                0x08001ff5   Thumb Code   278  stm32f10x_gpio.o(.text)
    GPIO_StructInit                          0x0800210b   Thumb Code    16  stm32f10x_gpio.o(.text)
    GPIO_ReadInputDataBit                    0x0800211b   Thumb Code    18  stm32f10x_gpio.o(.text)
    GPIO_ReadInputData                       0x0800212d   Thumb Code     8  stm32f10x_gpio.o(.text)
    GPIO_ReadOutputDataBit                   0x08002135   Thumb Code    18  stm32f10x_gpio.o(.text)
    GPIO_ReadOutputData                      0x08002147   Thumb Code     8  stm32f10x_gpio.o(.text)
    GPIO_SetBits                             0x0800214f   Thumb Code     4  stm32f10x_gpio.o(.text)
    GPIO_ResetBits                           0x08002153   Thumb Code     4  stm32f10x_gpio.o(.text)
    GPIO_WriteBit                            0x08002157   Thumb Code    10  stm32f10x_gpio.o(.text)
    GPIO_Write                               0x08002161   Thumb Code     4  stm32f10x_gpio.o(.text)
    GPIO_PinLockConfig                       0x08002165   Thumb Code    18  stm32f10x_gpio.o(.text)
    GPIO_EventOutputConfig                   0x08002177   Thumb Code    26  stm32f10x_gpio.o(.text)
    GPIO_EventOutputCmd                      0x08002191   Thumb Code     6  stm32f10x_gpio.o(.text)
    GPIO_PinRemapConfig                      0x08002197   Thumb Code   138  stm32f10x_gpio.o(.text)
    GPIO_EXTILineConfig                      0x08002221   Thumb Code    66  stm32f10x_gpio.o(.text)
    GPIO_ETH_MediaInterfaceConfig            0x08002263   Thumb Code     8  stm32f10x_gpio.o(.text)
    RCC_DeInit                               0x08002291   Thumb Code    64  stm32f10x_rcc.o(.text)
    RCC_HSEConfig                            0x080022d1   Thumb Code    70  stm32f10x_rcc.o(.text)
    RCC_GetFlagStatus                        0x08002317   Thumb Code    56  stm32f10x_rcc.o(.text)
    RCC_WaitForHSEStartUp                    0x0800234f   Thumb Code    56  stm32f10x_rcc.o(.text)
    RCC_AdjustHSICalibrationValue            0x08002387   Thumb Code    20  stm32f10x_rcc.o(.text)
    RCC_HSICmd                               0x0800239b   Thumb Code     6  stm32f10x_rcc.o(.text)
    RCC_PLLConfig                            0x080023a1   Thumb Code    24  stm32f10x_rcc.o(.text)
    RCC_PLLCmd                               0x080023b9   Thumb Code     6  stm32f10x_rcc.o(.text)
    RCC_SYSCLKConfig                         0x080023bf   Thumb Code    18  stm32f10x_rcc.o(.text)
    RCC_GetSYSCLKSource                      0x080023d1   Thumb Code    10  stm32f10x_rcc.o(.text)
    RCC_HCLKConfig                           0x080023db   Thumb Code    18  stm32f10x_rcc.o(.text)
    RCC_PCLK1Config                          0x080023ed   Thumb Code    18  stm32f10x_rcc.o(.text)
    RCC_PCLK2Config                          0x080023ff   Thumb Code    20  stm32f10x_rcc.o(.text)
    RCC_ITConfig                             0x08002413   Thumb Code    26  stm32f10x_rcc.o(.text)
    RCC_USBCLKConfig                         0x0800242d   Thumb Code     8  stm32f10x_rcc.o(.text)
    RCC_ADCCLKConfig                         0x08002435   Thumb Code    18  stm32f10x_rcc.o(.text)
    RCC_LSEConfig                            0x08002447   Thumb Code    50  stm32f10x_rcc.o(.text)
    RCC_LSICmd                               0x08002479   Thumb Code     6  stm32f10x_rcc.o(.text)
    RCC_RTCCLKConfig                         0x0800247f   Thumb Code    12  stm32f10x_rcc.o(.text)
    RCC_RTCCLKCmd                            0x0800248b   Thumb Code     8  stm32f10x_rcc.o(.text)
    RCC_GetClocksFreq                        0x08002493   Thumb Code   192  stm32f10x_rcc.o(.text)
    RCC_AHBPeriphClockCmd                    0x08002553   Thumb Code    26  stm32f10x_rcc.o(.text)
    RCC_APB2PeriphClockCmd                   0x0800256d   Thumb Code    26  stm32f10x_rcc.o(.text)
    RCC_APB1PeriphClockCmd                   0x08002587   Thumb Code    26  stm32f10x_rcc.o(.text)
    RCC_APB2PeriphResetCmd                   0x080025a1   Thumb Code    26  stm32f10x_rcc.o(.text)
    RCC_APB1PeriphResetCmd                   0x080025bb   Thumb Code    26  stm32f10x_rcc.o(.text)
    RCC_BackupResetCmd                       0x080025d5   Thumb Code     8  stm32f10x_rcc.o(.text)
    RCC_ClockSecuritySystemCmd               0x080025dd   Thumb Code     6  stm32f10x_rcc.o(.text)
    RCC_MCOConfig                            0x080025e3   Thumb Code     6  stm32f10x_rcc.o(.text)
    RCC_ClearFlag                            0x080025e9   Thumb Code    14  stm32f10x_rcc.o(.text)
    RCC_GetITStatus                          0x080025f7   Thumb Code    20  stm32f10x_rcc.o(.text)
    RCC_ClearITPendingBit                    0x0800260b   Thumb Code     6  stm32f10x_rcc.o(.text)
    USART_DeInit                             0x08002635   Thumb Code   134  stm32f10x_usart.o(.text)
    USART_Init                               0x080026bb   Thumb Code   210  stm32f10x_usart.o(.text)
    USART_StructInit                         0x0800278d   Thumb Code    24  stm32f10x_usart.o(.text)
    USART_ClockInit                          0x080027a5   Thumb Code    34  stm32f10x_usart.o(.text)
    USART_ClockStructInit                    0x080027c7   Thumb Code    12  stm32f10x_usart.o(.text)
    USART_Cmd                                0x080027d3   Thumb Code    24  stm32f10x_usart.o(.text)
    USART_ITConfig                           0x080027eb   Thumb Code    74  stm32f10x_usart.o(.text)
    USART_DMACmd                             0x08002835   Thumb Code    18  stm32f10x_usart.o(.text)
    USART_SetAddress                         0x08002847   Thumb Code    18  stm32f10x_usart.o(.text)
    USART_WakeUpConfig                       0x08002859   Thumb Code    18  stm32f10x_usart.o(.text)
    USART_ReceiverWakeUpCmd                  0x0800286b   Thumb Code    24  stm32f10x_usart.o(.text)
    USART_LINBreakDetectLengthConfig         0x08002883   Thumb Code    18  stm32f10x_usart.o(.text)
    USART_LINCmd                             0x08002895   Thumb Code    24  stm32f10x_usart.o(.text)
    USART_SendData                           0x080028ad   Thumb Code     8  stm32f10x_usart.o(.text)
    USART_ReceiveData                        0x080028b5   Thumb Code    10  stm32f10x_usart.o(.text)
    USART_SendBreak                          0x080028bf   Thumb Code    10  stm32f10x_usart.o(.text)
    USART_SetGuardTime                       0x080028c9   Thumb Code    16  stm32f10x_usart.o(.text)
    USART_SetPrescaler                       0x080028d9   Thumb Code    16  stm32f10x_usart.o(.text)
    USART_SmartCardCmd                       0x080028e9   Thumb Code    24  stm32f10x_usart.o(.text)
    USART_SmartCardNACKCmd                   0x08002901   Thumb Code    24  stm32f10x_usart.o(.text)
    USART_HalfDuplexCmd                      0x08002919   Thumb Code    24  stm32f10x_usart.o(.text)
    USART_OverSampling8Cmd                   0x08002931   Thumb Code    22  stm32f10x_usart.o(.text)
    USART_OneBitMethodCmd                    0x08002947   Thumb Code    24  stm32f10x_usart.o(.text)
    USART_IrDAConfig                         0x0800295f   Thumb Code    18  stm32f10x_usart.o(.text)
    USART_IrDACmd                            0x08002971   Thumb Code    24  stm32f10x_usart.o(.text)
    USART_GetFlagStatus                      0x08002989   Thumb Code    26  stm32f10x_usart.o(.text)
    USART_ClearFlag                          0x080029a3   Thumb Code    18  stm32f10x_usart.o(.text)
    USART_GetITStatus                        0x080029b5   Thumb Code    84  stm32f10x_usart.o(.text)
    USART_ClearITPendingBit                  0x08002a09   Thumb Code    52  stm32f10x_usart.o(.text)
    PWR_DeInit                               0x08002a3d   Thumb Code    22  stm32f10x_pwr.o(.text)
    PWR_BackupAccessCmd                      0x08002a53   Thumb Code     6  stm32f10x_pwr.o(.text)
    PWR_PVDCmd                               0x08002a59   Thumb Code     6  stm32f10x_pwr.o(.text)
    PWR_PVDLevelConfig                       0x08002a5f   Thumb Code    18  stm32f10x_pwr.o(.text)
    PWR_WakeUpPinCmd                         0x08002a71   Thumb Code     8  stm32f10x_pwr.o(.text)
    PWR_EnterSTOPMode                        0x08002a79   Thumb Code    54  stm32f10x_pwr.o(.text)
    PWR_EnterSTANDBYMode                     0x08002aaf   Thumb Code    42  stm32f10x_pwr.o(.text)
    PWR_GetFlagStatus                        0x08002ad9   Thumb Code    20  stm32f10x_pwr.o(.text)
    PWR_ClearFlag                            0x08002aed   Thumb Code    14  stm32f10x_pwr.o(.text)
    BKP_DeInit                               0x08002b09   Thumb Code    16  stm32f10x_bkp.o(.text)
    BKP_TamperPinLevelConfig                 0x08002b19   Thumb Code     6  stm32f10x_bkp.o(.text)
    BKP_TamperPinCmd                         0x08002b1f   Thumb Code     8  stm32f10x_bkp.o(.text)
    BKP_ITConfig                             0x08002b27   Thumb Code     8  stm32f10x_bkp.o(.text)
    BKP_RTCOutputConfig                      0x08002b2f   Thumb Code    22  stm32f10x_bkp.o(.text)
    BKP_SetRTCCalibrationValue               0x08002b45   Thumb Code    22  stm32f10x_bkp.o(.text)
    BKP_WriteBackupRegister                  0x08002b5b   Thumb Code    24  stm32f10x_bkp.o(.text)
    BKP_ReadBackupRegister                   0x08002b73   Thumb Code    26  stm32f10x_bkp.o(.text)
    BKP_GetFlagStatus                        0x08002b8d   Thumb Code    10  stm32f10x_bkp.o(.text)
    BKP_ClearFlag                            0x08002b97   Thumb Code    18  stm32f10x_bkp.o(.text)
    BKP_GetITStatus                          0x08002ba9   Thumb Code    10  stm32f10x_bkp.o(.text)
    BKP_ClearITPendingBit                    0x08002bb3   Thumb Code    18  stm32f10x_bkp.o(.text)
    ADC_DeInit                               0x08002bcd   Thumb Code    78  stm32f10x_adc.o(.text)
    ADC_Init                                 0x08002c1b   Thumb Code    70  stm32f10x_adc.o(.text)
    ADC_StructInit                           0x08002c61   Thumb Code    18  stm32f10x_adc.o(.text)
    ADC_Cmd                                  0x08002c73   Thumb Code    22  stm32f10x_adc.o(.text)
    ADC_DMACmd                               0x08002c89   Thumb Code    22  stm32f10x_adc.o(.text)
    ADC_ITConfig                             0x08002c9f   Thumb Code    24  stm32f10x_adc.o(.text)
    ADC_ResetCalibration                     0x08002cb7   Thumb Code    10  stm32f10x_adc.o(.text)
    ADC_GetResetCalibrationStatus            0x08002cc1   Thumb Code    20  stm32f10x_adc.o(.text)
    ADC_StartCalibration                     0x08002cd5   Thumb Code    10  stm32f10x_adc.o(.text)
    ADC_GetCalibrationStatus                 0x08002cdf   Thumb Code    20  stm32f10x_adc.o(.text)
    ADC_SoftwareStartConvCmd                 0x08002cf3   Thumb Code    22  stm32f10x_adc.o(.text)
    ADC_GetSoftwareStartConvStatus           0x08002d09   Thumb Code    20  stm32f10x_adc.o(.text)
    ADC_DiscModeChannelCountConfig           0x08002d1d   Thumb Code    24  stm32f10x_adc.o(.text)
    ADC_DiscModeCmd                          0x08002d35   Thumb Code    22  stm32f10x_adc.o(.text)
    ADC_RegularChannelConfig                 0x08002d4b   Thumb Code   184  stm32f10x_adc.o(.text)
    ADC_ExternalTrigConvCmd                  0x08002e03   Thumb Code    22  stm32f10x_adc.o(.text)
    ADC_GetConversionValue                   0x08002e19   Thumb Code     8  stm32f10x_adc.o(.text)
    ADC_GetDualModeConversionValue           0x08002e21   Thumb Code     8  stm32f10x_adc.o(.text)
    ADC_AutoInjectedConvCmd                  0x08002e29   Thumb Code    22  stm32f10x_adc.o(.text)
    ADC_InjectedDiscModeCmd                  0x08002e3f   Thumb Code    22  stm32f10x_adc.o(.text)
    ADC_ExternalTrigInjectedConvConfig       0x08002e55   Thumb Code    16  stm32f10x_adc.o(.text)
    ADC_ExternalTrigInjectedConvCmd          0x08002e65   Thumb Code    22  stm32f10x_adc.o(.text)
    ADC_SoftwareStartInjectedConvCmd         0x08002e7b   Thumb Code    22  stm32f10x_adc.o(.text)
    ADC_GetSoftwareStartInjectedConvCmdStatus 0x08002e91   Thumb Code    20  stm32f10x_adc.o(.text)
    ADC_InjectedChannelConfig                0x08002ea5   Thumb Code   130  stm32f10x_adc.o(.text)
    ADC_InjectedSequencerLengthConfig        0x08002f27   Thumb Code    24  stm32f10x_adc.o(.text)
    ADC_SetInjectedOffset                    0x08002f3f   Thumb Code    20  stm32f10x_adc.o(.text)
    ADC_GetInjectedConversionValue           0x08002f53   Thumb Code    28  stm32f10x_adc.o(.text)
    ADC_AnalogWatchdogCmd                    0x08002f6f   Thumb Code    16  stm32f10x_adc.o(.text)
    ADC_AnalogWatchdogThresholdsConfig       0x08002f7f   Thumb Code     6  stm32f10x_adc.o(.text)
    ADC_AnalogWatchdogSingleChannelConfig    0x08002f85   Thumb Code    16  stm32f10x_adc.o(.text)
    ADC_TempSensorVrefintCmd                 0x08002f95   Thumb Code    64  stm32f10x_adc.o(.text)
    ADC_GetFlagStatus                        0x08002fd5   Thumb Code    18  stm32f10x_adc.o(.text)
    ADC_ClearFlag                            0x08002fe7   Thumb Code     6  stm32f10x_adc.o(.text)
    ADC_GetITStatus                          0x08002fed   Thumb Code    36  stm32f10x_adc.o(.text)
    ADC_ClearITPendingBit                    0x08003011   Thumb Code    10  stm32f10x_adc.o(.text)
    DMA_DeInit                               0x0800301d   Thumb Code   324  stm32f10x_dma.o(.text)
    DMA_Init                                 0x08003161   Thumb Code    60  stm32f10x_dma.o(.text)
    DMA_StructInit                           0x0800319d   Thumb Code    26  stm32f10x_dma.o(.text)
    DMA_Cmd                                  0x080031b7   Thumb Code    24  stm32f10x_dma.o(.text)
    DMA_ITConfig                             0x080031cf   Thumb Code    18  stm32f10x_dma.o(.text)
    DMA_SetCurrDataCounter                   0x080031e1   Thumb Code     4  stm32f10x_dma.o(.text)
    DMA_GetCurrDataCounter                   0x080031e5   Thumb Code     8  stm32f10x_dma.o(.text)
    DMA_GetFlagStatus                        0x080031ed   Thumb Code    40  stm32f10x_dma.o(.text)
    DMA_ClearFlag                            0x08003215   Thumb Code    22  stm32f10x_dma.o(.text)
    DMA_GetITStatus                          0x0800322b   Thumb Code    40  stm32f10x_dma.o(.text)
    DMA_ClearITPendingBit                    0x08003253   Thumb Code    22  stm32f10x_dma.o(.text)
    IWDG_WriteAccessCmd                      0x08003271   Thumb Code     6  stm32f10x_iwdg.o(.text)
    IWDG_SetPrescaler                        0x08003277   Thumb Code     6  stm32f10x_iwdg.o(.text)
    IWDG_SetReload                           0x0800327d   Thumb Code     6  stm32f10x_iwdg.o(.text)
    IWDG_ReloadCounter                       0x08003283   Thumb Code    10  stm32f10x_iwdg.o(.text)
    IWDG_Enable                              0x0800328d   Thumb Code    10  stm32f10x_iwdg.o(.text)
    IWDG_GetFlagStatus                       0x08003297   Thumb Code    20  stm32f10x_iwdg.o(.text)
    OS_TaskStatStkChk                        0x080032b1   Thumb Code    54  os_core.o(.text)
    OS_TaskStat                              0x080032e7   Thumb Code   116  os_core.o(.text)
    OS_TaskIdle                              0x0800338f   Thumb Code    34  os_core.o(.text)
    OS_MemClr                                0x080033e5   Thumb Code    18  os_core.o(.text)
    OSInit                                   0x08003503   Thumb Code    48  os_core.o(.text)
    OSIntEnter                               0x08003533   Thumb Code    28  os_core.o(.text)
    OSIntExit                                0x08003569   Thumb Code   112  os_core.o(.text)
    OSSchedLock                              0x080035d9   Thumb Code    50  os_core.o(.text)
    OS_Sched                                 0x0800360b   Thumb Code    88  os_core.o(.text)
    OSSchedUnlock                            0x08003663   Thumb Code   238  os_core.o(.text)
    OSStart                                  0x08003751   Thumb Code    48  os_core.o(.text)
    OSStatInit                               0x08003781   Thumb Code    62  os_core.o(.text)
    OSTimeTick                               0x080037bf   Thumb Code   210  os_core.o(.text)
    OSVersion                                0x08003891   Thumb Code     6  os_core.o(.text)
    OS_Dummy                                 0x08003897   Thumb Code     2  os_core.o(.text)
    OS_EventTaskRemove                       0x08003899   Thumb Code    42  os_core.o(.text)
    OS_EventTaskRdy                          0x080038c3   Thumb Code   114  os_core.o(.text)
    OS_EventTaskWait                         0x08003935   Thumb Code   112  os_core.o(.text)
    OS_EventWaitListInit                     0x080039a5   Thumb Code    28  os_core.o(.text)
    OS_MemCopy                               0x080039c1   Thumb Code    20  os_core.o(.text)
    OS_StrLen                                0x080039d5   Thumb Code    20  os_core.o(.text)
    OS_TCBInit                               0x080039e9   Thumb Code   280  os_core.o(.text)
    OSFlagAccept                             0x08003b45   Thumb Code   252  os_flag.o(.text)
    OSFlagCreate                             0x08003c41   Thumb Code    86  os_flag.o(.text)
    OS_FlagUnlink                            0x08003c97   Thumb Code    36  os_flag.o(.text)
    OSFlagDel                                0x08003d0d   Thumb Code   214  os_flag.o(.text)
    OSFlagNameGet                            0x08003de3   Thumb Code    80  os_flag.o(.text)
    OSFlagNameSet                            0x08003e33   Thumb Code    66  os_flag.o(.text)
    OSFlagPend                               0x08003f0d   Thumb Code   614  os_flag.o(.text)
    OSFlagPendGetFlagsRdy                    0x08004173   Thumb Code    26  os_flag.o(.text)
    OSFlagPost                               0x0800418d   Thumb Code   312  os_flag.o(.text)
    OSFlagQuery                              0x080042c5   Thumb Code    48  os_flag.o(.text)
    OS_FlagInit                              0x080042f5   Thumb Code    78  os_flag.o(.text)
    OSMemCreate                              0x08004351   Thumb Code   118  os_mem.o(.text)
    OSMemGet                                 0x080043c7   Thumb Code    62  os_mem.o(.text)
    OSMemNameGet                             0x08004405   Thumb Code    60  os_mem.o(.text)
    OSMemNameSet                             0x08004441   Thumb Code    48  os_mem.o(.text)
    OSMemPut                                 0x08004471   Thumb Code    54  os_mem.o(.text)
    OSMemQuery                               0x080044a7   Thumb Code    52  os_mem.o(.text)
    OS_MemInit                               0x080044db   Thumb Code    74  os_mem.o(.text)
    OSQAccept                                0x08004535   Thumb Code    88  os_q.o(.text)
    OSQCreate                                0x0800458d   Thumb Code   140  os_q.o(.text)
    OSQDel                                   0x08004619   Thumb Code   236  os_q.o(.text)
    OSQFlush                                 0x08004705   Thumb Code    36  os_q.o(.text)
    OSQPend                                  0x08004729   Thumb Code   272  os_q.o(.text)
    OSQPendAbort                             0x08004839   Thumb Code   128  os_q.o(.text)
    OSQPost                                  0x080048b9   Thumb Code   114  os_q.o(.text)
    OSQPostFront                             0x0800492b   Thumb Code   136  os_q.o(.text)
    OSQPostOpt                               0x080049b3   Thumb Code   182  os_q.o(.text)
    OSQQuery                                 0x08004a69   Thumb Code    98  os_q.o(.text)
    OS_QInit                                 0x08004acb   Thumb Code    72  os_q.o(.text)
    OSTaskChangePrio                         0x08004b1d   Thumb Code   308  os_task.o(.text)
    OSTaskCreate                             0x08004c51   Thumb Code   148  os_task.o(.text)
    OS_TaskStkClr                            0x08004ce5   Thumb Code    26  os_task.o(.text)
    OSTaskCreateExt                          0x08004cff   Thumb Code   170  os_task.o(.text)
    OSTaskDel                                0x08004da9   Thumb Code   294  os_task.o(.text)
    OSTaskDelReq                             0x08004ecf   Thumb Code   144  os_task.o(.text)
    OSTaskNameGet                            0x08004f5f   Thumb Code   114  os_task.o(.text)
    OSTaskNameSet                            0x08004fd1   Thumb Code    98  os_task.o(.text)
    OSTaskResume                             0x08005033   Thumb Code   154  os_task.o(.text)
    OSTaskStkChk                             0x080050cd   Thumb Code   132  os_task.o(.text)
    OSTaskSuspend                            0x08005151   Thumb Code   152  os_task.o(.text)
    OSTaskQuery                              0x080051e9   Thumb Code    82  os_task.o(.text)
    OSTaskRegGet                             0x0800523b   Thumb Code    60  os_task.o(.text)
    OSTaskRegSet                             0x08005277   Thumb Code    62  os_task.o(.text)
    OS_TaskReturn                            0x080052b5   Thumb Code    18  os_task.o(.text)
    OSTimeDly                                0x080052e1   Thumb Code   100  os_time.o(.text)
    OSTimeDlyHMSM                            0x08005345   Thumb Code    86  os_time.o(.text)
    OSTimeDlyResume                          0x0800539b   Thumb Code   168  os_time.o(.text)
    OSTimeGet                                0x08005443   Thumb Code    24  os_time.o(.text)
    OSTimeSet                                0x0800545b   Thumb Code    24  os_time.o(.text)
    OSInitHookBegin                          0x08005491   Thumb Code     2  os_cpu_c.o(.text)
    OSInitHookEnd                            0x08005493   Thumb Code     2  os_cpu_c.o(.text)
    OSTaskCreateHook                         0x08005495   Thumb Code     2  os_cpu_c.o(.text)
    OSTaskDelHook                            0x08005497   Thumb Code     2  os_cpu_c.o(.text)
    OSTaskIdleHook                           0x08005499   Thumb Code     2  os_cpu_c.o(.text)
    OSTaskStatHook                           0x0800549b   Thumb Code     2  os_cpu_c.o(.text)
    OSTaskStkInit                            0x0800549d   Thumb Code   154  os_cpu_c.o(.text)
    OSTaskSwHook                             0x08005537   Thumb Code     2  os_cpu_c.o(.text)
    OSTCBInitHook                            0x08005539   Thumb Code     2  os_cpu_c.o(.text)
    OSTimeTickHook                           0x0800553b   Thumb Code     2  os_cpu_c.o(.text)
    OSTaskReturnHook                         0x0800553d   Thumb Code     2  os_cpu_c.o(.text)
    OS_CPU_SR_Save                           0x08005541   Thumb Code     0  os_cpu_a.o(.text)
    OS_CPU_SR_Restore                        0x08005549   Thumb Code     0  os_cpu_a.o(.text)
    OSStartHighRdy                           0x0800554f   Thumb Code     0  os_cpu_a.o(.text)
    OSCtxSw                                  0x08005571   Thumb Code     0  os_cpu_a.o(.text)
    OSIntCtxSw                               0x0800557f   Thumb Code     0  os_cpu_a.o(.text)
    PendSV_Handler                           0x0800558f   Thumb Code     0  os_cpu_a.o(.text)
    __use_no_semihosting                     0x080055f5   Thumb Code     2  use_no_semi_2.o(.text)
    __2printf                                0x080055f9   Thumb Code    20  noretval__2printf.o(.text)
    _printf_pre_padding                      0x08005611   Thumb Code    44  _printf_pad.o(.text)
    _printf_post_padding                     0x0800563d   Thumb Code    34  _printf_pad.o(.text)
    _printf_int_dec                          0x08005661   Thumb Code   104  _printf_dec.o(.text)
    __printf                                 0x080056d9   Thumb Code   308  __printf_flags_wp.o(.text)
    __use_two_region_memory                  0x08005811   Thumb Code     2  heapauxi.o(.text)
    __rt_heap_escrow$2region                 0x08005813   Thumb Code     2  heapauxi.o(.text)
    __rt_heap_expand$2region                 0x08005815   Thumb Code     2  heapauxi.o(.text)
    __I$use$semihosting                      0x08005817   Thumb Code     0  use_no_semi.o(.text)
    __use_no_semihosting_swi                 0x08005817   Thumb Code     2  use_no_semi.o(.text)
    _printf_int_common                       0x08005819   Thumb Code   178  _printf_intcommon.o(.text)
    __lib_sel_fp_printf                      0x080058cb   Thumb Code     2  _printf_fp_dec.o(.text)
    _printf_fp_dec_real                      0x08005a79   Thumb Code   620  _printf_fp_dec.o(.text)
    _printf_char_file                        0x08005ce5   Thumb Code    32  _printf_char_file.o(.text)
    __rt_locale                              0x08005d09   Thumb Code     8  rt_locale_intlibspace.o(.text)
    _ll_udiv10                               0x08005d11   Thumb Code   138  lludiv10.o(.text)
    _printf_char_common                      0x08005da7   Thumb Code    32  _printf_char_common.o(.text)
    _printf_fp_infnan                        0x08005dcd   Thumb Code   112  _printf_fp_infnan.o(.text)
    _btod_etento                             0x08005e4d   Thumb Code   216  bigflt0.o(.text)
    ferror                                   0x08005f29   Thumb Code     8  ferror.o(.text)
    __user_libspace                          0x08005f31   Thumb Code     8  libspace.o(.text)
    __user_perproc_libspace                  0x08005f31   Thumb Code     0  libspace.o(.text)
    __user_perthread_libspace                0x08005f31   Thumb Code     0  libspace.o(.text)
    __user_setup_stackheap                   0x08005f39   Thumb Code    74  sys_stackheap_outer.o(.text)
    exit                                     0x08005f83   Thumb Code    12  exit.o(.text)
    strcmp                                   0x08005f91   Thumb Code   128  strcmpv7m.o(.text)
    _btod_d2e                                0x08006011   Thumb Code    62  btod.o(CL$$btod_d2e)
    _d2e_denorm_low                          0x0800604f   Thumb Code    70  btod.o(CL$$btod_d2e_denorm_low)
    _d2e_norm_op1                            0x08006095   Thumb Code    96  btod.o(CL$$btod_d2e_norm_op1)
    __btod_div_common                        0x080060f5   Thumb Code   696  btod.o(CL$$btod_div_common)
    _e2e                                     0x0800642d   Thumb Code   198  btod.o(CL$$btod_e2e)
    _btod_ediv                               0x080064f3   Thumb Code    40  btod.o(CL$$btod_ediv)
    _btod_emul                               0x0800651b   Thumb Code    40  btod.o(CL$$btod_emul)
    __btod_mult_common                       0x08006543   Thumb Code   580  btod.o(CL$$btod_mult_common)
    __ARM_fpclassify                         0x08006787   Thumb Code    40  fpclassify.o(i.__ARM_fpclassify)
    _is_digit                                0x080067af   Thumb Code    14  __printf_wp.o(i._is_digit)
    _get_lc_numeric                          0x080067bd   Thumb Code    44  lc_numeric_c.o(locale$$code)
    __aeabi_dadd                             0x080067e9   Thumb Code     0  daddsub_clz.o(x$fpl$dadd)
    _dadd                                    0x080067e9   Thumb Code   332  daddsub_clz.o(x$fpl$dadd)
    __fpl_dcmp_Inf                           0x08006939   Thumb Code    24  dcmpi.o(x$fpl$dcmpinf)
    __aeabi_ddiv                             0x08006951   Thumb Code     0  ddiv.o(x$fpl$ddiv)
    _ddiv                                    0x08006951   Thumb Code   552  ddiv.o(x$fpl$ddiv)
    __aeabi_d2uiz                            0x08006c01   Thumb Code     0  dfixu.o(x$fpl$dfixu)
    _dfixu                                   0x08006c01   Thumb Code    90  dfixu.o(x$fpl$dfixu)
    __aeabi_i2d                              0x08006c5b   Thumb Code     0  dflt_clz.o(x$fpl$dflt)
    _dflt                                    0x08006c5b   Thumb Code    46  dflt_clz.o(x$fpl$dflt)
    __aeabi_ui2d                             0x08006c89   Thumb Code     0  dflt_clz.o(x$fpl$dfltu)
    _dfltu                                   0x08006c89   Thumb Code    38  dflt_clz.o(x$fpl$dfltu)
    __aeabi_cdcmple                          0x08006cb1   Thumb Code     0  dleqf.o(x$fpl$dleqf)
    _dcmple                                  0x08006cb1   Thumb Code   120  dleqf.o(x$fpl$dleqf)
    __fpl_dcmple_InfNaN                      0x08006d13   Thumb Code     0  dleqf.o(x$fpl$dleqf)
    __aeabi_dmul                             0x08006d29   Thumb Code     0  dmul.o(x$fpl$dmul)
    _dmul                                    0x08006d29   Thumb Code   332  dmul.o(x$fpl$dmul)
    __fpl_dnaninf                            0x08006e7d   Thumb Code   156  dnaninf.o(x$fpl$dnaninf)
    __fpl_dretinf                            0x08006f19   Thumb Code    12  dretinf.o(x$fpl$dretinf)
    __aeabi_cdrcmple                         0x08006f25   Thumb Code     0  drleqf.o(x$fpl$drleqf)
    _drcmple                                 0x08006f25   Thumb Code   108  drleqf.o(x$fpl$drleqf)
    __aeabi_drsub                            0x08006f91   Thumb Code     0  daddsub_clz.o(x$fpl$drsb)
    _drsb                                    0x08006f91   Thumb Code    22  daddsub_clz.o(x$fpl$drsb)
    __aeabi_dsub                             0x08006fa9   Thumb Code     0  daddsub_clz.o(x$fpl$dsub)
    _dsub                                    0x08006fa9   Thumb Code   464  daddsub_clz.o(x$fpl$dsub)
    _printf_fp_dec                           0x0800717d   Thumb Code     4  printf1.o(x$fpl$printf1)
    LEVEL                                    0x08007180   Data          18  main.o(.constdata)
    __I$use$fp                               0x08007180   Number         0  usenofp.o(x$fpl$usenofp)
    refclk_divisions                         0x08007194   Data           4  main.o(.constdata)
    config_register                          0x08007198   Data          17  tdc_gpx2.o(.constdata)
    spiopc_power                             0x080071a9   Data           1  tdc_gpx2.o(.constdata)
    spiopc_init                              0x080071aa   Data           1  tdc_gpx2.o(.constdata)
    spiopc_write_config                      0x080071ab   Data           1  tdc_gpx2.o(.constdata)
    spiopc_read_config                       0x080071ac   Data           1  tdc_gpx2.o(.constdata)
    spiopc_read_results                      0x080071ad   Data           1  tdc_gpx2.o(.constdata)
    reference_index_ch1_byte3                0x080071ae   Data           1  tdc_gpx2.o(.constdata)
    reference_index_ch1_byte2                0x080071af   Data           1  tdc_gpx2.o(.constdata)
    reference_index_ch1_byte1                0x080071b0   Data           1  tdc_gpx2.o(.constdata)
    stopresult_ch1_byte3                     0x080071b1   Data           1  tdc_gpx2.o(.constdata)
    stopresult_ch1_byte2                     0x080071b2   Data           1  tdc_gpx2.o(.constdata)
    stopresult_ch1_byte1                     0x080071b3   Data           1  tdc_gpx2.o(.constdata)
    reference_index_ch2_byte3                0x080071b4   Data           1  tdc_gpx2.o(.constdata)
    reference_index_ch2_byte2                0x080071b5   Data           1  tdc_gpx2.o(.constdata)
    reference_index_ch2_byte1                0x080071b6   Data           1  tdc_gpx2.o(.constdata)
    stopresult_ch2_byte3                     0x080071b7   Data           1  tdc_gpx2.o(.constdata)
    stopresult_ch2_byte2                     0x080071b8   Data           1  tdc_gpx2.o(.constdata)
    stopresult_ch2_byte1                     0x080071b9   Data           1  tdc_gpx2.o(.constdata)
    reference_index_ch3_byte3                0x080071ba   Data           1  tdc_gpx2.o(.constdata)
    reference_index_ch3_byte2                0x080071bb   Data           1  tdc_gpx2.o(.constdata)
    reference_index_ch3_byte1                0x080071bc   Data           1  tdc_gpx2.o(.constdata)
    stopresult_ch3_byte3                     0x080071bd   Data           1  tdc_gpx2.o(.constdata)
    stopresult_ch3_byte2                     0x080071be   Data           1  tdc_gpx2.o(.constdata)
    stopresult_ch3_byte1                     0x080071bf   Data           1  tdc_gpx2.o(.constdata)
    reference_index_ch4_byte3                0x080071c0   Data           1  tdc_gpx2.o(.constdata)
    reference_index_ch4_byte2                0x080071c1   Data           1  tdc_gpx2.o(.constdata)
    reference_index_ch4_byte1                0x080071c2   Data           1  tdc_gpx2.o(.constdata)
    stopresult_ch4_byte3                     0x080071c3   Data           1  tdc_gpx2.o(.constdata)
    stopresult_ch4_byte2                     0x080071c4   Data           1  tdc_gpx2.o(.constdata)
    stopresult_ch4_byte1                     0x080071c5   Data           1  tdc_gpx2.o(.constdata)
    OSUnMapTbl                               0x080071c6   Data         256  os_core.o(.constdata)
    Region$$Table$$Base                      0x0800736c   Number         0  anon$$obj.o(Region$$Table)
    Region$$Table$$Limit                     0x0800738c   Number         0  anon$$obj.o(Region$$Table)
    level                                    0x20000000   Data           1  main.o(.data)
    q_msg                                    0x20000004   Data           4  main.o(.data)
    ans_ite                                  0x20000008   Data           1  main.o(.data)
    ans_cnt                                  0x20000009   Data           1  main.o(.data)
    AGC_EN                                   0x2000000a   Data           1  main.o(.data)
    quantify                                 0x2000000c   Data           2  main.o(.data)
    detect_val                               0x20000010   Data           4  main.o(.data)
    outmode                                  0x20000014   Data           1  main.o(.data)
    measure_mode                             0x20000015   Data           1  main.o(.data)
    d_distance                               0x20000018   Data           8  main.o(.data)
    SystemCoreClock                          0x20000030   Data           4  system_stm32f10x.o(.data)
    AHBPrescTable                            0x20000034   Data          16  system_stm32f10x.o(.data)
    config_error                             0x20000044   Data           1  tdc_gpx2.o(.data)
    test_var                                 0x20000048   Data           4  laser.o(.data)
    ADC_ConvertedValue                       0x2000004c   Data           2  agc.o(.data)
    __stdout                                 0x20000054   Data           4  usart.o(.data)
    USART_RX_STA                             0x20000058   Data           2  usart.o(.data)
    OSCtxSwCtr                               0x20000070   Data           4  os_core.o(.data)
    OSEventFreeList                          0x20000074   Data           4  os_core.o(.data)
    OSFlagFreeList                           0x20000078   Data           4  os_core.o(.data)
    OSCPUUsage                               0x2000007c   Data           1  os_core.o(.data)
    OSIdleCtrMax                             0x20000080   Data           4  os_core.o(.data)
    OSIdleCtrRun                             0x20000084   Data           4  os_core.o(.data)
    OSStatRdy                                0x20000088   Data           1  os_core.o(.data)
    OSIntNesting                             0x20000089   Data           1  os_core.o(.data)
    OSLockNesting                            0x2000008a   Data           1  os_core.o(.data)
    OSPrioCur                                0x2000008b   Data           1  os_core.o(.data)
    OSPrioHighRdy                            0x2000008c   Data           1  os_core.o(.data)
    OSRdyGrp                                 0x2000008d   Data           1  os_core.o(.data)
    OSRdyTbl                                 0x2000008e   Data           8  os_core.o(.data)
    OSRunning                                0x20000096   Data           1  os_core.o(.data)
    OSTaskCtr                                0x20000097   Data           1  os_core.o(.data)
    OSIdleCtr                                0x20000098   Data           4  os_core.o(.data)
    OSTCBCur                                 0x2000009c   Data           4  os_core.o(.data)
    OSTCBFreeList                            0x200000a0   Data           4  os_core.o(.data)
    OSTCBHighRdy                             0x200000a4   Data           4  os_core.o(.data)
    OSTCBList                                0x200000a8   Data           4  os_core.o(.data)
    OSTickStepState                          0x200000ac   Data           1  os_core.o(.data)
    OSMemFreeList                            0x200000b0   Data           4  os_core.o(.data)
    OSQFreeList                              0x200000b4   Data           4  os_core.o(.data)
    OSTime                                   0x200000b8   Data           4  os_core.o(.data)
    START_TASK_STAK                          0x200000c0   Data         256  main.o(.bss)
    MASTER_TASK_STAK                         0x200001c0   Data        1024  main.o(.bss)
    GEN_TASK_STAK                            0x200005c0   Data        2048  main.o(.bss)
    HANDLE_TASK_STAK                         0x20000dc0   Data         512  main.o(.bss)
    AGC_TASK_STAK                            0x20000fc0   Data         256  main.o(.bss)
    Qstart                                   0x200010c0   Data        1024  main.o(.bss)
    ans_buf                                  0x200014c0   Data         160  main.o(.bss)
    USART_RX_BUF                             0x20001560   Data         200  usart.o(.bss)
    OSEventTbl                               0x20001628   Data         200  os_core.o(.bss)
    OSFlagTbl                                0x200016f0   Data          80  os_core.o(.bss)
    OSTaskStatStk                            0x20001740   Data         512  os_core.o(.bss)
    OSTaskIdleStk                            0x20001940   Data         512  os_core.o(.bss)
    OSTCBPrioTbl                             0x20001b40   Data         256  os_core.o(.bss)
    OSTCBTbl                                 0x20001c40   Data        1008  os_core.o(.bss)
    OSMemTbl                                 0x20002030   Data         120  os_core.o(.bss)
    OSQTbl                                   0x200020a8   Data         120  os_core.o(.bss)
    __libspace_start                         0x20002120   Data          96  libspace.o(.bss)
    __temporary_stack_top$libspace           0x20002180   Data           0  libspace.o(.bss)



==============================================================================

Memory Map of the image

  Image Entry point : 0x08000131

  Load Region LR_IROM1 (Base: 0x08000000, Size: 0x00007464, Max: 0x00010000, ABSOLUTE)

    Execution Region ER_IROM1 (Base: 0x08000000, Size: 0x000073a8, Max: 0x00010000, ABSOLUTE)

    Base Addr    Size         Type   Attr      Idx    E Section Name        Object

    0x08000000   0x00000130   Data   RO          456    RESET               startup_stm32f10x_hd.o
    0x08000130   0x00000008   Code   RO          769  * !!!main             c_w.l(__main.o)
    0x08000138   0x00000034   Code   RO         1016    !!!scatter          c_w.l(__scatter.o)
    0x0800016c   0x0000001a   Code   RO         1018    !!handler_copy      c_w.l(__scatter_copy.o)
    0x08000186   0x00000002   PAD
    0x08000188   0x0000001c   Code   RO         1020    !!handler_zi        c_w.l(__scatter_zi.o)
    0x080001a4   0x00000000   Code   RO          766    .ARM.Collect$$_printf_percent$$00000000  c_w.l(_printf_percent.o)
    0x080001a4   0x00000006   Code   RO          765    .ARM.Collect$$_printf_percent$$00000003  c_w.l(_printf_f.o)
    0x080001aa   0x00000006   Code   RO          764    .ARM.Collect$$_printf_percent$$00000009  c_w.l(_printf_d.o)
    0x080001b0   0x00000004   Code   RO          808    .ARM.Collect$$_printf_percent$$00000017  c_w.l(_printf_percent_end.o)
    0x080001b4   0x00000002   Code   RO          894    .ARM.Collect$$libinit$$00000000  c_w.l(libinit.o)
    0x080001b6   0x00000000   Code   RO          896    .ARM.Collect$$libinit$$00000002  c_w.l(libinit2.o)
    0x080001b6   0x00000000   Code   RO          898    .ARM.Collect$$libinit$$00000004  c_w.l(libinit2.o)
    0x080001b6   0x00000000   Code   RO          901    .ARM.Collect$$libinit$$0000000A  c_w.l(libinit2.o)
    0x080001b6   0x00000000   Code   RO          903    .ARM.Collect$$libinit$$0000000C  c_w.l(libinit2.o)
    0x080001b6   0x00000000   Code   RO          905    .ARM.Collect$$libinit$$0000000E  c_w.l(libinit2.o)
    0x080001b6   0x00000006   Code   RO          906    .ARM.Collect$$libinit$$0000000F  c_w.l(libinit2.o)
    0x080001bc   0x00000000   Code   RO          908    .ARM.Collect$$libinit$$00000011  c_w.l(libinit2.o)
    0x080001bc   0x00000000   Code   RO          910    .ARM.Collect$$libinit$$00000013  c_w.l(libinit2.o)
    0x080001bc   0x00000000   Code   RO          912    .ARM.Collect$$libinit$$00000015  c_w.l(libinit2.o)
    0x080001bc   0x0000000a   Code   RO          913    .ARM.Collect$$libinit$$00000016  c_w.l(libinit2.o)
    0x080001c6   0x00000000   Code   RO          914    .ARM.Collect$$libinit$$00000017  c_w.l(libinit2.o)
    0x080001c6   0x00000000   Code   RO          916    .ARM.Collect$$libinit$$00000019  c_w.l(libinit2.o)
    0x080001c6   0x00000000   Code   RO          918    .ARM.Collect$$libinit$$0000001B  c_w.l(libinit2.o)
    0x080001c6   0x00000000   Code   RO          920    .ARM.Collect$$libinit$$0000001D  c_w.l(libinit2.o)
    0x080001c6   0x00000000   Code   RO          922    .ARM.Collect$$libinit$$0000001F  c_w.l(libinit2.o)
    0x080001c6   0x00000000   Code   RO          924    .ARM.Collect$$libinit$$00000021  c_w.l(libinit2.o)
    0x080001c6   0x00000000   Code   RO          926    .ARM.Collect$$libinit$$00000023  c_w.l(libinit2.o)
    0x080001c6   0x00000000   Code   RO          928    .ARM.Collect$$libinit$$00000025  c_w.l(libinit2.o)
    0x080001c6   0x00000000   Code   RO          932    .ARM.Collect$$libinit$$0000002C  c_w.l(libinit2.o)
    0x080001c6   0x00000000   Code   RO          934    .ARM.Collect$$libinit$$0000002E  c_w.l(libinit2.o)
    0x080001c6   0x00000000   Code   RO          936    .ARM.Collect$$libinit$$00000030  c_w.l(libinit2.o)
    0x080001c6   0x00000000   Code   RO          938    .ARM.Collect$$libinit$$00000032  c_w.l(libinit2.o)
    0x080001c6   0x00000002   Code   RO          939    .ARM.Collect$$libinit$$00000033  c_w.l(libinit2.o)
    0x080001c8   0x00000002   Code   RO          967    .ARM.Collect$$libshutdown$$00000000  c_w.l(libshutdown.o)
    0x080001ca   0x00000000   Code   RO          977    .ARM.Collect$$libshutdown$$00000003  c_w.l(libshutdown2.o)
    0x080001ca   0x00000000   Code   RO          980    .ARM.Collect$$libshutdown$$00000006  c_w.l(libshutdown2.o)
    0x080001ca   0x00000000   Code   RO          983    .ARM.Collect$$libshutdown$$00000009  c_w.l(libshutdown2.o)
    0x080001ca   0x00000000   Code   RO          985    .ARM.Collect$$libshutdown$$0000000B  c_w.l(libshutdown2.o)
    0x080001ca   0x00000000   Code   RO          988    .ARM.Collect$$libshutdown$$0000000E  c_w.l(libshutdown2.o)
    0x080001ca   0x00000002   Code   RO          989    .ARM.Collect$$libshutdown$$0000000F  c_w.l(libshutdown2.o)
    0x080001cc   0x00000000   Code   RO          801    .ARM.Collect$$rtentry$$00000000  c_w.l(__rtentry.o)
    0x080001cc   0x00000000   Code   RO          817    .ARM.Collect$$rtentry$$00000002  c_w.l(__rtentry2.o)
    0x080001cc   0x00000006   Code   RO          829    .ARM.Collect$$rtentry$$00000004  c_w.l(__rtentry4.o)
    0x080001d2   0x00000000   Code   RO          819    .ARM.Collect$$rtentry$$00000009  c_w.l(__rtentry2.o)
    0x080001d2   0x00000004   Code   RO          820    .ARM.Collect$$rtentry$$0000000A  c_w.l(__rtentry2.o)
    0x080001d6   0x00000000   Code   RO          822    .ARM.Collect$$rtentry$$0000000C  c_w.l(__rtentry2.o)
    0x080001d6   0x00000008   Code   RO          823    .ARM.Collect$$rtentry$$0000000D  c_w.l(__rtentry2.o)
    0x080001de   0x00000002   Code   RO          940    .ARM.Collect$$rtexit$$00000000  c_w.l(rtexit.o)
    0x080001e0   0x00000000   Code   RO          947    .ARM.Collect$$rtexit$$00000002  c_w.l(rtexit2.o)
    0x080001e0   0x00000004   Code   RO          948    .ARM.Collect$$rtexit$$00000003  c_w.l(rtexit2.o)
    0x080001e4   0x00000006   Code   RO          949    .ARM.Collect$$rtexit$$00000004  c_w.l(rtexit2.o)
    0x080001ea   0x00000002   PAD
    0x080001ec   0x00000de0   Code   RO            1    .text               main.o
    0x08000fcc   0x00000016   Code   RO          173    .text               stm32f10x_it.o
    0x08000fe2   0x00000002   PAD
    0x08000fe4   0x000001e0   Code   RO          222    .text               system_stm32f10x.o
    0x080011c4   0x000000e0   Code   RO          255    .text               spi.o
    0x080012a4   0x000002c4   Code   RO          267    .text               tdc_gpx2.o
    0x08001568   0x00000144   Code   RO          283    .text               laser.o
    0x080016ac   0x0000020c   Code   RO          323    .text               tpl0202.o
    0x080018b8   0x00000100   Code   RO          335    .text               tlv5636.o
    0x080019b8   0x00000138   Code   RO          347    .text               agc.o
    0x08001af0   0x00000078   Code   RO          365    .text               key.o
    0x08001b68   0x0000002c   Code   RO          378    .text               wdg.o
    0x08001b94   0x00000130   Code   RO          390    .text               delay.o
    0x08001cc4   0x00000154   Code   RO          421    .text               usart.o
    0x08001e18   0x00000040   Code   RO          457    .text               startup_stm32f10x_hd.o
    0x08001e58   0x000000dc   Code   RO          461    .text               misc.o
    0x08001f34   0x0000035c   Code   RO          473    .text               stm32f10x_gpio.o
    0x08002290   0x000003a4   Code   RO          485    .text               stm32f10x_rcc.o
    0x08002634   0x00000408   Code   RO          499    .text               stm32f10x_usart.o
    0x08002a3c   0x000000cc   Code   RO          523    .text               stm32f10x_pwr.o
    0x08002b08   0x000000c4   Code   RO          535    .text               stm32f10x_bkp.o
    0x08002bcc   0x0000044e   Code   RO          547    .text               stm32f10x_adc.o
    0x0800301a   0x00000002   PAD
    0x0800301c   0x00000254   Code   RO          559    .text               stm32f10x_dma.o
    0x08003270   0x00000040   Code   RO          571    .text               stm32f10x_iwdg.o
    0x080032b0   0x00000894   Code   RO          583    .text               os_core.o
    0x08003b44   0x0000080c   Code   RO          603    .text               os_flag.o
    0x08004350   0x000001e4   Code   RO          627    .text               os_mem.o
    0x08004534   0x000005e8   Code   RO          651    .text               os_q.o
    0x08004b1c   0x000007c4   Code   RO          675    .text               os_task.o
    0x080052e0   0x000001b0   Code   RO          687    .text               os_time.o
    0x08005490   0x000000ae   Code   RO          705    .text               os_cpu_c.o
    0x0800553e   0x00000002   PAD
    0x08005540   0x000000b4   Code   RO          727    .text               os_cpu_a.o
    0x080055f4   0x00000002   Code   RO          732    .text               c_w.l(use_no_semi_2.o)
    0x080055f6   0x00000002   PAD
    0x080055f8   0x00000018   Code   RO          736    .text               c_w.l(noretval__2printf.o)
    0x08005610   0x0000004e   Code   RO          740    .text               c_w.l(_printf_pad.o)
    0x0800565e   0x00000002   PAD
    0x08005660   0x00000078   Code   RO          742    .text               c_w.l(_printf_dec.o)
    0x080056d8   0x00000138   Code   RO          756    .text               c_w.l(__printf_flags_wp.o)
    0x08005810   0x00000006   Code   RO          767    .text               c_w.l(heapauxi.o)
    0x08005816   0x00000002   Code   RO          799    .text               c_w.l(use_no_semi.o)
    0x08005818   0x000000b2   Code   RO          802    .text               c_w.l(_printf_intcommon.o)
    0x080058ca   0x0000041a   Code   RO          804    .text               c_w.l(_printf_fp_dec.o)
    0x08005ce4   0x00000024   Code   RO          806    .text               c_w.l(_printf_char_file.o)
    0x08005d08   0x00000008   Code   RO          834    .text               c_w.l(rt_locale_intlibspace.o)
    0x08005d10   0x0000008a   Code   RO          836    .text               c_w.l(lludiv10.o)
    0x08005d9a   0x00000002   PAD
    0x08005d9c   0x00000030   Code   RO          838    .text               c_w.l(_printf_char_common.o)
    0x08005dcc   0x00000080   Code   RO          840    .text               c_w.l(_printf_fp_infnan.o)
    0x08005e4c   0x000000dc   Code   RO          842    .text               c_w.l(bigflt0.o)
    0x08005f28   0x00000008   Code   RO          867    .text               c_w.l(ferror.o)
    0x08005f30   0x00000008   Code   RO          878    .text               c_w.l(libspace.o)
    0x08005f38   0x0000004a   Code   RO          881    .text               c_w.l(sys_stackheap_outer.o)
    0x08005f82   0x0000000c   Code   RO          885    .text               c_w.l(exit.o)
    0x08005f8e   0x00000002   PAD
    0x08005f90   0x00000080   Code   RO          887    .text               c_w.l(strcmpv7m.o)
    0x08006010   0x0000003e   Code   RO          845    CL$$btod_d2e        c_w.l(btod.o)
    0x0800604e   0x00000046   Code   RO          847    CL$$btod_d2e_denorm_low  c_w.l(btod.o)
    0x08006094   0x00000060   Code   RO          846    CL$$btod_d2e_norm_op1  c_w.l(btod.o)
    0x080060f4   0x00000338   Code   RO          855    CL$$btod_div_common  c_w.l(btod.o)
    0x0800642c   0x000000c6   Code   RO          852    CL$$btod_e2e        c_w.l(btod.o)
    0x080064f2   0x00000028   Code   RO          849    CL$$btod_ediv       c_w.l(btod.o)
    0x0800651a   0x00000028   Code   RO          848    CL$$btod_emul       c_w.l(btod.o)
    0x08006542   0x00000244   Code   RO          854    CL$$btod_mult_common  c_w.l(btod.o)
    0x08006786   0x00000028   Code   RO          876    i.__ARM_fpclassify  m_ws.l(fpclassify.o)
    0x080067ae   0x0000000e   Code   RO          754    i._is_digit         c_w.l(__printf_wp.o)
    0x080067bc   0x0000002c   Code   RO          872    locale$$code        c_w.l(lc_numeric_c.o)
    0x080067e8   0x00000150   Code   RO          771    x$fpl$dadd          fz_ws.l(daddsub_clz.o)
    0x08006938   0x00000018   Code   RO          809    x$fpl$dcmpinf       fz_ws.l(dcmpi.o)
    0x08006950   0x000002b0   Code   RO          778    x$fpl$ddiv          fz_ws.l(ddiv.o)
    0x08006c00   0x0000005a   Code   RO          781    x$fpl$dfixu         fz_ws.l(dfixu.o)
    0x08006c5a   0x0000002e   Code   RO          786    x$fpl$dflt          fz_ws.l(dflt_clz.o)
    0x08006c88   0x00000026   Code   RO          785    x$fpl$dfltu         fz_ws.l(dflt_clz.o)
    0x08006cae   0x00000002   PAD
    0x08006cb0   0x00000078   Code   RO          791    x$fpl$dleqf         fz_ws.l(dleqf.o)
    0x08006d28   0x00000154   Code   RO          793    x$fpl$dmul          fz_ws.l(dmul.o)
    0x08006e7c   0x0000009c   Code   RO          811    x$fpl$dnaninf       fz_ws.l(dnaninf.o)
    0x08006f18   0x0000000c   Code   RO          813    x$fpl$dretinf       fz_ws.l(dretinf.o)
    0x08006f24   0x0000006c   Code   RO          795    x$fpl$drleqf        fz_ws.l(drleqf.o)
    0x08006f90   0x00000016   Code   RO          772    x$fpl$drsb          fz_ws.l(daddsub_clz.o)
    0x08006fa6   0x00000002   PAD
    0x08006fa8   0x000001d4   Code   RO          773    x$fpl$dsub          fz_ws.l(daddsub_clz.o)
    0x0800717c   0x00000004   Code   RO          797    x$fpl$printf1       fz_ws.l(printf1.o)
    0x08007180   0x00000000   Code   RO          815    x$fpl$usenofp       fz_ws.l(usenofp.o)
    0x08007180   0x00000018   Data   RO            3    .constdata          main.o
    0x08007198   0x0000002e   Data   RO          268    .constdata          tdc_gpx2.o
    0x080071c6   0x00000100   Data   RO          585    .constdata          os_core.o
    0x080072c6   0x00000011   Data   RO          757    .constdata          c_w.l(__printf_flags_wp.o)
    0x080072d7   0x00000001   PAD
    0x080072d8   0x00000094   Data   RO          843    .constdata          c_w.l(bigflt0.o)
    0x0800736c   0x00000020   Data   RO         1014    Region$$Table       anon$$obj.o
    0x0800738c   0x0000001c   Data   RO          871    locale$$data        c_w.l(lc_numeric_c.o)


    Execution Region RW_IRAM1 (Base: 0x20000000, Size: 0x00002780, Max: 0x00005000, ABSOLUTE)

    Base Addr    Size         Type   Attr      Idx    E Section Name        Object

    0x20000000   0x00000030   Data   RW            4    .data               main.o
    0x20000030   0x00000014   Data   RW          223    .data               system_stm32f10x.o
    0x20000044   0x00000001   Data   RW          269    .data               tdc_gpx2.o
    0x20000045   0x00000003   PAD
    0x20000048   0x00000004   Data   RW          284    .data               laser.o
    0x2000004c   0x00000002   Data   RW          348    .data               agc.o
    0x2000004e   0x00000001   Data   RW          366    .data               key.o
    0x2000004f   0x00000001   PAD
    0x20000050   0x00000004   Data   RW          391    .data               delay.o
    0x20000054   0x00000006   Data   RW          423    .data               usart.o
    0x2000005a   0x00000014   Data   RW          486    .data               stm32f10x_rcc.o
    0x2000006e   0x00000002   PAD
    0x20000070   0x0000004c   Data   RW          586    .data               os_core.o
    0x200000bc   0x00000004   PAD
    0x200000c0   0x000014a0   Zero   RW            2    .bss                main.o
    0x20001560   0x000000c8   Zero   RW          422    .bss                usart.o
    0x20001628   0x00000af8   Zero   RW          584    .bss                os_core.o
    0x20002120   0x00000060   Zero   RW          879    .bss                c_w.l(libspace.o)
    0x20002180   0x00000200   Zero   RW          455    HEAP                startup_stm32f10x_hd.o
    0x20002380   0x00000400   Zero   RW          454    STACK               startup_stm32f10x_hd.o


==============================================================================

Image component sizes


      Code (inc. data)   RO Data    RW Data    ZI Data      Debug   Object Name

       312         22          0          2          0       1441   agc.o
       304         24          0          4          0       1737   delay.o
       120         10          0          1          0        740   key.o
       324         38          0          4          0       1460   laser.o
      3552        346         24         48       5280     270183   main.o
       220         22          0          0          0       1793   misc.o
      2196        218        256         76       2808      15194   os_core.o
       180         36          0          0          0        328   os_cpu_a.o
       174          0          0          0          0      10737   os_cpu_c.o
      2060         42          0          0          0       6780   os_flag.o
       484         16          0          0          0       3104   os_mem.o
      1512         30          0          0          0       5505   os_q.o
      1988         70          0          0          0       7437   os_task.o
       432         30          0          0          0       1766   os_time.o
       224         12          0          0          0       1007   spi.o
        64         26        304          0       1536        796   startup_stm32f10x_hd.o
      1102         26          0          0          0      10825   stm32f10x_adc.o
       196          8          0          0          0       3456   stm32f10x_bkp.o
       596          8          0          0          0       4322   stm32f10x_dma.o
       860         38          0          0          0       5637   stm32f10x_gpio.o
        22          0          0          0          0        995   stm32f10x_it.o
        64          6          0          0          0       1261   stm32f10x_iwdg.o
       204         14          0          0          0       1915   stm32f10x_pwr.o
       932         36          0         20          0       8804   stm32f10x_rcc.o
      1032         22          0          0          0       8364   stm32f10x_usart.o
         0          0          0          0          0         32   sys.o
       480         38          0         20          0       1731   system_stm32f10x.o
       708         22         46          1          0       4135   tdc_gpx2.o
       256         12          0          0          0       1204   tlv5636.o
       524         24          0          0          0       3239   tpl0202.o
       340         18          0          6        200       3158   usart.o
        44          0          0          0          0        642   wdg.o

    ----------------------------------------------------------------------
     21512       1214        662        188       9828     389728   Object Totals
         0          0         32          0          0          0   (incl. Generated)
         6          0          0          6          4          0   (incl. Padding)

    ----------------------------------------------------------------------

      Code (inc. data)   RO Data    RW Data    ZI Data      Debug   Library Member Name

         8          0          0          0          0         68   __main.o
       312          4         17          0          0         92   __printf_flags_wp.o
        14          0          0          0          0         68   __printf_wp.o
         0          0          0          0          0          0   __rtentry.o
        12          0          0          0          0          0   __rtentry2.o
         6          0          0          0          0          0   __rtentry4.o
        52          8          0          0          0          0   __scatter.o
        26          0          0          0          0          0   __scatter_copy.o
        28          0          0          0          0          0   __scatter_zi.o
        48          6          0          0          0         96   _printf_char_common.o
        36          4          0          0          0         80   _printf_char_file.o
         6          0          0          0          0          0   _printf_d.o
       120         16          0          0          0         92   _printf_dec.o
         6          0          0          0          0          0   _printf_f.o
      1050          0          0          0          0        216   _printf_fp_dec.o
       128         16          0          0          0         84   _printf_fp_infnan.o
       178          0          0          0          0         88   _printf_intcommon.o
        78          0          0          0          0        108   _printf_pad.o
         0          0          0          0          0          0   _printf_percent.o
         4          0          0          0          0          0   _printf_percent_end.o
       220          4        148          0          0         96   bigflt0.o
      1910        128          0          0          0        672   btod.o
        12          0          0          0          0         72   exit.o
         8          0          0          0          0         68   ferror.o
         6          0          0          0          0        152   heapauxi.o
        44         10         28          0          0         76   lc_numeric_c.o
         2          0          0          0          0          0   libinit.o
        18          0          0          0          0          0   libinit2.o
         2          0          0          0          0          0   libshutdown.o
         2          0          0          0          0          0   libshutdown2.o
         8          4          0          0         96         68   libspace.o
       138          0          0          0          0         80   lludiv10.o
        24          4          0          0          0         84   noretval__2printf.o
         8          4          0          0          0         68   rt_locale_intlibspace.o
         2          0          0          0          0          0   rtexit.o
        10          0          0          0          0          0   rtexit2.o
       128          0          0          0          0         68   strcmpv7m.o
        74          0          0          0          0         80   sys_stackheap_outer.o
         2          0          0          0          0         68   use_no_semi.o
         2          0          0          0          0         68   use_no_semi_2.o
       826         16          0          0          0        348   daddsub_clz.o
        24          0          0          0          0         68   dcmpi.o
       688        140          0          0          0        208   ddiv.o
        90          4          0          0          0         92   dfixu.o
        84          0          0          0          0        136   dflt_clz.o
       120          4          0          0          0         92   dleqf.o
       340         12          0          0          0        104   dmul.o
       156          4          0          0          0         92   dnaninf.o
        12          0          0          0          0         68   dretinf.o
       108          0          0          0          0         80   drleqf.o
         4          0          0          0          0         68   printf1.o
         0          0          0          0          0          0   usenofp.o
        40          0          0          0          0         68   fpclassify.o

    ----------------------------------------------------------------------
      7240        388        194          0         96       4136   Library Totals
        16          0          1          0          0          0   (incl. Padding)

    ----------------------------------------------------------------------

      Code (inc. data)   RO Data    RW Data    ZI Data      Debug   Library Name

      4732        208        193          0         96       2712   c_w.l
      2452        180          0          0          0       1356   fz_ws.l
        40          0          0          0          0         68   m_ws.l

    ----------------------------------------------------------------------
      7240        388        194          0         96       4136   Library Totals

    ----------------------------------------------------------------------

==============================================================================


      Code (inc. data)   RO Data    RW Data    ZI Data      Debug   

     28752       1602        856        188       9924     388868   Grand Totals
     28752       1602        856        188       9924     388868   ELF Image Totals
     28752       1602        856        188          0          0   ROM Totals

==============================================================================

    Total RO  Size (Code + RO Data)                29608 (  28.91kB)
    Total RW  Size (RW Data + ZI Data)             10112 (   9.88kB)
    Total ROM Size (Code + RO Data + RW Data)      29796 (  29.10kB)

==============================================================================

