Component: ARM Compiler 5.05 update 1 (build 106) Tool: armlink [4d0efa]

==============================================================================

Section Cross References

    main.o(.text) refers to _printf_percent.o(.ARM.Collect$$_printf_percent$$00000000) for _printf_percent
    main.o(.text) refers to _printf_d.o(.ARM.Collect$$_printf_percent$$00000009) for _printf_d
    main.o(.text) refers to _printf_dec.o(.text) for _printf_int_dec
    main.o(.text) refers to _printf_f.o(.ARM.Collect$$_printf_percent$$00000003) for _printf_f
    main.o(.text) refers to printf1.o(x$fpl$printf1) for _printf_fp_dec
    main.o(.text) refers to _printf_pad.o(.text) for _printf_pre_padding
    main.o(.text) refers to dflt_clz.o(x$fpl$dfltu) for __aeabi_ui2d
    main.o(.text) refers to ddiv.o(x$fpl$ddiv) for __aeabi_ddiv
    main.o(.text) refers to dmul.o(x$fpl$dmul) for __aeabi_dmul
    main.o(.text) refers to dleqf.o(x$fpl$dleqf) for __aeabi_cdcmple
    main.o(.text) refers to daddsub_clz.o(x$fpl$dsub) for __aeabi_dsub
    main.o(.text) refers to drleqf.o(x$fpl$drleqf) for __aeabi_cdrcmple
    main.o(.text) refers to os_cpu_a.o(.text) for OS_CPU_SR_Save
    main.o(.text) refers to tlv5636.o(.text) for setDacValueBin
    main.o(.text) refers to delay.o(.text) for delay_ms
    main.o(.text) refers to os_q.o(.text) for OSQPend
    main.o(.text) refers to tdc_gpx2.o(.text) for tdc_measure
    main.o(.text) refers to agc.o(.data) for ADC_ConvertedValue
    main.o(.text) refers to main.o(.data) for ADC_Value
    main.o(.text) refers to main.o(.bss) for ans_buf
    main.o(.text) refers to dfixu.o(x$fpl$dfixu) for __aeabi_d2uiz
    main.o(.text) refers to daddsub_clz.o(x$fpl$drsb) for __aeabi_drsub
    main.o(.text) refers to daddsub_clz.o(x$fpl$dadd) for __aeabi_dadd
    main.o(.text) refers to dflt_clz.o(x$fpl$dflt) for __aeabi_i2d
    main.o(.text) refers to stm32f10x_gpio.o(.text) for GPIO_ReadInputDataBit
    main.o(.text) refers to noretval__2printf.o(.text) for __2printf
    main.o(.text) refers to os_task.o(.text) for OSTaskSuspend
    main.o(.text) refers to stm32f10x_usart.o(.text) for USART_GetFlagStatus
    main.o(.text) refers to laser.o(.text) for laser_plus
    main.o(.text) refers to misc.o(.text) for NVIC_PriorityGroupConfig
    main.o(.text) refers to usart.o(.text) for uart_init
    main.o(.text) refers to tpl0202.o(.text) for tpl0202_init
    main.o(.text) refers to key.o(.text) for KEY_Init
    main.o(.text) refers to agc.o(.text) for agc_init
    main.o(.text) refers to os_core.o(.text) for OSInit
    stm32f10x_it.o(.text) refers to noretval__2printf.o(.text) for __2printf
    system_stm32f10x.o(.text) refers to system_stm32f10x.o(.data) for SystemCoreClock
    timer.o(.text) refers to stm32f10x_rcc.o(.text) for RCC_APB1PeriphClockCmd
    timer.o(.text) refers to stm32f10x_tim.o(.text) for TIM_TimeBaseInit
    timer.o(.text) refers to misc.o(.text) for NVIC_Init
    spi.o(.text) refers to stm32f10x_rcc.o(.text) for RCC_APB2PeriphClockCmd
    spi.o(.text) refers to stm32f10x_gpio.o(.text) for GPIO_Init
    spi.o(.text) refers to delay.o(.text) for delay_us
    tdc_gpx2.o(.text) refers to stm32f10x_rcc.o(.text) for RCC_APB2PeriphClockCmd
    tdc_gpx2.o(.text) refers to stm32f10x_gpio.o(.text) for GPIO_Init
    tdc_gpx2.o(.text) refers to spi.o(.text) for spi_init
    tdc_gpx2.o(.text) refers to laser.o(.text) for laser_plus
    tdc_gpx2.o(.text) refers to delay.o(.text) for delay_ms
    tdc_gpx2.o(.text) refers to os_cpu_a.o(.text) for OS_CPU_SR_Save
    tdc_gpx2.o(.text) refers to tdc_gpx2.o(.data) for config_error
    tdc_gpx2.o(.text) refers to tdc_gpx2.o(.constdata) for config_register
    laser.o(.text) refers to stm32f10x_rcc.o(.text) for RCC_APB2PeriphClockCmd
    laser.o(.text) refers to stm32f10x_gpio.o(.text) for GPIO_Init
    laser.o(.text) refers to stm32f10x_pwr.o(.text) for PWR_BackupAccessCmd
    laser.o(.text) refers to stm32f10x_bkp.o(.text) for BKP_TamperPinCmd
    laser.o(.text) refers to delay.o(.text) for delay_ms
    laser.o(.text) refers to laser.o(.data) for test_var
    malloc.o(.text) refers to malloc.o(.constdata) for memtblsize
    malloc.o(.text) refers to malloc.o(.data) for mallco_dev
    malloc.o(.data) refers to malloc.o(.text) for my_mem_init
    malloc.o(.data) refers to malloc.o(.bss) for mem1base
    malloc.o(.data) refers to malloc.o(.ARM.__AT_0x68000000) for mem2base
    malloc.o(.data) refers to malloc.o(.ARM.__AT_0x680F0000) for mem2mapbase
    oled.o(.text) refers to stm32f10x_gpio.o(.text) for GPIO_SetBits
    oled.o(.text) refers to stm32f10x_rcc.o(.text) for RCC_APB2PeriphClockCmd
    oled.o(.text) refers to delay.o(.text) for delay_ms
    oled.o(.text) refers to oled.o(.constdata) for F8X16
    oled.o(.text) refers to oled.o(.data) for Hzk
    tpl0202.o(.text) refers to stm32f10x_rcc.o(.text) for RCC_APB2PeriphClockCmd
    tpl0202.o(.text) refers to stm32f10x_gpio.o(.text) for GPIO_Init
    tpl0202.o(.text) refers to delay.o(.text) for delay_us
[...]
    .text                                    0x080053ac   Section        2  use_no_semi_2.o(.text)
    .text                                    0x080053b0   Section        0  noretval__2printf.o(.text)
    .text                                    0x080053c8   Section        0  _printf_pad.o(.text)
    .text                                    0x08005418   Section        0  _printf_dec.o(.text)
    .text                                    0x08005490   Section        0  __printf_flags_wp.o(.text)
    .text                                    0x080055c8   Section        0  heapauxi.o(.text)
    .text                                    0x080055ce   Section        2  use_no_semi.o(.text)
    .text                                    0x080055d0   Section        0  _printf_intcommon.o(.text)
    .text                                    0x08005682   Section        0  _printf_fp_dec.o(.text)
    _fp_digits                               0x08005685   Thumb Code   428  _printf_fp_dec.o(.text)
    .text                                    0x08005a9c   Section        0  _printf_char_file.o(.text)
    .text                                    0x08005ac0   Section        8  rt_locale_intlibspace.o(.text)
    .text                                    0x08005ac8   Section      138  lludiv10.o(.text)
    .text                                    0x08005b54   Section        0  _printf_char_common.o(.text)
    _printf_input_char                       0x08005b55   Thumb Code    10  _printf_char_common.o(.text)
    .text                                    0x08005b84   Section        0  _printf_fp_infnan.o(.text)
    .text                                    0x08005c04   Section        0  bigflt0.o(.text)
    .text                                    0x08005ce0   Section        0  ferror.o(.text)
    .text                                    0x08005ce8   Section        8  libspace.o(.text)
    .text                                    0x08005cf0   Section       74  sys_stackheap_outer.o(.text)
    .text                                    0x08005d3a   Section        0  exit.o(.text)
    .text                                    0x08005d48   Section      128  strcmpv7m.o(.text)
    CL$$btod_d2e                             0x08005dc8   Section       62  btod.o(CL$$btod_d2e)
    CL$$btod_d2e_denorm_low                  0x08005e06   Section       70  btod.o(CL$$btod_d2e_denorm_low)
    CL$$btod_d2e_norm_op1                    0x08005e4c   Section       96  btod.o(CL$$btod_d2e_norm_op1)
    CL$$btod_div_common                      0x08005eac   Section      824  btod.o(CL$$btod_div_common)
    CL$$btod_e2e                             0x080061e4   Section      198  btod.o(CL$$btod_e2e)
    CL$$btod_ediv                            0x080062aa   Section       40  btod.o(CL$$btod_ediv)
    CL$$btod_emul                            0x080062d2   Section       40  btod.o(CL$$btod_emul)
    CL$$btod_mult_common                     0x080062fa   Section      580  btod.o(CL$$btod_mult_common)
    i.__ARM_fpclassify                       0x0800653e   Section        0  fpclassify.o(i.__ARM_fpclassify)
    i._is_digit                              0x08006566   Section        0  __printf_wp.o(i._is_digit)
    locale$$code                             0x08006574   Section       44  lc_numeric_c.o(locale$$code)
    x$fpl$dadd                               0x080065a0   Section      336  daddsub_clz.o(x$fpl$dadd)
    _dadd1                                   0x080065b1   Thumb Code     0  daddsub_clz.o(x$fpl$dadd)
    x$fpl$dcmpinf                            0x080066f0   Section       24  dcmpi.o(x$fpl$dcmpinf)
    x$fpl$ddiv                               0x08006708   Section      688  ddiv.o(x$fpl$ddiv)
    ddiv_entry                               0x0800670f   Thumb Code     0  ddiv.o(x$fpl$ddiv)
    x$fpl$dfixu                              0x080069b8   Section       90  dfixu.o(x$fpl$dfixu)
    x$fpl$dflt                               0x08006a12   Section       46  dflt_clz.o(x$fpl$dflt)
    x$fpl$dfltu                              0x08006a40   Section       38  dflt_clz.o(x$fpl$dfltu)
    x$fpl$dleqf                              0x08006a68   Section      120  dleqf.o(x$fpl$dleqf)
    x$fpl$dmul                               0x08006ae0   Section      340  dmul.o(x$fpl$dmul)
    x$fpl$dnaninf                            0x08006c34   Section      156  dnaninf.o(x$fpl$dnaninf)
    x$fpl$dretinf                            0x08006cd0   Section       12  dretinf.o(x$fpl$dretinf)
    x$fpl$drleqf                             0x08006cdc   Section      108  drleqf.o(x$fpl$drleqf)
    x$fpl$drsb                               0x08006d48   Section       22  daddsub_clz.o(x$fpl$drsb)
    x$fpl$dsub                               0x08006d60   Section      468  daddsub_clz.o(x$fpl$dsub)
    _dsub1                                   0x08006d71   Thumb Code     0  daddsub_clz.o(x$fpl$dsub)
    x$fpl$printf1                            0x08006f34   Section        4  printf1.o(x$fpl$printf1)
    .constdata                               0x08006f38   Section       46  tdc_gpx2.o(.constdata)
    x$fpl$usenofp                            0x08006f38   Section        0  usenofp.o(x$fpl$usenofp)
    .constdata                               0x08006f66   Section      256  os_core.o(.constdata)
    .constdata                               0x08007066   Section       17  __printf_flags_wp.o(.constdata)
    maptable                                 0x08007066   Data          17  __printf_flags_wp.o(.constdata)
    .constdata                               0x08007078   Section      148  bigflt0.o(.constdata)
    tenpwrs_x                                0x08007078   Data          60  bigflt0.o(.constdata)
    tenpwrs_i                                0x080070b4   Data          64  bigflt0.o(.constdata)
    locale$$data                             0x0800712c   Section       28  lc_numeric_c.o(locale$$data)
    __lcnum_c_name                           0x08007130   Data           2  lc_numeric_c.o(locale$$data)
    __lcnum_c_start                          0x08007138   Data           0  lc_numeric_c.o(locale$$data)
    __lcnum_c_point                          0x08007144   Data           0  lc_numeric_c.o(locale$$data)
    __lcnum_c_thousands                      0x08007146   Data           0  lc_numeric_c.o(locale$$data)
    __lcnum_c_grouping                       0x08007147   Data           0  lc_numeric_c.o(locale$$data)
    __lcnum_c_end                            0x08007148   Data           0  lc_numeric_c.o(locale$$data)
    .data                                    0x20000000   Section       40  main.o(.data)
    ADC_Value                                0x20000018   Data           8  main.o(.data)
    err                                      0x20000020   Data           8  main.o(.data)
    .data                                    0x20000028   Section       20  system_stm32f10x.o(.data)
    .data                                    0x2000003c   Section        3  tdc_gpx2.o(.data)
    .data                                    0x20000040   Section        4  laser.o(.data)
    .data                                    0x20000044   Section        2  agc.o(.data)
    .data                                    0x20000046   Section        1  key.o(.data)
    key_up                                   0x20000046   Data           1  key.o(.data)
    .data                                    0x20000048   Section        4  delay.o(.data)
    fac_us                                   0x20000048   Data           1  delay.o(.data)
    fac_ms                                   0x2000004a   Data           2  delay.o(.data)
    .data                                    0x2000004c   Section        6  usart.o(.data)
    .data                                    0x20000052   Section       20  stm32f10x_rcc.o(.data)
    APBAHBPrescTable                         0x20000052   Data          16  stm32f10x_rcc.o(.data)
    ADCPrescTable                            0x20000062   Data           4  stm32f10x_rcc.o(.data)
    .data                                    0x20000068   Section       72  os_core.o(.data)
    .bss                                     0x200000b0   Section     4768  main.o(.bss)
    .bss                                     0x20001350   Section      200  usart.o(.bss)
    .bss                                     0x20001418   Section     2688  os_core.o(.bss)
    .bss                                     0x20001e98   Section       96  libspace.o(.bss)
    HEAP                                     0x20001ef8   Section      512  startup_stm32f10x_hd.o(HEAP)
    Heap_Mem                                 0x20001ef8   Data         512  startup_stm32f10x_hd.o(HEAP)
    STACK                                    0x200020f8   Section     1024  startup_stm32f10x_hd.o(STACK)
    Stack_Mem                                0x200020f8   Data        1024  startup_stm32f10x_hd.o(STACK)
    __initial_sp                             0x200024f8   Data           0  startup_stm32f10x_hd.o(STACK)
    .ARM.__AT_0x68000000                     0x68000000   Section    983040  malloc.o(.ARM.__AT_0x68000000)
    .ARM.__AT_0x680F0000                     0x680f0000   Section    61440  malloc.o(.ARM.__AT_0x680F0000)

    Global Symbols

    Symbol Name                              Value     Ov Type        Size  Object(Section)

    BuildAttributes$$THM_ISAv4$P$D$K$B$S$PE$A:L22UL41UL21$X:L11$S22US41US21$IEEE1$IW$USESV6$~STKCKD$USESV7$~SHL$OTIME$ROPI$IEEEJ$EBA8$UX$STANDARDLIB$REQ8$PRES8$EABIv2 0x00000000   Number         0  anon$$obj.o ABSOLUTE
    __ARM_use_no_argv                        0x00000000   Number         0  main.o ABSOLUTE
    _printf_flags                            0x00000000   Number         0  printf_stubs.o ABSOLUTE
    _printf_return_value                     0x00000000   Number         0  printf_stubs.o ABSOLUTE
    _printf_sizespec                         0x00000000   Number         0  printf_stubs.o ABSOLUTE
    _printf_widthprec                        0x00000000   Number         0  printf_stubs.o ABSOLUTE
    __ARM_exceptions_init                     - Undefined Weak Reference
    __alloca_initialize                       - Undefined Weak Reference
    __arm_preinit_                            - Undefined Weak Reference
    __cpp_initialize__aeabi_                  - Undefined Weak Reference
    __cxa_finalize                            - Undefined Weak Reference
    __sigvec_lookup                           - Undefined Weak Reference
    _atexit_init                              - Undefined Weak Reference
    _call_atexit_fns                          - Undefined Weak Reference
    _clock_init                               - Undefined Weak Reference
    _fp_trap_init                             - Undefined Weak Reference
    _fp_trap_shutdown                         - Undefined Weak Reference
    _get_lc_collate                           - Undefined Weak Reference
    _get_lc_ctype                             - Undefined Weak Reference
    _get_lc_monetary                          - Undefined Weak Reference
    _get_lc_time                              - Undefined Weak Reference
    _getenv_init                              - Undefined Weak Reference
    _handle_redirection                       - Undefined Weak Reference
    _init_alloc                               - Undefined Weak Reference
    _init_user_alloc                          - Undefined Weak Reference
    _initio                                   - Undefined Weak Reference
    _mutex_acquire                            - Undefined Weak Reference
    _mutex_release                            - Undefined Weak Reference
    _printf_truncate_signed                   - Undefined Weak Reference
    _printf_truncate_unsigned                 - Undefined Weak Reference
    _rand_init                                - Undefined Weak Reference
    _signal_finish                            - Undefined Weak Reference
    _signal_init                              - Undefined Weak Reference
    _terminate_alloc                          - Undefined Weak Reference
    _terminate_user_alloc                     - Undefined Weak Reference
    _terminateio                              - Undefined Weak Reference
    __Vectors_Size                           0x00000130   Number         0  startup_stm32f10x_hd.o ABSOLUTE
    __Vectors                                0x08000000   Data           4  startup_stm32f10x_hd.o(RESET)
    __Vectors_End                            0x08000130   Data           0  startup_stm32f10x_hd.o(RESET)
    __main                                   0x08000131   Thumb Code     8  __main.o(!!!main)
    __scatterload                            0x08000139   Thumb Code     0  __scatter.o(!!!scatter)
    __scatterload_rt2                        0x08000139   Thumb Code    44  __scatter.o(!!!scatter)
    __scatterload_rt2_thumb_only             0x08000139   Thumb Code     0  __scatter.o(!!!scatter)
    __scatterload_null                       0x08000147   Thumb Code     0  __scatter.o(!!!scatter)
    __scatterload_copy                       0x0800016d   Thumb Code    26  __scatter_copy.o(!!handler_copy)
    __scatterload_zeroinit                   0x08000189   Thumb Code    28  __scatter_zi.o(!!handler_zi)
    _printf_f                                0x080001a5   Thumb Code     0  _printf_f.o(.ARM.Collect$$_printf_percent$$00000003)
    _printf_percent                          0x080001a5   Thumb Code     0  _printf_percent.o(.ARM.Collect$$_printf_percent$$00000000)
    _printf_d                                0x080001ab   Thumb Code     0  _printf_d.o(.ARM.Collect$$_printf_percent$$00000009)
    _printf_percent_end                      0x080001b1   Thumb Code     0  _printf_percent_end.o(.ARM.Collect$$_printf_percent$$00000017)
    __rt_lib_init                            0x080001b5   Thumb Code     0  libinit.o(.ARM.Collect$$libinit$$00000000)
    __rt_lib_init_fp_1                       0x080001b7   Thumb Code     0  libinit2.o(.ARM.Collect$$libinit$$00000002)
    __rt_lib_init_heap_1                     0x080001b7   Thumb Code     0  libinit2.o(.ARM.Collect$$libinit$$0000000A)
    __rt_lib_init_lc_common                  0x080001b7   Thumb Code     0  libinit2.o(.ARM.Collect$$libinit$$0000000F)
    __rt_lib_init_preinit_1                  0x080001b7   Thumb Code     0  libinit2.o(.ARM.Collect$$libinit$$00000004)
    __rt_lib_init_rand_1                     0x080001b7   Thumb Code     0  libinit2.o(.ARM.Collect$$libinit$$0000000E)
    __rt_lib_init_user_alloc_1               0x080001b7   Thumb Code     0  libinit2.o(.ARM.Collect$$libinit$$0000000C)
    __rt_lib_init_lc_collate_1               0x080001bd   Thumb Code     0  libinit2.o(.ARM.Collect$$libinit$$00000011)
    __rt_lib_init_lc_ctype_1                 0x080001bd   Thumb Code     0  libinit2.o(.ARM.Collect$$libinit$$00000013)
    __rt_lib_init_lc_monetary_1              0x080001bd   Thumb Code     0  libinit2.o(.ARM.Collect$$libinit$$00000015)
    __rt_lib_init_lc_numeric_2               0x080001bd   Thumb Code     0  libinit2.o(.ARM.Collect$$libinit$$00000016)
    __rt_lib_init_alloca_1                   0x080001c7   Thumb Code     0  libinit2.o(.ARM.Collect$$libinit$$0000002E)
    __rt_lib_init_argv_1                     0x080001c7   Thumb Code     0  libinit2.o(.ARM.Collect$$libinit$$0000002C)
    __rt_lib_init_atexit_1                   0x080001c7   Thumb Code     0  libinit2.o(.ARM.Collect$$libinit$$0000001B)
    __rt_lib_init_clock_1                    0x080001c7   Thumb Code     0  libinit2.o(.ARM.Collect$$libinit$$00000021)
    __rt_lib_init_cpp_1                      0x080001c7   Thumb Code     0  libinit2.o(.ARM.Collect$$libinit$$00000032)
    __rt_lib_init_exceptions_1               0x080001c7   Thumb Code     0  libinit2.o(.ARM.Collect$$libinit$$00000030)
    __rt_lib_init_fp_trap_1                  0x080001c7   Thumb Code     0  libinit2.o(.ARM.Collect$$libinit$$0000001F)
    __rt_lib_init_getenv_1                   0x080001c7   Thumb Code     0  libinit2.o(.ARM.Collect$$libinit$$00000023)
    __rt_lib_init_lc_numeric_1               0x080001c7   Thumb Code     0  libinit2.o(.ARM.Collect$$libinit$$00000017)
    __rt_lib_init_lc_time_1                  0x080001c7   Thumb Code     0  libinit2.o(.ARM.Collect$$libinit$$00000019)
    __rt_lib_init_return                     0x080001c7   Thumb Code     0  libinit2.o(.ARM.Collect$$libinit$$00000033)
    __rt_lib_init_signal_1                   0x080001c7   Thumb Code     0  libinit2.o(.ARM.Collect$$libinit$$0000001D)
    __rt_lib_init_stdio_1                    0x080001c7   Thumb Code     0  libinit2.o(.ARM.Collect$$libinit$$00000025)
    __rt_lib_shutdown                        0x080001c9   Thumb Code     0  libshutdown.o(.ARM.Collect$$libshutdown$$00000000)
    __rt_lib_shutdown_fp_trap_1              0x080001cb   Thumb Code     0  libshutdown2.o(.ARM.Collect$$libshutdown$$00000006)
    __rt_lib_shutdown_heap_1                 0x080001cb   Thumb Code     0  libshutdown2.o(.ARM.Collect$$libshutdown$$0000000E)
    __rt_lib_shutdown_return                 0x080001cb   Thumb Code     0  libshutdown2.o(.ARM.Collect$$libshutdown$$0000000F)
    __rt_lib_shutdown_signal_1               0x080001cb   Thumb Code     0  libshutdown2.o(.ARM.Collect$$libshutdown$$00000009)
    __rt_lib_shutdown_stdio_1                0x080001cb   Thumb Code     0  libshutdown2.o(.ARM.Collect$$libshutdown$$00000003)
    __rt_lib_shutdown_user_alloc_1           0x080001cb   Thumb Code     0  libshutdown2.o(.ARM.Collect$$libshutdown$$0000000B)
    __rt_entry                               0x080001cd   Thumb Code     0  __rtentry.o(.ARM.Collect$$rtentry$$00000000)
    __rt_entry_presh_1                       0x080001cd   Thumb Code     0  __rtentry2.o(.ARM.Collect$$rtentry$$00000002)
    __rt_entry_sh                            0x080001cd   Thumb Code     0  __rtentry4.o(.ARM.Collect$$rtentry$$00000004)
    __rt_entry_li                            0x080001d3   Thumb Code     0  __rtentry2.o(.ARM.Collect$$rtentry$$0000000A)
    __rt_entry_postsh_1                      0x080001d3   Thumb Code     0  __rtentry2.o(.ARM.Collect$$rtentry$$00000009)
    __rt_entry_main                          0x080001d7   Thumb Code     0  __rtentry2.o(.ARM.Collect$$rtentry$$0000000D)
    __rt_entry_postli_1                      0x080001d7   Thumb Code     0  __rtentry2.o(.ARM.Collect$$rtentry$$0000000C)
    __rt_exit                                0x080001df   Thumb Code     0  rtexit.o(.ARM.Collect$$rtexit$$00000000)
    __rt_exit_ls                             0x080001e1   Thumb Code     0  rtexit2.o(.ARM.Collect$$rtexit$$00000003)
    __rt_exit_prels_1                        0x080001e1   Thumb Code     0  rtexit2.o(.ARM.Collect$$rtexit$$00000002)
    __rt_exit_exit                           0x080001e5   Thumb Code     0  rtexit2.o(.ARM.Collect$$rtexit$$00000004)
    agc_control                              0x080001ed   Thumb Code   278  main.o(.text)
    agc_task                                 0x08000303   Thumb Code    18  main.o(.text)
    partiton_time_data                       0x08000315   Thumb Code   148  main.o(.text)
    q_sort_time_data                         0x080003a9   Thumb Code    46  main.o(.text)
    quick_sort_time_data                     0x080003d7   Thumb Code    18  main.o(.text)
    handle_task                              0x080003e9   Thumb Code   192  main.o(.text)
    create_time_data                         0x080004a9   Thumb Code    14  main.o(.text)
    gen_task                                 0x080004b7   Thumb Code   366  main.o(.text)
    dou_ch_data                              0x08000625   Thumb Code    98  main.o(.text)
    my_log                                   0x08000687   Thumb Code   226  main.o(.text)
    out_mode_set                             0x08000769   Thumb Code    28  main.o(.text)
    master_task                              0x08000785   Thumb Code  1330  main.o(.text)
    start_task                               0x08000cb7   Thumb Code   120  main.o(.text)
    main                                     0x08000d2f   Thumb Code   154  main.o(.text)
    ch_data_dou                              0x08000dc9   Thumb Code    62  main.o(.text)
    ch_data_u32                              0x08000e07   Thumb Code    22  main.o(.text)
    u32_dou                                  0x08000e1d   Thumb Code    54  main.o(.text)
    dou_u32                                  0x08000e53   Thumb Code    36  main.o(.text)
    print_ch_data                            0x08000e77   Thumb Code    36  main.o(.text)
    print_int_data                           0x08000e9b   Thumb Code    28  main.o(.text)
    partiton_int_data                        0x08000eb7   Thumb Code   252  main.o(.text)
    q_sort_int_data                          0x08000fb3   Thumb Code    46  main.o(.text)
    quick_sort_int_data                      0x08000fe1   Thumb Code    18  main.o(.text)
    NMI_Handler                              0x08000ff5   Thumb Code     2  stm32f10x_it.o(.text)
    HardFault_Handler                        0x08000ff7   Thumb Code    10  stm32f10x_it.o(.text)
    MemManage_Handler                        0x08001001   Thumb Code     4  stm32f10x_it.o(.text)
    BusFault_Handler                         0x08001005   Thumb Code     4  stm32f10x_it.o(.text)
    UsageFault_Handler                       0x08001009   Thumb Code     4  stm32f10x_it.o(.text)
    SVC_Handler                              0x0800100d   Thumb Code     2  stm32f10x_it.o(.text)
    DebugMon_Handler                         0x0800100f   Thumb Code     2  stm32f10x_it.o(.text)
    SystemInit                               0x08001103   Thumb Code    78  system_stm32f10x.o(.text)
    SystemCoreClockUpdate                    0x08001151   Thumb Code   142  system_stm32f10x.o(.text)
    spi_init                                 0x08001205   Thumb Code    86  spi.o(.text)
    send_byte_to_SPI                         0x0800125b   Thumb Code    62  spi.o(.text)
    read_byte_from_SPI                       0x08001299   Thumb Code    64  spi.o(.text)
    tdc_init                                 0x080012e5   Thumb Code    74  tdc_gpx2.o(.text)
    tdc_config                               0x0800132f   Thumb Code   192  tdc_gpx2.o(.text)
    tdc_measure                              0x080013ef   Thumb Code   362  tdc_gpx2.o(.text)
    laser_init                               0x08001575   Thumb Code   150  laser.o(.text)
    gpioc_to_io                              0x0800160b   Thumb Code    70  laser.o(.text)
    nop                                      0x08001651   Thumb Code     2  laser.o(.text)
    laser_plus                               0x08001653   Thumb Code    22  laser.o(.text)
    laser_on                                 0x08001669   Thumb Code    42  laser.o(.text)
    tpl0202_init                             0x080016b9   Thumb Code    88  tpl0202.o(.text)
    send_spi_16                              0x08001711   Thumb Code   110  tpl0202.o(.text)
    T_send_spi_16                            0x0800177f   Thumb Code   118  tpl0202.o(.text)
    T_write_wa                               0x080017f5   Thumb Code    14  tpl0202.o(.text)
    T_write_wb                               0x08001803   Thumb Code    14  tpl0202.o(.text)
    write_wa                                 0x08001811   Thumb Code    26  tpl0202.o(.text)
    write_wb                                 0x0800182b   Thumb Code    26  tpl0202.o(.text)
    write_nva                                0x08001845   Thumb Code    26  tpl0202.o(.text)
    write_nvb                                0x0800185f   Thumb Code    26  tpl0202.o(.text)
    copy_both_nv_to_wr                       0x08001879   Thumb Code    26  tpl0202.o(.text)
    copy_both_wr_to_nv                       0x08001893   Thumb Code    26  tpl0202.o(.text)
    tlv5636_init                             0x080018c5   Thumb Code    78  tlv5636.o(.text)
    tlv5636SendData16                        0x08001913   Thumb Code   116  tlv5636.o(.text)
    setRefValue                              0x08001987   Thumb Code    24  tlv5636.o(.text)
    setDacValueBin                           0x0800199f   Thumb Code    26  tlv5636.o(.text)
    agc_init                                 0x080019c5   Thumb Code    42  agc.o(.text)
    adc_init                                 0x080019ef   Thumb Code   248  agc.o(.text)
    KEY_Init                                 0x08001afd   Thumb Code    32  key.o(.text)
    KEY_Scan                                 0x08001b1d   Thumb Code    78  key.o(.text)
    delay_osschedlock                        0x08001b75   Thumb Code     8  delay.o(.text)
    delay_osschedunlock                      0x08001b7d   Thumb Code     8  delay.o(.text)
    delay_ostimedly                          0x08001b85   Thumb Code    12  delay.o(.text)
    SysTick_Handler                          0x08001b91   Thumb Code    24  delay.o(.text)
    delay_init                               0x08001ba9   Thumb Code    76  delay.o(.text)
    delay_us                                 0x08001bf5   Thumb Code    86  delay.o(.text)
    delay_ms                                 0x08001c4b   Thumb Code    66  delay.o(.text)
    _sys_exit                                0x08001ca5   Thumb Code     6  usart.o(.text)
    fputc                                    0x08001cab   Thumb Code    24  usart.o(.text)
    uart_init                                0x08001cc3   Thumb Code   162  usart.o(.text)
    USART1_IRQHandler                        0x08001d65   Thumb Code   130  usart.o(.text)
    Reset_Handler                            0x08001df9   Thumb Code     8  startup_stm32f10x_hd.o(.text)
    ADC1_2_IRQHandler                        0x08001e13   Thumb Code     0  startup_stm32f10x_hd.o(.text)
    ADC3_IRQHandler                          0x08001e13   Thumb Code     0  startup_stm32f10x_hd.o(.text)
    CAN1_RX1_IRQHandler                      0x08001e13   Thumb Code     0  startup_stm32f10x_hd.o(.text)
    CAN1_SCE_IRQHandler                      0x08001e13   Thumb Code     0  startup_stm32f10x_hd.o(.text)
    DMA1_Channel1_IRQHandler                 0x08001e13   Thumb Code     0  startup_stm32f10x_hd.o(.text)
    DMA1_Channel2_IRQHandler                 0x08001e13   Thumb Code     0  startup_stm32f10x_hd.o(.text)
    DMA1_Channel3_IRQHandler                 0x08001e13   Thumb Code     0  startup_stm32f10x_hd.o(.text)
    DMA1_Channel4_IRQHandler                 0x08001e13   Thumb Code     0  startup_stm32f10x_hd.o(.text)
    DMA1_Channel5_IRQHandler                 0x08001e13   Thumb Code     0  startup_stm32f10x_hd.o(.text)
    DMA1_Channel6_IRQHandler                 0x08001e13   Thumb Code     0  startup_stm32f10x_hd.o(.text)
    DMA1_Channel7_IRQHandler                 0x08001e13   Thumb Code     0  startup_stm32f10x_hd.o(.text)
    DMA2_Channel1_IRQHandler                 0x08001e13   Thumb Code     0  startup_stm32f10x_hd.o(.text)
    DMA2_Channel2_IRQHandler                 0x08001e13   Thumb Code     0  startup_stm32f10x_hd.o(.text)
    DMA2_Channel3_IRQHandler                 0x08001e13   Thumb Code     0  startup_stm32f10x_hd.o(.text)
    DMA2_Channel4_5_IRQHandler               0x08001e13   Thumb Code     0  startup_stm32f10x_hd.o(.text)
    EXTI0_IRQHandler                         0x08001e13   Thumb Code     0  startup_stm32f10x_hd.o(.text)
    EXTI15_10_IRQHandler                     0x08001e13   Thumb Code     0  startup_stm32f10x_hd.o(.text)
    EXTI1_IRQHandler                         0x08001e13   Thumb Code     0  startup_stm32f10x_hd.o(.text)
    EXTI2_IRQHandler                         0x08001e13   Thumb Code     0  startup_stm32f10x_hd.o(.text)
    EXTI3_IRQHandler                         0x08001e13   Thumb Code     0  startup_stm32f10x_hd.o(.text)
    EXTI4_IRQHandler                         0x08001e13   Thumb Code     0  startup_stm32f10x_hd.o(.text)
    EXTI9_5_IRQHandler                       0x08001e13   Thumb Code     0  startup_stm32f10x_hd.o(.text)
    FLASH_IRQHandler                         0x08001e13   Thumb Code     0  startup_stm32f10x_hd.o(.text)
    FSMC_IRQHandler                          0x08001e13   Thumb Code     0  startup_stm32f10x_hd.o(.text)
    I2C1_ER_IRQHandler                       0x08001e13   Thumb Code     0  startup_stm32f10x_hd.o(.text)
    I2C1_EV_IRQHandler                       0x08001e13   Thumb Code     0  startup_stm32f10x_hd.o(.text)
    I2C2_ER_IRQHandler                       0x08001e13   Thumb Code     0  startup_stm32f10x_hd.o(.text)
    I2C2_EV_IRQHandler                       0x08001e13   Thumb Code     0  startup_stm32f10x_hd.o(.text)
    PVD_IRQHandler                           0x08001e13   Thumb Code     0  startup_stm32f10x_hd.o(.text)
    RCC_IRQHandler                           0x08001e13   Thumb Code     0  startup_stm32f10x_hd.o(.text)
    RTCAlarm_IRQHandler                      0x08001e13   Thumb Code     0  startup_stm32f10x_hd.o(.text)
    RTC_IRQHandler                           0x08001e13   Thumb Code     0  startup_stm32f10x_hd.o(.text)
    SDIO_IRQHandler                          0x08001e13   Thumb Code     0  startup_stm32f10x_hd.o(.text)
    SPI1_IRQHandler                          0x08001e13   Thumb Code     0  startup_stm32f10x_hd.o(.text)
    SPI2_IRQHandler                          0x08001e13   Thumb Code     0  startup_stm32f10x_hd.o(.text)
    SPI3_IRQHandler                          0x08001e13   Thumb Code     0  startup_stm32f10x_hd.o(.text)
    TAMPER_IRQHandler                        0x08001e13   Thumb Code     0  startup_stm32f10x_hd.o(.text)
    TIM1_BRK_IRQHandler                      0x08001e13   Thumb Code     0  startup_stm32f10x_hd.o(.text)
    TIM1_CC_IRQHandler                       0x08001e13   Thumb Code     0  startup_stm32f10x_hd.o(.text)
    TIM1_TRG_COM_IRQHandler                  0x08001e13   Thumb Code     0  startup_stm32f10x_hd.o(.text)
    TIM1_UP_IRQHandler                       0x08001e13   Thumb Code     0  startup_stm32f10x_hd.o(.text)
    TIM2_IRQHandler                          0x08001e13   Thumb Code     0  startup_stm32f10x_hd.o(.text)
    TIM3_IRQHandler                          0x08001e13   Thumb Code     0  startup_stm32f10x_hd.o(.text)
    TIM4_IRQHandler                          0x08001e13   Thumb Code     0  startup_stm32f10x_hd.o(.text)
    TIM5_IRQHandler                          0x08001e13   Thumb Code     0  startup_stm32f10x_hd.o(.text)
    TIM6_IRQHandler                          0x08001e13   Thumb Code     0  startup_stm32f10x_hd.o(.text)
    TIM7_IRQHandler                          0x08001e13   Thumb Code     0  startup_stm32f10x_hd.o(.text)
    TIM8_BRK_IRQHandler                      0x08001e13   Thumb Code     0  startup_stm32f10x_hd.o(.text)
    TIM8_CC_IRQHandler                       0x08001e13   Thumb Code     0  startup_stm32f10x_hd.o(.text)
    TIM8_TRG_COM_IRQHandler                  0x08001e13   Thumb Code     0  startup_stm32f10x_hd.o(.text)
    TIM8_UP_IRQHandler                       0x08001e13   Thumb Code     0  startup_stm32f10x_hd.o(.text)
    UART4_IRQHandler                         0x08001e13   Thumb Code     0  startup_stm32f10x_hd.o(.text)
    UART5_IRQHandler                         0x08001e13   Thumb Code     0  startup_stm32f10x_hd.o(.text)
    USART2_IRQHandler                        0x08001e13   Thumb Code     0  startup_stm32f10x_hd.o(.text)
    USART3_IRQHandler                        0x08001e13   Thumb Code     0  startup_stm32f10x_hd.o(.text)
    USBWakeUp_IRQHandler                     0x08001e13   Thumb Code     0  startup_stm32f10x_hd.o(.text)
    USB_HP_CAN1_TX_IRQHandler                0x08001e13   Thumb Code     0  startup_stm32f10x_hd.o(.text)
    USB_LP_CAN1_RX0_IRQHandler               0x08001e13   Thumb Code     0  startup_stm32f10x_hd.o(.text)
    WWDG_IRQHandler                          0x08001e13   Thumb Code     0  startup_stm32f10x_hd.o(.text)
    __user_initial_stackheap                 0x08001e15   Thumb Code     0  startup_stm32f10x_hd.o(.text)
    NVIC_PriorityGroupConfig                 0x08001e39   Thumb Code    10  misc.o(.text)
    NVIC_Init                                0x08001e43   Thumb Code   100  misc.o(.text)
    NVIC_SetVectorTable                      0x08001ea7   Thumb Code    14  misc.o(.text)
    NVIC_SystemLPConfig                      0x08001eb5   Thumb Code    34  misc.o(.text)
    SysTick_CLKSourceConfig                  0x08001ed7   Thumb Code    40  misc.o(.text)
    GPIO_DeInit                              0x08001f15   Thumb Code   172  stm32f10x_gpio.o(.text)
    GPIO_AFIODeInit                          0x08001fc1   Thumb Code    20  stm32f10x_gpio.o(.text)
    GPIO_Init                                0x08001fd5   Thumb Code   278  stm32f10x_gpio.o(.text)
    GPIO_StructInit                          0x080020eb   Thumb Code    16  stm32f10x_gpio.o(.text)
    GPIO_ReadInputDataBit                    0x080020fb   Thumb Code    18  stm32f10x_gpio.o(.text)
    GPIO_ReadInputData                       0x0800210d   Thumb Code     8  stm32f10x_gpio.o(.text)
    GPIO_ReadOutputDataBit                   0x08002115   Thumb Code    18  stm32f10x_gpio.o(.text)
    GPIO_ReadOutputData                      0x08002127   Thumb Code     8  stm32f10x_gpio.o(.text)
    GPIO_SetBits                             0x0800212f   Thumb Code     4  stm32f10x_gpio.o(.text)
    GPIO_ResetBits                           0x08002133   Thumb Code     4  stm32f10x_gpio.o(.text)
    GPIO_WriteBit                            0x08002137   Thumb Code    10  stm32f10x_gpio.o(.text)
    GPIO_Write                               0x08002141   Thumb Code     4  stm32f10x_gpio.o(.text)
    GPIO_PinLockConfig                       0x08002145   Thumb Code    18  stm32f10x_gpio.o(.text)
    GPIO_EventOutputConfig                   0x08002157   Thumb Code    26  stm32f10x_gpio.o(.text)
    GPIO_EventOutputCmd                      0x08002171   Thumb Code     6  stm32f10x_gpio.o(.text)
    GPIO_PinRemapConfig                      0x08002177   Thumb Code   138  stm32f10x_gpio.o(.text)
    GPIO_EXTILineConfig                      0x08002201   Thumb Code    66  stm32f10x_gpio.o(.text)
    GPIO_ETH_MediaInterfaceConfig            0x08002243   Thumb Code     8  stm32f10x_gpio.o(.text)
    RCC_DeInit                               0x08002271   Thumb Code    64  stm32f10x_rcc.o(.text)
    RCC_HSEConfig                            0x080022b1   Thumb Code    70  stm32f10x_rcc.o(.text)
    RCC_GetFlagStatus                        0x080022f7   Thumb Code    56  stm32f10x_rcc.o(.text)
    RCC_WaitForHSEStartUp                    0x0800232f   Thumb Code    56  stm32f10x_rcc.o(.text)
    RCC_AdjustHSICalibrationValue            0x08002367   Thumb Code    20  stm32f10x_rcc.o(.text)
    RCC_HSICmd                               0x0800237b   Thumb Code     6  stm32f10x_rcc.o(.text)
    RCC_PLLConfig                            0x08002381   Thumb Code    24  stm32f10x_rcc.o(.text)
    RCC_PLLCmd                               0x08002399   Thumb Code     6  stm32f10x_rcc.o(.text)
    RCC_SYSCLKConfig                         0x0800239f   Thumb Code    18  stm32f10x_rcc.o(.text)
    RCC_GetSYSCLKSource                      0x080023b1   Thumb Code    10  stm32f10x_rcc.o(.text)
    RCC_HCLKConfig                           0x080023bb   Thumb Code    18  stm32f10x_rcc.o(.text)
    RCC_PCLK1Config                          0x080023cd   Thumb Code    18  stm32f10x_rcc.o(.text)
    RCC_PCLK2Config                          0x080023df   Thumb Code    20  stm32f10x_rcc.o(.text)
    RCC_ITConfig                             0x080023f3   Thumb Code    26  stm32f10x_rcc.o(.text)
    RCC_USBCLKConfig                         0x0800240d   Thumb Code     8  stm32f10x_rcc.o(.text)
    RCC_ADCCLKConfig                         0x08002415   Thumb Code    18  stm32f10x_rcc.o(.text)
    RCC_LSEConfig                            0x08002427   Thumb Code    50  stm32f10x_rcc.o(.text)
    RCC_LSICmd                               0x08002459   Thumb Code     6  stm32f10x_rcc.o(.text)
    RCC_RTCCLKConfig                         0x0800245f   Thumb Code    12  stm32f10x_rcc.o(.text)
    RCC_RTCCLKCmd                            0x0800246b   Thumb Code     8  stm32f10x_rcc.o(.text)
    RCC_GetClocksFreq                        0x08002473   Thumb Code   192  stm32f10x_rcc.o(.text)
    RCC_AHBPeriphClockCmd                    0x08002533   Thumb Code    26  stm32f10x_rcc.o(.text)
    RCC_APB2PeriphClockCmd                   0x0800254d   Thumb Code    26  stm32f10x_rcc.o(.text)
    RCC_APB1PeriphClockCmd                   0x08002567   Thumb Code    26  stm32f10x_rcc.o(.text)
    RCC_APB2PeriphResetCmd                   0x08002581   Thumb Code    26  stm32f10x_rcc.o(.text)
    RCC_APB1PeriphResetCmd                   0x0800259b   Thumb Code    26  stm32f10x_rcc.o(.text)
    RCC_BackupResetCmd                       0x080025b5   Thumb Code     8  stm32f10x_rcc.o(.text)
    RCC_ClockSecuritySystemCmd               0x080025bd   Thumb Code     6  stm32f10x_rcc.o(.text)
    RCC_MCOConfig                            0x080025c3   Thumb Code     6  stm32f10x_rcc.o(.text)
    RCC_ClearFlag                            0x080025c9   Thumb Code    14  stm32f10x_rcc.o(.text)
    RCC_GetITStatus                          0x080025d7   Thumb Code    20  stm32f10x_rcc.o(.text)
    RCC_ClearITPendingBit                    0x080025eb   Thumb Code     6  stm32f10x_rcc.o(.text)
    USART_DeInit                             0x08002615   Thumb Code   134  stm32f10x_usart.o(.text)
    USART_Init                               0x0800269b   Thumb Code   210  stm32f10x_usart.o(.text)
    USART_StructInit                         0x0800276d   Thumb Code    24  stm32f10x_usart.o(.text)
    USART_ClockInit                          0x08002785   Thumb Code    34  stm32f10x_usart.o(.text)
    USART_ClockStructInit                    0x080027a7   Thumb Code    12  stm32f10x_usart.o(.text)
    USART_Cmd                                0x080027b3   Thumb Code    24  stm32f10x_usart.o(.text)
    USART_ITConfig                           0x080027cb   Thumb Code    74  stm32f10x_usart.o(.text)
    USART_DMACmd                             0x08002815   Thumb Code    18  stm32f10x_usart.o(.text)
    USART_SetAddress                         0x08002827   Thumb Code    18  stm32f10x_usart.o(.text)
    USART_WakeUpConfig                       0x08002839   Thumb Code    18  stm32f10x_usart.o(.text)
    USART_ReceiverWakeUpCmd                  0x0800284b   Thumb Code    24  stm32f10x_usart.o(.text)
    USART_LINBreakDetectLengthConfig         0x08002863   Thumb Code    18  stm32f10x_usart.o(.text)
    USART_LINCmd                             0x08002875   Thumb Code    24  stm32f10x_usart.o(.text)
    USART_SendData                           0x0800288d   Thumb Code     8  stm32f10x_usart.o(.text)
    USART_ReceiveData                        0x08002895   Thumb Code    10  stm32f10x_usart.o(.text)
    USART_SendBreak                          0x0800289f   Thumb Code    10  stm32f10x_usart.o(.text)
    USART_SetGuardTime                       0x080028a9   Thumb Code    16  stm32f10x_usart.o(.text)
    USART_SetPrescaler                       0x080028b9   Thumb Code    16  stm32f10x_usart.o(.text)
    USART_SmartCardCmd                       0x080028c9   Thumb Code    24  stm32f10x_usart.o(.text)
    USART_SmartCardNACKCmd                   0x080028e1   Thumb Code    24  stm32f10x_usart.o(.text)
    USART_HalfDuplexCmd                      0x080028f9   Thumb Code    24  stm32f10x_usart.o(.text)
    USART_OverSampling8Cmd                   0x08002911   Thumb Code    22  stm32f10x_usart.o(.text)
    USART_OneBitMethodCmd                    0x08002927   Thumb Code    24  stm32f10x_usart.o(.text)
    USART_IrDAConfig                         0x0800293f   Thumb Code    18  stm32f10x_usart.o(.text)
    USART_IrDACmd                            0x08002951   Thumb Code    24  stm32f10x_usart.o(.text)
    USART_GetFlagStatus                      0x08002969   Thumb Code    26  stm32f10x_usart.o(.text)
    USART_ClearFlag                          0x08002983   Thumb Code    18  stm32f10x_usart.o(.text)
    USART_GetITStatus                        0x08002995   Thumb Code    84  stm32f10x_usart.o(.text)
    USART_ClearITPendingBit                  0x080029e9   Thumb Code    52  stm32f10x_usart.o(.text)
    PWR_DeInit                               0x08002a1d   Thumb Code    22  stm32f10x_pwr.o(.text)
    PWR_BackupAccessCmd                      0x08002a33   Thumb Code     6  stm32f10x_pwr.o(.text)
    PWR_PVDCmd                               0x08002a39   Thumb Code     6  stm32f10x_pwr.o(.text)
    PWR_PVDLevelConfig                       0x08002a3f   Thumb Code    18  stm32f10x_pwr.o(.text)
    PWR_WakeUpPinCmd                         0x08002a51   Thumb Code     8  stm32f10x_pwr.o(.text)
    PWR_EnterSTOPMode                        0x08002a59   Thumb Code    54  stm32f10x_pwr.o(.text)
    PWR_EnterSTANDBYMode                     0x08002a8f   Thumb Code    42  stm32f10x_pwr.o(.text)
    PWR_GetFlagStatus                        0x08002ab9   Thumb Code    20  stm32f10x_pwr.o(.text)
    PWR_ClearFlag                            0x08002acd   Thumb Code    14  stm32f10x_pwr.o(.text)
    BKP_DeInit                               0x08002ae9   Thumb Code    16  stm32f10x_bkp.o(.text)
    BKP_TamperPinLevelConfig                 0x08002af9   Thumb Code     6  stm32f10x_bkp.o(.text)
    BKP_TamperPinCmd                         0x08002aff   Thumb Code     8  stm32f10x_bkp.o(.text)
    BKP_ITConfig                             0x08002b07   Thumb Code     8  stm32f10x_bkp.o(.text)
    BKP_RTCOutputConfig                      0x08002b0f   Thumb Code    22  stm32f10x_bkp.o(.text)
    BKP_SetRTCCalibrationValue               0x08002b25   Thumb Code    22  stm32f10x_bkp.o(.text)
    BKP_WriteBackupRegister                  0x08002b3b   Thumb Code    24  stm32f10x_bkp.o(.text)
    BKP_ReadBackupRegister                   0x08002b53   Thumb Code    26  stm32f10x_bkp.o(.text)
    BKP_GetFlagStatus                        0x08002b6d   Thumb Code    10  stm32f10x_bkp.o(.text)
    BKP_ClearFlag                            0x08002b77   Thumb Code    18  stm32f10x_bkp.o(.text)
    BKP_GetITStatus                          0x08002b89   Thumb Code    10  stm32f10x_bkp.o(.text)
    BKP_ClearITPendingBit                    0x08002b93   Thumb Code    18  stm32f10x_bkp.o(.text)
    ADC_DeInit                               0x08002bad   Thumb Code    78  stm32f10x_adc.o(.text)
    ADC_Init                                 0x08002bfb   Thumb Code    70  stm32f10x_adc.o(.text)
    ADC_StructInit                           0x08002c41   Thumb Code    18  stm32f10x_adc.o(.text)
    ADC_Cmd                                  0x08002c53   Thumb Code    22  stm32f10x_adc.o(.text)
    ADC_DMACmd                               0x08002c69   Thumb Code    22  stm32f10x_adc.o(.text)
    ADC_ITConfig                             0x08002c7f   Thumb Code    24  stm32f10x_adc.o(.text)
    ADC_ResetCalibration                     0x08002c97   Thumb Code    10  stm32f10x_adc.o(.text)
    ADC_GetResetCalibrationStatus            0x08002ca1   Thumb Code    20  stm32f10x_adc.o(.text)
    ADC_StartCalibration                     0x08002cb5   Thumb Code    10  stm32f10x_adc.o(.text)
    ADC_GetCalibrationStatus                 0x08002cbf   Thumb Code    20  stm32f10x_adc.o(.text)
    ADC_SoftwareStartConvCmd                 0x08002cd3   Thumb Code    22  stm32f10x_adc.o(.text)
    ADC_GetSoftwareStartConvStatus           0x08002ce9   Thumb Code    20  stm32f10x_adc.o(.text)
    ADC_DiscModeChannelCountConfig           0x08002cfd   Thumb Code    24  stm32f10x_adc.o(.text)
    ADC_DiscModeCmd                          0x08002d15   Thumb Code    22  stm32f10x_adc.o(.text)
    ADC_RegularChannelConfig                 0x08002d2b   Thumb Code   184  stm32f10x_adc.o(.text)
    ADC_ExternalTrigConvCmd                  0x08002de3   Thumb Code    22  stm32f10x_adc.o(.text)
    ADC_GetConversionValue                   0x08002df9   Thumb Code     8  stm32f10x_adc.o(.text)
    ADC_GetDualModeConversionValue           0x08002e01   Thumb Code     8  stm32f10x_adc.o(.text)
    ADC_AutoInjectedConvCmd                  0x08002e09   Thumb Code    22  stm32f10x_adc.o(.text)
    ADC_InjectedDiscModeCmd                  0x08002e1f   Thumb Code    22  stm32f10x_adc.o(.text)
    ADC_ExternalTrigInjectedConvConfig       0x08002e35   Thumb Code    16  stm32f10x_adc.o(.text)
    ADC_ExternalTrigInjectedConvCmd          0x08002e45   Thumb Code    22  stm32f10x_adc.o(.text)
    ADC_SoftwareStartInjectedConvCmd         0x08002e5b   Thumb Code    22  stm32f10x_adc.o(.text)
    ADC_GetSoftwareStartInjectedConvCmdStatus 0x08002e71   Thumb Code    20  stm32f10x_adc.o(.text)
    ADC_InjectedChannelConfig                0x08002e85   Thumb Code   130  stm32f10x_adc.o(.text)
    ADC_InjectedSequencerLengthConfig        0x08002f07   Thumb Code    24  stm32f10x_adc.o(.text)
    ADC_SetInjectedOffset                    0x08002f1f   Thumb Code    20  stm32f10x_adc.o(.text)
    ADC_GetInjectedConversionValue           0x08002f33   Thumb Code    28  stm32f10x_adc.o(.text)
    ADC_AnalogWatchdogCmd                    0x08002f4f   Thumb Code    16  stm32f10x_adc.o(.text)
    ADC_AnalogWatchdogThresholdsConfig       0x08002f5f   Thumb Code     6  stm32f10x_adc.o(.text)
    ADC_AnalogWatchdogSingleChannelConfig    0x08002f65   Thumb Code    16  stm32f10x_adc.o(.text)
    ADC_TempSensorVrefintCmd                 0x08002f75   Thumb Code    64  stm32f10x_adc.o(.text)
    ADC_GetFlagStatus                        0x08002fb5   Thumb Code    18  stm32f10x_adc.o(.text)
    ADC_ClearFlag                            0x08002fc7   Thumb Code     6  stm32f10x_adc.o(.text)
    ADC_GetITStatus                          0x08002fcd   Thumb Code    36  stm32f10x_adc.o(.text)
    ADC_ClearITPendingBit                    0x08002ff1   Thumb Code    10  stm32f10x_adc.o(.text)
    DMA_DeInit                               0x08002ffd   Thumb Code   324  stm32f10x_dma.o(.text)
    DMA_Init                                 0x08003141   Thumb Code    60  stm32f10x_dma.o(.text)
    DMA_StructInit                           0x0800317d   Thumb Code    26  stm32f10x_dma.o(.text)
    DMA_Cmd                                  0x08003197   Thumb Code    24  stm32f10x_dma.o(.text)
    DMA_ITConfig                             0x080031af   Thumb Code    18  stm32f10x_dma.o(.text)
    DMA_SetCurrDataCounter                   0x080031c1   Thumb Code     4  stm32f10x_dma.o(.text)
    DMA_GetCurrDataCounter                   0x080031c5   Thumb Code     8  stm32f10x_dma.o(.text)
    DMA_GetFlagStatus                        0x080031cd   Thumb Code    40  stm32f10x_dma.o(.text)
    DMA_ClearFlag                            0x080031f5   Thumb Code    22  stm32f10x_dma.o(.text)
    DMA_GetITStatus                          0x0800320b   Thumb Code    40  stm32f10x_dma.o(.text)
    DMA_ClearITPendingBit                    0x08003233   Thumb Code    22  stm32f10x_dma.o(.text)
    OS_TaskStatStkChk                        0x08003251   Thumb Code    54  os_core.o(.text)
    OS_TaskStat                              0x08003287   Thumb Code   116  os_core.o(.text)
    OS_TaskIdle                              0x0800332f   Thumb Code    34  os_core.o(.text)
    OS_MemClr                                0x08003385   Thumb Code    18  os_core.o(.text)
    OSInit                                   0x080034a3   Thumb Code    44  os_core.o(.text)
    OSIntEnter                               0x080034cf   Thumb Code    28  os_core.o(.text)
    OSIntExit                                0x08003505   Thumb Code   112  os_core.o(.text)
    OSSchedLock                              0x08003575   Thumb Code    50  os_core.o(.text)
    OS_Sched                                 0x080035a7   Thumb Code    88  os_core.o(.text)
    OSSchedUnlock                            0x080035ff   Thumb Code   238  os_core.o(.text)
    OSStart                                  0x080036ed   Thumb Code    48  os_core.o(.text)
    OSStatInit                               0x0800371d   Thumb Code    62  os_core.o(.text)
    OSTimeTick                               0x0800375b   Thumb Code   210  os_core.o(.text)
    OSVersion                                0x0800382d   Thumb Code     6  os_core.o(.text)
    OS_Dummy                                 0x08003833   Thumb Code     2  os_core.o(.text)
    OS_EventTaskRemove                       0x08003835   Thumb Code    42  os_core.o(.text)
    OS_EventTaskRdy                          0x0800385f   Thumb Code   114  os_core.o(.text)
    OS_EventTaskWait                         0x080038d1   Thumb Code   112  os_core.o(.text)
    OS_EventWaitListInit                     0x08003941   Thumb Code    28  os_core.o(.text)
    OS_MemCopy                               0x0800395d   Thumb Code    20  os_core.o(.text)
    OS_StrLen                                0x08003971   Thumb Code    20  os_core.o(.text)
    OS_TCBInit                               0x08003985   Thumb Code   280  os_core.o(.text)
    OSFlagAccept                             0x08003ae1   Thumb Code   252  os_flag.o(.text)
    OSFlagCreate                             0x08003bdd   Thumb Code    86  os_flag.o(.text)
    OS_FlagUnlink                            0x08003c33   Thumb Code    36  os_flag.o(.text)
    OSFlagDel                                0x08003ca9   Thumb Code   214  os_flag.o(.text)
    OSFlagNameGet                            0x08003d7f   Thumb Code    80  os_flag.o(.text)
    OSFlagNameSet                            0x08003dcf   Thumb Code    66  os_flag.o(.text)
    OSFlagPend                               0x08003ea9   Thumb Code   614  os_flag.o(.text)
    OSFlagPendGetFlagsRdy                    0x0800410f   Thumb Code    26  os_flag.o(.text)
    OSFlagPost                               0x08004129   Thumb Code   312  os_flag.o(.text)
    OSFlagQuery                              0x08004261   Thumb Code    48  os_flag.o(.text)
    OS_FlagInit                              0x08004291   Thumb Code    78  os_flag.o(.text)
    OSQAccept                                0x080042ed   Thumb Code    88  os_q.o(.text)
    OSQCreate                                0x08004345   Thumb Code   140  os_q.o(.text)
    OSQDel                                   0x080043d1   Thumb Code   236  os_q.o(.text)
    OSQFlush                                 0x080044bd   Thumb Code    36  os_q.o(.text)
    OSQPend                                  0x080044e1   Thumb Code   272  os_q.o(.text)
    OSQPendAbort                             0x080045f1   Thumb Code   128  os_q.o(.text)
    OSQPost                                  0x08004671   Thumb Code   114  os_q.o(.text)
    OSQPostFront                             0x080046e3   Thumb Code   136  os_q.o(.text)
    OSQPostOpt                               0x0800476b   Thumb Code   182  os_q.o(.text)
    OSQQuery                                 0x08004821   Thumb Code    98  os_q.o(.text)
    OS_QInit                                 0x08004883   Thumb Code    72  os_q.o(.text)
    OSTaskChangePrio                         0x080048d5   Thumb Code   308  os_task.o(.text)
    OSTaskCreate                             0x08004a09   Thumb Code   148  os_task.o(.text)
    OS_TaskStkClr                            0x08004a9d   Thumb Code    26  os_task.o(.text)
    OSTaskCreateExt                          0x08004ab7   Thumb Code   170  os_task.o(.text)
    OSTaskDel                                0x08004b61   Thumb Code   294  os_task.o(.text)
    OSTaskDelReq                             0x08004c87   Thumb Code   144  os_task.o(.text)
    OSTaskNameGet                            0x08004d17   Thumb Code   114  os_task.o(.text)
    OSTaskNameSet                            0x08004d89   Thumb Code    98  os_task.o(.text)
    OSTaskResume                             0x08004deb   Thumb Code   154  os_task.o(.text)
    OSTaskStkChk                             0x08004e85   Thumb Code   132  os_task.o(.text)
    OSTaskSuspend                            0x08004f09   Thumb Code   152  os_task.o(.text)
    OSTaskQuery                              0x08004fa1   Thumb Code    82  os_task.o(.text)
    OSTaskRegGet                             0x08004ff3   Thumb Code    60  os_task.o(.text)
    OSTaskRegSet                             0x0800502f   Thumb Code    62  os_task.o(.text)
    OS_TaskReturn                            0x0800506d   Thumb Code    18  os_task.o(.text)
    OSTimeDly                                0x08005099   Thumb Code   100  os_time.o(.text)
    OSTimeDlyHMSM                            0x080050fd   Thumb Code    86  os_time.o(.text)
    OSTimeDlyResume                          0x08005153   Thumb Code   168  os_time.o(.text)
    OSTimeGet                                0x080051fb   Thumb Code    24  os_time.o(.text)
    OSTimeSet                                0x08005213   Thumb Code    24  os_time.o(.text)
    OSInitHookBegin                          0x08005249   Thumb Code     2  os_cpu_c.o(.text)
    OSInitHookEnd                            0x0800524b   Thumb Code     2  os_cpu_c.o(.text)
    OSTaskCreateHook                         0x0800524d   Thumb Code     2  os_cpu_c.o(.text)
    OSTaskDelHook                            0x0800524f   Thumb Code     2  os_cpu_c.o(.text)
    OSTaskIdleHook                           0x08005251   Thumb Code     2  os_cpu_c.o(.text)
    OSTaskStatHook                           0x08005253   Thumb Code     2  os_cpu_c.o(.text)
    OSTaskStkInit                            0x08005255   Thumb Code   154  os_cpu_c.o(.text)
    OSTaskSwHook                             0x080052ef   Thumb Code     2  os_cpu_c.o(.text)
    OSTCBInitHook                            0x080052f1   Thumb Code     2  os_cpu_c.o(.text)
    OSTimeTickHook                           0x080052f3   Thumb Code     2  os_cpu_c.o(.text)
    OSTaskReturnHook                         0x080052f5   Thumb Code     2  os_cpu_c.o(.text)
    OS_CPU_SR_Save                           0x080052f9   Thumb Code     0  os_cpu_a.o(.text)
    OS_CPU_SR_Restore                        0x08005301   Thumb Code     0  os_cpu_a.o(.text)
    OSStartHighRdy                           0x08005307   Thumb Code     0  os_cpu_a.o(.text)
    OSCtxSw                                  0x08005329   Thumb Code     0  os_cpu_a.o(.text)
    OSIntCtxSw                               0x08005337   Thumb Code     0  os_cpu_a.o(.text)
    PendSV_Handler                           0x08005347   Thumb Code     0  os_cpu_a.o(.text)
    __use_no_semihosting                     0x080053ad   Thumb Code     2  use_no_semi_2.o(.text)
    __2printf                                0x080053b1   Thumb Code    20  noretval__2printf.o(.text)
    _printf_pre_padding                      0x080053c9   Thumb Code    44  _printf_pad.o(.text)
    _printf_post_padding                     0x080053f5   Thumb Code    34  _printf_pad.o(.text)
    _printf_int_dec                          0x08005419   Thumb Code   104  _printf_dec.o(.text)
    __printf                                 0x08005491   Thumb Code   308  __printf_flags_wp.o(.text)
    __use_two_region_memory                  0x080055c9   Thumb Code     2  heapauxi.o(.text)
    __rt_heap_escrow$2region                 0x080055cb   Thumb Code     2  heapauxi.o(.text)
    __rt_heap_expand$2region                 0x080055cd   Thumb Code     2  heapauxi.o(.text)
    __I$use$semihosting                      0x080055cf   Thumb Code     0  use_no_semi.o(.text)
    __use_no_semihosting_swi                 0x080055cf   Thumb Code     2  use_no_semi.o(.text)
    _printf_int_common                       0x080055d1   Thumb Code   178  _printf_intcommon.o(.text)
    __lib_sel_fp_printf                      0x08005683   Thumb Code     2  _printf_fp_dec.o(.text)
    _printf_fp_dec_real                      0x08005831   Thumb Code   620  _printf_fp_dec.o(.text)
    _printf_char_file                        0x08005a9d   Thumb Code    32  _printf_char_file.o(.text)
    __rt_locale                              0x08005ac1   Thumb Code     8  rt_locale_intlibspace.o(.text)
    _ll_udiv10                               0x08005ac9   Thumb Code   138  lludiv10.o(.text)
    _printf_char_common                      0x08005b5f   Thumb Code    32  _printf_char_common.o(.text)
    _printf_fp_infnan                        0x08005b85   Thumb Code   112  _printf_fp_infnan.o(.text)
    _btod_etento                             0x08005c05   Thumb Code   216  bigflt0.o(.text)
    ferror                                   0x08005ce1   Thumb Code     8  ferror.o(.text)
    __user_libspace                          0x08005ce9   Thumb Code     8  libspace.o(.text)
    __user_perproc_libspace                  0x08005ce9   Thumb Code     0  libspace.o(.text)
    __user_perthread_libspace                0x08005ce9   Thumb Code     0  libspace.o(.text)
    __user_setup_stackheap                   0x08005cf1   Thumb Code    74  sys_stackheap_outer.o(.text)
    exit                                     0x08005d3b   Thumb Code    12  exit.o(.text)
    strcmp                                   0x08005d49   Thumb Code   128  strcmpv7m.o(.text)
    _btod_d2e                                0x08005dc9   Thumb Code    62  btod.o(CL$$btod_d2e)
    _d2e_denorm_low                          0x08005e07   Thumb Code    70  btod.o(CL$$btod_d2e_denorm_low)
    _d2e_norm_op1                            0x08005e4d   Thumb Code    96  btod.o(CL$$btod_d2e_norm_op1)
    __btod_div_common                        0x08005ead   Thumb Code   696  btod.o(CL$$btod_div_common)
    _e2e                                     0x080061e5   Thumb Code   198  btod.o(CL$$btod_e2e)
    _btod_ediv                               0x080062ab   Thumb Code    40  btod.o(CL$$btod_ediv)
    _btod_emul                               0x080062d3   Thumb Code    40  btod.o(CL$$btod_emul)
    __btod_mult_common                       0x080062fb   Thumb Code   580  btod.o(CL$$btod_mult_common)
    __ARM_fpclassify                         0x0800653f   Thumb Code    40  fpclassify.o(i.__ARM_fpclassify)
    _is_digit                                0x08006567   Thumb Code    14  __printf_wp.o(i._is_digit)
    _get_lc_numeric                          0x08006575   Thumb Code    44  lc_numeric_c.o(locale$$code)
    __aeabi_dadd                             0x080065a1   Thumb Code     0  daddsub_clz.o(x$fpl$dadd)
    _dadd                                    0x080065a1   Thumb Code   332  daddsub_clz.o(x$fpl$dadd)
    __fpl_dcmp_Inf                           0x080066f1   Thumb Code    24  dcmpi.o(x$fpl$dcmpinf)
    __aeabi_ddiv                             0x08006709   Thumb Code     0  ddiv.o(x$fpl$ddiv)
    _ddiv                                    0x08006709   Thumb Code   552  ddiv.o(x$fpl$ddiv)
    __aeabi_d2uiz                            0x080069b9   Thumb Code     0  dfixu.o(x$fpl$dfixu)
    _dfixu                                   0x080069b9   Thumb Code    90  dfixu.o(x$fpl$dfixu)
    __aeabi_i2d                              0x08006a13   Thumb Code     0  dflt_clz.o(x$fpl$dflt)
    _dflt                                    0x08006a13   Thumb Code    46  dflt_clz.o(x$fpl$dflt)
    __aeabi_ui2d                             0x08006a41   Thumb Code     0  dflt_clz.o(x$fpl$dfltu)
    _dfltu                                   0x08006a41   Thumb Code    38  dflt_clz.o(x$fpl$dfltu)
    __aeabi_cdcmple                          0x08006a69   Thumb Code     0  dleqf.o(x$fpl$dleqf)
    _dcmple                                  0x08006a69   Thumb Code   120  dleqf.o(x$fpl$dleqf)
    __fpl_dcmple_InfNaN                      0x08006acb   Thumb Code     0  dleqf.o(x$fpl$dleqf)
    __aeabi_dmul                             0x08006ae1   Thumb Code     0  dmul.o(x$fpl$dmul)
    _dmul                                    0x08006ae1   Thumb Code   332  dmul.o(x$fpl$dmul)
    __fpl_dnaninf                            0x08006c35   Thumb Code   156  dnaninf.o(x$fpl$dnaninf)
    __fpl_dretinf                            0x08006cd1   Thumb Code    12  dretinf.o(x$fpl$dretinf)
    __aeabi_cdrcmple                         0x08006cdd   Thumb Code     0  drleqf.o(x$fpl$drleqf)
    _drcmple                                 0x08006cdd   Thumb Code   108  drleqf.o(x$fpl$drleqf)
    __aeabi_drsub                            0x08006d49   Thumb Code     0  daddsub_clz.o(x$fpl$drsb)
    _drsb                                    0x08006d49   Thumb Code    22  daddsub_clz.o(x$fpl$drsb)
    __aeabi_dsub                             0x08006d61   Thumb Code     0  daddsub_clz.o(x$fpl$dsub)
    _dsub                                    0x08006d61   Thumb Code   464  daddsub_clz.o(x$fpl$dsub)
    _printf_fp_dec                           0x08006f35   Thumb Code     4  printf1.o(x$fpl$printf1)
    __I$use$fp                               0x08006f38   Number         0  usenofp.o(x$fpl$usenofp)
    config_register                          0x08006f38   Data          17  tdc_gpx2.o(.constdata)
    spiopc_power                             0x08006f49   Data           1  tdc_gpx2.o(.constdata)
    spiopc_init                              0x08006f4a   Data           1  tdc_gpx2.o(.constdata)
    spiopc_write_config                      0x08006f4b   Data           1  tdc_gpx2.o(.constdata)
    spiopc_read_config                       0x08006f4c   Data           1  tdc_gpx2.o(.constdata)
    spiopc_read_results                      0x08006f4d   Data           1  tdc_gpx2.o(.constdata)
    reference_index_ch1_byte3                0x08006f4e   Data           1  tdc_gpx2.o(.constdata)
    reference_index_ch1_byte2                0x08006f4f   Data           1  tdc_gpx2.o(.constdata)
    reference_index_ch1_byte1                0x08006f50   Data           1  tdc_gpx2.o(.constdata)
    stopresult_ch1_byte3                     0x08006f51   Data           1  tdc_gpx2.o(.constdata)
    stopresult_ch1_byte2                     0x08006f52   Data           1  tdc_gpx2.o(.constdata)
    stopresult_ch1_byte1                     0x08006f53   Data           1  tdc_gpx2.o(.constdata)
    reference_index_ch2_byte3                0x08006f54   Data           1  tdc_gpx2.o(.constdata)
    reference_index_ch2_byte2                0x08006f55   Data           1  tdc_gpx2.o(.constdata)
    reference_index_ch2_byte1                0x08006f56   Data           1  tdc_gpx2.o(.constdata)
    stopresult_ch2_byte3                     0x08006f57   Data           1  tdc_gpx2.o(.constdata)
    stopresult_ch2_byte2                     0x08006f58   Data           1  tdc_gpx2.o(.constdata)
    stopresult_ch2_byte1                     0x08006f59   Data           1  tdc_gpx2.o(.constdata)
    reference_index_ch3_byte3                0x08006f5a   Data           1  tdc_gpx2.o(.constdata)
    reference_index_ch3_byte2                0x08006f5b   Data           1  tdc_gpx2.o(.constdata)
    reference_index_ch3_byte1                0x08006f5c   Data           1  tdc_gpx2.o(.constdata)
    stopresult_ch3_byte3                     0x08006f5d   Data           1  tdc_gpx2.o(.constdata)
    stopresult_ch3_byte2                     0x08006f5e   Data           1  tdc_gpx2.o(.constdata)
    stopresult_ch3_byte1                     0x08006f5f   Data           1  tdc_gpx2.o(.constdata)
    reference_index_ch4_byte3                0x08006f60   Data           1  tdc_gpx2.o(.constdata)
    reference_index_ch4_byte2                0x08006f61   Data           1  tdc_gpx2.o(.constdata)
    reference_index_ch4_byte1                0x08006f62   Data           1  tdc_gpx2.o(.constdata)
    stopresult_ch4_byte3                     0x08006f63   Data           1  tdc_gpx2.o(.constdata)
    stopresult_ch4_byte2                     0x08006f64   Data           1  tdc_gpx2.o(.constdata)
    stopresult_ch4_byte1                     0x08006f65   Data           1  tdc_gpx2.o(.constdata)
    OSUnMapTbl                               0x08006f66   Data         256  os_core.o(.constdata)
    Region$$Table$$Base                      0x0800710c   Number         0  anon$$obj.o(Region$$Table)
    Region$$Table$$Limit                     0x0800712c   Number         0  anon$$obj.o(Region$$Table)
    q_msg                                    0x20000000   Data           4  main.o(.data)
    ans_ite                                  0x20000004   Data           1  main.o(.data)
    ans_cnt                                  0x20000005   Data           1  main.o(.data)
    AGC_EN                                   0x20000006   Data           1  main.o(.data)
    quantify                                 0x20000008   Data           2  main.o(.data)
    detect_val                               0x2000000c   Data           4  main.o(.data)
    outmode                                  0x20000010   Data           1  main.o(.data)
    SystemCoreClock                          0x20000028   Data           4  system_stm32f10x.o(.data)
    AHBPrescTable                            0x2000002c   Data          16  system_stm32f10x.o(.data)
    Buffer                                   0x2000003c   Data           1  tdc_gpx2.o(.data)
    i                                        0x2000003d   Data           1  tdc_gpx2.o(.data)
    config_error                             0x2000003e   Data           1  tdc_gpx2.o(.data)
    test_var                                 0x20000040   Data           4  laser.o(.data)
    ADC_ConvertedValue                       0x20000044   Data           2  agc.o(.data)
    __stdout                                 0x2000004c   Data           4  usart.o(.data)
    USART_RX_STA                             0x20000050   Data           2  usart.o(.data)
    OSCtxSwCtr                               0x20000068   Data           4  os_core.o(.data)
    OSEventFreeList                          0x2000006c   Data           4  os_core.o(.data)
    OSFlagFreeList                           0x20000070   Data           4  os_core.o(.data)
    OSCPUUsage                               0x20000074   Data           1  os_core.o(.data)
    OSIdleCtrMax                             0x20000078   Data           4  os_core.o(.data)
    OSIdleCtrRun                             0x2000007c   Data           4  os_core.o(.data)
    OSStatRdy                                0x20000080   Data           1  os_core.o(.data)
    OSIntNesting                             0x20000081   Data           1  os_core.o(.data)
    OSLockNesting                            0x20000082   Data           1  os_core.o(.data)
    OSPrioCur                                0x20000083   Data           1  os_core.o(.data)
    OSPrioHighRdy                            0x20000084   Data           1  os_core.o(.data)
    OSRdyGrp                                 0x20000085   Data           1  os_core.o(.data)
    OSRdyTbl                                 0x20000086   Data           8  os_core.o(.data)
    OSRunning                                0x2000008e   Data           1  os_core.o(.data)
    OSTaskCtr                                0x2000008f   Data           1  os_core.o(.data)
    OSIdleCtr                                0x20000090   Data           4  os_core.o(.data)
    OSTCBCur                                 0x20000094   Data           4  os_core.o(.data)
    OSTCBFreeList                            0x20000098   Data           4  os_core.o(.data)
    OSTCBHighRdy                             0x2000009c   Data           4  os_core.o(.data)
    OSTCBList                                0x200000a0   Data           4  os_core.o(.data)
    OSTickStepState                          0x200000a4   Data           1  os_core.o(.data)
    OSQFreeList                              0x200000a8   Data           4  os_core.o(.data)
    OSTime                                   0x200000ac   Data           4  os_core.o(.data)
    START_TASK_STAK                          0x200000b0   Data         256  main.o(.bss)
    MASTER_TASK_STAK                         0x200001b0   Data         512  main.o(.bss)
    GEN_TASK_STAK                            0x200003b0   Data        2048  main.o(.bss)
    HANDLE_TASK_STAK                         0x20000bb0   Data         512  main.o(.bss)
    AGC_TASK_STAK                            0x20000db0   Data         256  main.o(.bss)
    Qstart                                   0x20000eb0   Data        1024  main.o(.bss)
    ans_buf                                  0x200012b0   Data         160  main.o(.bss)
    USART_RX_BUF                             0x20001350   Data         200  usart.o(.bss)
    OSEventTbl                               0x20001418   Data         200  os_core.o(.bss)
    OSFlagTbl                                0x200014e0   Data          80  os_core.o(.bss)
    OSTaskStatStk                            0x20001530   Data         512  os_core.o(.bss)
    OSTaskIdleStk                            0x20001730   Data         512  os_core.o(.bss)
    OSTCBPrioTbl                             0x20001930   Data         256  os_core.o(.bss)
    OSTCBTbl                                 0x20001a30   Data        1008  os_core.o(.bss)
    OSQTbl                                   0x20001e20   Data         120  os_core.o(.bss)
    __libspace_start                         0x20001e98   Data          96  libspace.o(.bss)
    __temporary_stack_top$libspace           0x20001ef8   Data           0  libspace.o(.bss)
    mem2base                                 0x68000000   Data       983040  malloc.o(.ARM.__AT_0x68000000)
    mem2mapbase                              0x680f0000   Data       61440  malloc.o(.ARM.__AT_0x680F0000)



==============================================================================

Memory Map of the image

  Image Entry point : 0x08000131

  Load Region LR_IROM1 (Base: 0x08000000, Size: 0x000071f8, Max: 0x00010000, ABSOLUTE)

    Execution Region ER_IROM1 (Base: 0x08000000, Size: 0x00007148, Max: 0x00010000, ABSOLUTE)

    Base Addr    Size         Type   Attr      Idx    E Section Name        Object

    0x08000000   0x00000130   Data   RO          463    RESET               startup_stm32f10x_hd.o
    0x08000130   0x00000008   Code   RO          758  * !!!main             c_w.l(__main.o)
    0x08000138   0x00000034   Code   RO         1005    !!!scatter          c_w.l(__scatter.o)
    0x0800016c   0x0000001a   Code   RO         1007    !!handler_copy      c_w.l(__scatter_copy.o)
    0x08000186   0x00000002   PAD
    0x08000188   0x0000001c   Code   RO         1009    !!handler_zi        c_w.l(__scatter_zi.o)
    0x080001a4   0x00000000   Code   RO          755    .ARM.Collect$$_printf_percent$$00000000  c_w.l(_printf_percent.o)
    0x080001a4   0x00000006   Code   RO          754    .ARM.Collect$$_printf_percent$$00000003  c_w.l(_printf_f.o)
    0x080001aa   0x00000006   Code   RO          753    .ARM.Collect$$_printf_percent$$00000009  c_w.l(_printf_d.o)
    0x080001b0   0x00000004   Code   RO          797    .ARM.Collect$$_printf_percent$$00000017  c_w.l(_printf_percent_end.o)
    0x080001b4   0x00000002   Code   RO          883    .ARM.Collect$$libinit$$00000000  c_w.l(libinit.o)
    0x080001b6   0x00000000   Code   RO          885    .ARM.Collect$$libinit$$00000002  c_w.l(libinit2.o)
    0x080001b6   0x00000000   Code   RO          887    .ARM.Collect$$libinit$$00000004  c_w.l(libinit2.o)
    0x080001b6   0x00000000   Code   RO          890    .ARM.Collect$$libinit$$0000000A  c_w.l(libinit2.o)
    0x080001b6   0x00000000   Code   RO          892    .ARM.Collect$$libinit$$0000000C  c_w.l(libinit2.o)
    0x080001b6   0x00000000   Code   RO          894    .ARM.Collect$$libinit$$0000000E  c_w.l(libinit2.o)
    0x080001b6   0x00000006   Code   RO          895    .ARM.Collect$$libinit$$0000000F  c_w.l(libinit2.o)
    0x080001bc   0x00000000   Code   RO          897    .ARM.Collect$$libinit$$00000011  c_w.l(libinit2.o)
    0x080001bc   0x00000000   Code   RO          899    .ARM.Collect$$libinit$$00000013  c_w.l(libinit2.o)
    0x080001bc   0x00000000   Code   RO          901    .ARM.Collect$$libinit$$00000015  c_w.l(libinit2.o)
    0x080001bc   0x0000000a   Code   RO          902    .ARM.Collect$$libinit$$00000016  c_w.l(libinit2.o)
    0x080001c6   0x00000000   Code   RO          903    .ARM.Collect$$libinit$$00000017  c_w.l(libinit2.o)
    0x080001c6   0x00000000   Code   RO          905    .ARM.Collect$$libinit$$00000019  c_w.l(libinit2.o)
    0x080001c6   0x00000000   Code   RO          907    .ARM.Collect$$libinit$$0000001B  c_w.l(libinit2.o)
    0x080001c6   0x00000000   Code   RO          909    .ARM.Collect$$libinit$$0000001D  c_w.l(libinit2.o)
    0x080001c6   0x00000000   Code   RO          911    .ARM.Collect$$libinit$$0000001F  c_w.l(libinit2.o)
    0x080001c6   0x00000000   Code   RO          913    .ARM.Collect$$libinit$$00000021  c_w.l(libinit2.o)
    0x080001c6   0x00000000   Code   RO          915    .ARM.Collect$$libinit$$00000023  c_w.l(libinit2.o)
    0x080001c6   0x00000000   Code   RO          917    .ARM.Collect$$libinit$$00000025  c_w.l(libinit2.o)
    0x080001c6   0x00000000   Code   RO          921    .ARM.Collect$$libinit$$0000002C  c_w.l(libinit2.o)
    0x080001c6   0x00000000   Code   RO          923    .ARM.Collect$$libinit$$0000002E  c_w.l(libinit2.o)
    0x080001c6   0x00000000   Code   RO          925    .ARM.Collect$$libinit$$00000030  c_w.l(libinit2.o)
    0x080001c6   0x00000000   Code   RO          927    .ARM.Collect$$libinit$$00000032  c_w.l(libinit2.o)
    0x080001c6   0x00000002   Code   RO          928    .ARM.Collect$$libinit$$00000033  c_w.l(libinit2.o)
    0x080001c8   0x00000002   Code   RO          956    .ARM.Collect$$libshutdown$$00000000  c_w.l(libshutdown.o)
    0x080001ca   0x00000000   Code   RO          966    .ARM.Collect$$libshutdown$$00000003  c_w.l(libshutdown2.o)
    0x080001ca   0x00000000   Code   RO          969    .ARM.Collect$$libshutdown$$00000006  c_w.l(libshutdown2.o)
    0x080001ca   0x00000000   Code   RO          972    .ARM.Collect$$libshutdown$$00000009  c_w.l(libshutdown2.o)
    0x080001ca   0x00000000   Code   RO          974    .ARM.Collect$$libshutdown$$0000000B  c_w.l(libshutdown2.o)
    0x080001ca   0x00000000   Code   RO          977    .ARM.Collect$$libshutdown$$0000000E  c_w.l(libshutdown2.o)
    0x080001ca   0x00000002   Code   RO          978    .ARM.Collect$$libshutdown$$0000000F  c_w.l(libshutdown2.o)
    0x080001cc   0x00000000   Code   RO          790    .ARM.Collect$$rtentry$$00000000  c_w.l(__rtentry.o)
    0x080001cc   0x00000000   Code   RO          806    .ARM.Collect$$rtentry$$00000002  c_w.l(__rtentry2.o)
    0x080001cc   0x00000006   Code   RO          818    .ARM.Collect$$rtentry$$00000004  c_w.l(__rtentry4.o)
    0x080001d2   0x00000000   Code   RO          808    .ARM.Collect$$rtentry$$00000009  c_w.l(__rtentry2.o)
    0x080001d2   0x00000004   Code   RO          809    .ARM.Collect$$rtentry$$0000000A  c_w.l(__rtentry2.o)
    0x080001d6   0x00000000   Code   RO          811    .ARM.Collect$$rtentry$$0000000C  c_w.l(__rtentry2.o)
    0x080001d6   0x00000008   Code   RO          812    .ARM.Collect$$rtentry$$0000000D  c_w.l(__rtentry2.o)
    0x080001de   0x00000002   Code   RO          929    .ARM.Collect$$rtexit$$00000000  c_w.l(rtexit.o)
    0x080001e0   0x00000000   Code   RO          936    .ARM.Collect$$rtexit$$00000002  c_w.l(rtexit2.o)
    0x080001e0   0x00000004   Code   RO          937    .ARM.Collect$$rtexit$$00000003  c_w.l(rtexit2.o)
    0x080001e4   0x00000006   Code   RO          938    .ARM.Collect$$rtexit$$00000004  c_w.l(rtexit2.o)
    0x080001ea   0x00000002   PAD
    0x080001ec   0x00000e06   Code   RO            1    .text               main.o
    0x08000ff2   0x00000002   PAD
    0x08000ff4   0x00000030   Code   RO          170    .text               stm32f10x_it.o
    0x08001024   0x000001e0   Code   RO          219    .text               system_stm32f10x.o
    0x08001204   0x000000e0   Code   RO          252    .text               spi.o
    0x080012e4   0x00000290   Code   RO          264    .text               tdc_gpx2.o
    0x08001574   0x00000144   Code   RO          280    .text               laser.o
    0x080016b8   0x0000020c   Code   RO          342    .text               tpl0202.o
    0x080018c4   0x00000100   Code   RO          354    .text               tlv5636.o
    0x080019c4   0x00000138   Code   RO          366    .text               agc.o
    0x08001afc   0x00000078   Code   RO          384    .text               key.o
    0x08001b74   0x00000130   Code   RO          397    .text               delay.o
    0x08001ca4   0x00000154   Code   RO          428    .text               usart.o
    0x08001df8   0x00000040   Code   RO          464    .text               startup_stm32f10x_hd.o
    0x08001e38   0x000000dc   Code   RO          468    .text               misc.o
    0x08001f14   0x0000035c   Code   RO          480    .text               stm32f10x_gpio.o
    0x08002270   0x000003a4   Code   RO          492    .text               stm32f10x_rcc.o
    0x08002614   0x00000408   Code   RO          506    .text               stm32f10x_usart.o
    0x08002a1c   0x000000cc   Code   RO          530    .text               stm32f10x_pwr.o
    0x08002ae8   0x000000c4   Code   RO          542    .text               stm32f10x_bkp.o
    0x08002bac   0x0000044e   Code   RO          554    .text               stm32f10x_adc.o
    0x08002ffa   0x00000002   PAD
    0x08002ffc   0x00000254   Code   RO          566    .text               stm32f10x_dma.o
    0x08003250   0x00000890   Code   RO          578    .text               os_core.o
    0x08003ae0   0x0000080c   Code   RO          598    .text               os_flag.o
    0x080042ec   0x000005e8   Code   RO          640    .text               os_q.o
    0x080048d4   0x000007c4   Code   RO          664    .text               os_task.o
    0x08005098   0x000001b0   Code   RO          676    .text               os_time.o
    0x08005248   0x000000ae   Code   RO          694    .text               os_cpu_c.o
    0x080052f6   0x00000002   PAD
    0x080052f8   0x000000b4   Code   RO          716    .text               os_cpu_a.o
    0x080053ac   0x00000002   Code   RO          721    .text               c_w.l(use_no_semi_2.o)
    0x080053ae   0x00000002   PAD
    0x080053b0   0x00000018   Code   RO          725    .text               c_w.l(noretval__2printf.o)
    0x080053c8   0x0000004e   Code   RO          729    .text               c_w.l(_printf_pad.o)
    0x08005416   0x00000002   PAD
    0x08005418   0x00000078   Code   RO          731    .text               c_w.l(_printf_dec.o)
    0x08005490   0x00000138   Code   RO          745    .text               c_w.l(__printf_flags_wp.o)
    0x080055c8   0x00000006   Code   RO          756    .text               c_w.l(heapauxi.o)
    0x080055ce   0x00000002   Code   RO          788    .text               c_w.l(use_no_semi.o)
    0x080055d0   0x000000b2   Code   RO          791    .text               c_w.l(_printf_intcommon.o)
    0x08005682   0x0000041a   Code   RO          793    .text               c_w.l(_printf_fp_dec.o)
    0x08005a9c   0x00000024   Code   RO          795    .text               c_w.l(_printf_char_file.o)
    0x08005ac0   0x00000008   Code   RO          823    .text               c_w.l(rt_locale_intlibspace.o)
    0x08005ac8   0x0000008a   Code   RO          825    .text               c_w.l(lludiv10.o)
    0x08005b52   0x00000002   PAD
    0x08005b54   0x00000030   Code   RO          827    .text               c_w.l(_printf_char_common.o)
    0x08005b84   0x00000080   Code   RO          829    .text               c_w.l(_printf_fp_infnan.o)
    0x08005c04   0x000000dc   Code   RO          831    .text               c_w.l(bigflt0.o)
    0x08005ce0   0x00000008   Code   RO          856    .text               c_w.l(ferror.o)
    0x08005ce8   0x00000008   Code   RO          867    .text               c_w.l(libspace.o)
    0x08005cf0   0x0000004a   Code   RO          870    .text               c_w.l(sys_stackheap_outer.o)
    0x08005d3a   0x0000000c   Code   RO          874    .text               c_w.l(exit.o)
    0x08005d46   0x00000002   PAD
    0x08005d48   0x00000080   Code   RO          876    .text               c_w.l(strcmpv7m.o)
    0x08005dc8   0x0000003e   Code   RO          834    CL$$btod_d2e        c_w.l(btod.o)
    0x08005e06   0x00000046   Code   RO          836    CL$$btod_d2e_denorm_low  c_w.l(btod.o)
    0x08005e4c   0x00000060   Code   RO          835    CL$$btod_d2e_norm_op1  c_w.l(btod.o)
    0x08005eac   0x00000338   Code   RO          844    CL$$btod_div_common  c_w.l(btod.o)
    0x080061e4   0x000000c6   Code   RO          841    CL$$btod_e2e        c_w.l(btod.o)
    0x080062aa   0x00000028   Code   RO          838    CL$$btod_ediv       c_w.l(btod.o)
    0x080062d2   0x00000028   Code   RO          837    CL$$btod_emul       c_w.l(btod.o)
    0x080062fa   0x00000244   Code   RO          843    CL$$btod_mult_common  c_w.l(btod.o)
    0x0800653e   0x00000028   Code   RO          865    i.__ARM_fpclassify  m_ws.l(fpclassify.o)
    0x08006566   0x0000000e   Code   RO          743    i._is_digit         c_w.l(__printf_wp.o)
    0x08006574   0x0000002c   Code   RO          861    locale$$code        c_w.l(lc_numeric_c.o)
    0x080065a0   0x00000150   Code   RO          760    x$fpl$dadd          fz_ws.l(daddsub_clz.o)
    0x080066f0   0x00000018   Code   RO          798    x$fpl$dcmpinf       fz_ws.l(dcmpi.o)
    0x08006708   0x000002b0   Code   RO          767    x$fpl$ddiv          fz_ws.l(ddiv.o)
    0x080069b8   0x0000005a   Code   RO          770    x$fpl$dfixu         fz_ws.l(dfixu.o)
    0x08006a12   0x0000002e   Code   RO          775    x$fpl$dflt          fz_ws.l(dflt_clz.o)
    0x08006a40   0x00000026   Code   RO          774    x$fpl$dfltu         fz_ws.l(dflt_clz.o)
    0x08006a66   0x00000002   PAD
    0x08006a68   0x00000078   Code   RO          780    x$fpl$dleqf         fz_ws.l(dleqf.o)
    0x08006ae0   0x00000154   Code   RO          782    x$fpl$dmul          fz_ws.l(dmul.o)
    0x08006c34   0x0000009c   Code   RO          800    x$fpl$dnaninf       fz_ws.l(dnaninf.o)
    0x08006cd0   0x0000000c   Code   RO          802    x$fpl$dretinf       fz_ws.l(dretinf.o)
    0x08006cdc   0x0000006c   Code   RO          784    x$fpl$drleqf        fz_ws.l(drleqf.o)
    0x08006d48   0x00000016   Code   RO          761    x$fpl$drsb          fz_ws.l(daddsub_clz.o)
    0x08006d5e   0x00000002   PAD
    0x08006d60   0x000001d4   Code   RO          762    x$fpl$dsub          fz_ws.l(daddsub_clz.o)
    0x08006f34   0x00000004   Code   RO          786    x$fpl$printf1       fz_ws.l(printf1.o)
    0x08006f38   0x00000000   Code   RO          804    x$fpl$usenofp       fz_ws.l(usenofp.o)
    0x08006f38   0x0000002e   Data   RO          265    .constdata          tdc_gpx2.o
    0x08006f66   0x00000100   Data   RO          580    .constdata          os_core.o
    0x08007066   0x00000011   Data   RO          746    .constdata          c_w.l(__printf_flags_wp.o)
    0x08007077   0x00000001   PAD
    0x08007078   0x00000094   Data   RO          832    .constdata          c_w.l(bigflt0.o)
    0x0800710c   0x00000020   Data   RO         1003    Region$$Table       anon$$obj.o
    0x0800712c   0x0000001c   Data   RO          860    locale$$data        c_w.l(lc_numeric_c.o)


    Execution Region RW_IRAM1 (Base: 0x20000000, Size: 0x000024f8, Max: 0x00005000, ABSOLUTE)

    Base Addr    Size         Type   Attr      Idx    E Section Name        Object

    0x20000000   0x00000028   Data   RW            4    .data               main.o
    0x20000028   0x00000014   Data   RW          220    .data               system_stm32f10x.o
    0x2000003c   0x00000003   Data   RW          266    .data               tdc_gpx2.o
    0x2000003f   0x00000001   PAD
    0x20000040   0x00000004   Data   RW          281    .data               laser.o
    0x20000044   0x00000002   Data   RW          367    .data               agc.o
    0x20000046   0x00000001   Data   RW          385    .data               key.o
    0x20000047   0x00000001   PAD
    0x20000048   0x00000004   Data   RW          398    .data               delay.o
    0x2000004c   0x00000006   Data   RW          430    .data               usart.o
    0x20000052   0x00000014   Data   RW          493    .data               stm32f10x_rcc.o
    0x20000066   0x00000002   PAD
    0x20000068   0x00000048   Data   RW          581    .data               os_core.o
    0x200000b0   0x000012a0   Zero   RW            2    .bss                main.o
    0x20001350   0x000000c8   Zero   RW          429    .bss                usart.o
    0x20001418   0x00000a80   Zero   RW          579    .bss                os_core.o
    0x20001e98   0x00000060   Zero   RW          868    .bss                c_w.l(libspace.o)
    0x20001ef8   0x00000200   Zero   RW          462    HEAP                startup_stm32f10x_hd.o
    0x200020f8   0x00000400   Zero   RW          461    STACK               startup_stm32f10x_hd.o



  Load Region LR$$.ARM.__AT_0x68000000 (Base: 0x68000000, Size: 0x00000000, Max: 0x000f0000, ABSOLUTE)

    Execution Region ER$$.ARM.__AT_0x68000000 (Base: 0x68000000, Size: 0x000f0000, Max: 0x000f0000, ABSOLUTE, UNINIT)

    Base Addr    Size         Type   Attr      Idx    E Section Name        Object

    0x68000000   0x000f0000   Zero   RW          296    .ARM.__AT_0x68000000  malloc.o



  Load Region LR$$.ARM.__AT_0x680F0000 (Base: 0x680f0000, Size: 0x00000000, Max: 0x0000f000, ABSOLUTE)

    Execution Region ER$$.ARM.__AT_0x680F0000 (Base: 0x680f0000, Size: 0x0000f000, Max: 0x0000f000, ABSOLUTE, UNINIT)

    Base Addr    Size         Type   Attr      Idx    E Section Name        Object

    0x680f0000   0x0000f000   Zero   RW          297    .ARM.__AT_0x680F0000  malloc.o


==============================================================================

Image component sizes


      Code (inc. data)   RO Data    RW Data    ZI Data      Debug   Object Name

       312         22          0          2          0       1441   agc.o
       304         24          0          4          0       1737   delay.o
       120         10          0          1          0        740   key.o
       324         38          0          4          0       1460   laser.o
      3590        396          0         40       4768     269251   main.o
         0          0          0          0    1044480       1609   malloc.o
       220         22          0          0          0       1793   misc.o
      2192        218        256         72       2688      14811   os_core.o
       180         36          0          0          0        328   os_cpu_a.o
       174          0          0          0          0      10374   os_cpu_c.o
      2060         42          0          0          0       6780   os_flag.o
      1512         30          0          0          0       5505   os_q.o
      1988         70          0          0          0       7437   os_task.o
       432         30          0          0          0       1766   os_time.o
       224         12          0          0          0       1007   spi.o
        64         26        304          0       1536        796   startup_stm32f10x_hd.o
      1102         26          0          0          0      10825   stm32f10x_adc.o
       196          8          0          0          0       3456   stm32f10x_bkp.o
       596          8          0          0          0       4322   stm32f10x_dma.o
       860         38          0          0          0       5637   stm32f10x_gpio.o
        48         20          0          0          0       1055   stm32f10x_it.o
       204         14          0          0          0       1915   stm32f10x_pwr.o
       932         36          0         20          0       8804   stm32f10x_rcc.o
      1032         22          0          0          0       8364   stm32f10x_usart.o
         0          0          0          0          0         32   sys.o
       480         38          0         20          0       1731   system_stm32f10x.o
       656         28         46          3          0       3682   tdc_gpx2.o
       256         12          0          0          0       1204   tlv5636.o
       524         24          0          0          0       3239   tpl0202.o
       340         18          0          6        200       3158   usart.o

    ----------------------------------------------------------------------
     20928       1268        638        176    1053672     384259   Object Totals
         0          0         32          0          0          0   (incl. Generated)
         6          0          0          4          0          0   (incl. Padding)

    ----------------------------------------------------------------------

      Code (inc. data)   RO Data    RW Data    ZI Data      Debug   Library Member Name

         8          0          0          0          0         68   __main.o
       312          4         17          0          0         92   __printf_flags_wp.o
        14          0          0          0          0         68   __printf_wp.o
         0          0          0          0          0          0   __rtentry.o
        12          0          0          0          0          0   __rtentry2.o
         6          0          0          0          0          0   __rtentry4.o
        52          8          0          0          0          0   __scatter.o
        26          0          0          0          0          0   __scatter_copy.o
        28          0          0          0          0          0   __scatter_zi.o
        48          6          0          0          0         96   _printf_char_common.o
        36          4          0          0          0         80   _printf_char_file.o
         6          0          0          0          0          0   _printf_d.o
       120         16          0          0          0         92   _printf_dec.o
         6          0          0          0          0          0   _printf_f.o
      1050          0          0          0          0        216   _printf_fp_dec.o
       128         16          0          0          0         84   _printf_fp_infnan.o
       178          0          0          0          0         88   _printf_intcommon.o
        78          0          0          0          0        108   _printf_pad.o
         0          0          0          0          0          0   _printf_percent.o
         4          0          0          0          0          0   _printf_percent_end.o
       220          4        148          0          0         96   bigflt0.o
      1910        128          0          0          0        672   btod.o
        12          0          0          0          0         72   exit.o
         8          0          0          0          0         68   ferror.o
         6          0          0          0          0        152   heapauxi.o
        44         10         28          0          0         76   lc_numeric_c.o
         2          0          0          0          0          0   libinit.o
        18          0          0          0          0          0   libinit2.o
         2          0          0          0          0          0   libshutdown.o
         2          0          0          0          0          0   libshutdown2.o
         8          4          0          0         96         68   libspace.o
       138          0          0          0          0         80   lludiv10.o
        24          4          0          0          0         84   noretval__2printf.o
         8          4          0          0          0         68   rt_locale_intlibspace.o
         2          0          0          0          0          0   rtexit.o
        10          0          0          0          0          0   rtexit2.o
       128          0          0          0          0         68   strcmpv7m.o
        74          0          0          0          0         80   sys_stackheap_outer.o
         2          0          0          0          0         68   use_no_semi.o
         2          0          0          0          0         68   use_no_semi_2.o
       826         16          0          0          0        348   daddsub_clz.o
        24          0          0          0          0         68   dcmpi.o
       688        140          0          0          0        208   ddiv.o
        90          4          0          0          0         92   dfixu.o
        84          0          0          0          0        136   dflt_clz.o
       120          4          0          0          0         92   dleqf.o
       340         12          0          0          0        104   dmul.o
       156          4          0          0          0         92   dnaninf.o
        12          0          0          0          0         68   dretinf.o
       108          0          0          0          0         80   drleqf.o
         4          0          0          0          0         68   printf1.o
         0          0          0          0          0          0   usenofp.o
        40          0          0          0          0         68   fpclassify.o

    ----------------------------------------------------------------------
      7240        388        194          0         96       4136   Library Totals
        16          0          1          0          0          0   (incl. Padding)

    ----------------------------------------------------------------------

      Code (inc. data)   RO Data    RW Data    ZI Data      Debug   Library Name

      4732        208        193          0         96       2712   c_w.l
      2452        180          0          0          0       1356   fz_ws.l
        40          0          0          0          0         68   m_ws.l

    ----------------------------------------------------------------------
      7240        388        194          0         96       4136   Library Totals

    ----------------------------------------------------------------------

==============================================================================


      Code (inc. data)   RO Data    RW Data    ZI Data      Debug   

     28168       1656        832        176    1053768     383555   Grand Totals
     28168       1656        832        176    1053768     383555   ELF Image Totals
     28168       1656        832        176          0          0   ROM Totals

==============================================================================

    Total RO  Size (Code + RO Data)                29000 (  28.32kB)
    Total RW  Size (RW Data + ZI Data)           1053944 (1029.24kB)
    Total ROM Size (Code + RO Data + RW Data)      29176 (  28.49kB)

==============================================================================

